[INFO] device=cuda
[INFO] loading checkpoint: checkpoints/model_v2_augdiag_59_augprob08_p05_warm3/slip_cnn_v2_best.pth
[INFO] checkpoint metadata: epoch=32 best_metric=smoothed_balanced_acc=0.9654850746268657 input_mode=refdiff norm=instance architecture=stacked temporal_agg=meanmax
[INFO] loading eval dataset: data/raw_cnn_test/test_windows_final_plus_diag.csv
[INFO] eval samples=1439
[THRESHOLD] value=0.4500
Normal_Pred/eval_on_test.py:86: FutureWarning: You are using `torch.load` with `weights_only=False` (the current default value), which uses the default pickle module implicitly. It is possible to construct malicious pickle data which will execute arbitrary code during unpickling (See https://github.com/pytorch/pytorch/blob/main/SECURITY.md#untrusted-models for more details). In a future release, the default value for `weights_only` will be flipped to `True`. This limits the functions that could be executed during unpickling. Arbitrary objects will no longer be allowed to be loaded via this mode unless they are explicitly allowlisted by the user via `torch.serialization.add_safe_globals`. We recommend you start setting `weights_only=True` for any use case where you don't have full control of the loaded file. Please open an issue on GitHub for any issues related to this experimental feature.
  state = torch.load(args.checkpoint, map_location=DEVICE)
[FINAL-TEST] threshold=0.4500 acc=0.8742 balanced_acc=0.8744 f1=0.8780 precision=0.8477 recall=0.9105 specificity=0.8384 pred_pos=0.5337 tp=651 tn=607 fp=117 fn=64
  [val/behavior]
    rotational sliding: n=326 acc=0.8098 err=62 tp=264 tn=0 fp=0 fn=62 pred_pos=0.8098
    constant-force pressing: n=262 acc=0.8244 err=46 tp=0 tn=216 fp=46 fn=0 pred_pos=0.1756
    continuous variable-force pressing: n=264 acc=0.8598 err=37 tp=0 tn=227 fp=37 fn=0 pred_pos=0.1402
    diagonal constant-force pressing: n=132 acc=0.7500 err=33 tp=0 tn=99 fp=33 fn=0 pred_pos=0.2500
    diagonal changing-force pressing: n=66 acc=0.9848 err=1 tp=0 tn=65 fp=1 fn=0 pred_pos=0.0152
    diagonal rotational sliding: n=66 acc=0.9848 err=1 tp=65 tn=0 fp=0 fn=1 pred_pos=0.9848
    diagonal translational sliding: n=64 acc=0.9844 err=1 tp=63 tn=0 fp=0 fn=1 pred_pos=0.9844
    translational sliding: n=259 acc=1.0000 err=0 tp=259 tn=0 fp=0 fn=0 pred_pos=1.0000
  [val/motion_type]
    non-slip: n=724 acc=0.8384 err=117 tp=0 tn=607 fp=117 fn=0 pred_pos=0.1616
    rotation: n=392 acc=0.8393 err=63 tp=329 tn=0 fp=0 fn=63 pred_pos=0.8393
    translation: n=323 acc=0.9969 err=1 tp=322 tn=0 fp=0 fn=1 pred_pos=0.9969
  [val/session]
    session_017: n=65 acc=0.3692 err=41 tp=24 tn=0 fp=33 fn=8 pred_pos=0.8769
    session_015: n=65 acc=0.6154 err=25 tp=10 tn=30 fp=3 fn=22 pred_pos=0.2000
    session_010: n=64 acc=0.6875 err=20 tp=32 tn=12 fp=20 fn=0 pred_pos=0.8125
    session_002: n=65 acc=0.7077 err=19 tp=15 tn=31 fp=2 fn=17 pred_pos=0.2615
    session_001: n=66 acc=0.7576 err=16 tp=27 tn=23 fp=10 fn=6 pred_pos=0.5606
    session_013: n=66 acc=0.7879 err=14 tp=33 tn=19 fp=14 fn=0 pred_pos=0.7121
    session_011: n=66 acc=0.8636 err=9 tp=33 tn=24 fp=9 fn=0 pred_pos=0.6364
    session_018: n=65 acc=0.8769 err=8 tp=24 tn=33 fp=0 fn=8 pred_pos=0.3692
    session_016: n=66 acc=0.9091 err=6 tp=32 tn=28 fp=5 fn=1 pred_pos=0.5606
    session_014: n=65 acc=0.9077 err=6 tp=32 tn=27 fp=6 fn=0 pred_pos=0.5846
    session_006: n=66 acc=0.9242 err=5 tp=33 tn=28 fp=5 fn=0 pred_pos=0.5758
    session_009: n=63 acc=0.9365 err=4 tp=31 tn=28 fp=4 fn=0 pred_pos=0.5556
    session_012: n=66 acc=0.9697 err=2 tp=33 tn=31 fp=2 fn=0 pred_pos=0.5303
    session_063: n=66 acc=0.9697 err=2 tp=32 tn=32 fp=1 fn=1 pred_pos=0.5000
    session_004: n=66 acc=0.9848 err=1 tp=33 tn=32 fp=1 fn=0 pred_pos=0.5152
    session_005: n=66 acc=0.9848 err=1 tp=33 tn=32 fp=1 fn=0 pred_pos=0.5152
    session_007: n=65 acc=0.9846 err=1 tp=32 tn=32 fp=1 fn=0 pred_pos=0.5077
    session_065: n=65 acc=0.9846 err=1 tp=31 tn=33 fp=0 fn=1 pred_pos=0.4769
    session_003: n=66 acc=1.0000 err=0 tp=33 tn=33 fp=0 fn=0 pred_pos=0.5000
    session_008: n=66 acc=1.0000 err=0 tp=33 tn=33 fp=0 fn=0 pred_pos=0.5000
    session_062: n=66 acc=1.0000 err=0 tp=33 tn=33 fp=0 fn=0 pred_pos=0.5000
    session_064: n=65 acc=1.0000 err=0 tp=32 tn=33 fp=0 fn=0 pred_pos=0.4923
  [val/material]
    plastic: n=654 acc=0.8425 err=103 tp=283 tn=268 fp=62 fn=41 pred_pos=0.5275
    A4 paper: n=258 acc=0.7713 err=59 tp=105 tn=94 fp=36 fn=23 pred_pos=0.5465
    USB cable: n=263 acc=0.9544 err=12 tp=131 tn=120 fp=12 fn=0 pred_pos=0.5437
    soft foam earplug: n=264 acc=0.9735 err=7 tp=132 tn=125 fp=7 fn=0 pred_pos=0.5265
[THRESHOLD] value=0.5000
[FINAL-TEST] threshold=0.5000 acc=0.8777 balanced_acc=0.8779 f1=0.8804 precision=0.8560 recall=0.9063 specificity=0.8494 pred_pos=0.5261 tp=648 tn=615 fp=109 fn=67
  [val/behavior]
    rotational sliding: n=326 acc=0.8037 err=64 tp=262 tn=0 fp=0 fn=64 pred_pos=0.8037
    constant-force pressing: n=262 acc=0.8397 err=42 tp=0 tn=220 fp=42 fn=0 pred_pos=0.1603
    continuous variable-force pressing: n=264 acc=0.8750 err=33 tp=0 tn=231 fp=33 fn=0 pred_pos=0.1250
    diagonal constant-force pressing: n=132 acc=0.7500 err=33 tp=0 tn=99 fp=33 fn=0 pred_pos=0.2500
    diagonal rotational sliding: n=66 acc=0.9697 err=2 tp=64 tn=0 fp=0 fn=2 pred_pos=0.9697
    diagonal changing-force pressing: n=66 acc=0.9848 err=1 tp=0 tn=65 fp=1 fn=0 pred_pos=0.0152
    diagonal translational sliding: n=64 acc=0.9844 err=1 tp=63 tn=0 fp=0 fn=1 pred_pos=0.9844
    translational sliding: n=259 acc=1.0000 err=0 tp=259 tn=0 fp=0 fn=0 pred_pos=1.0000
  [val/motion_type]
    non-slip: n=724 acc=0.8494 err=109 tp=0 tn=615 fp=109 fn=0 pred_pos=0.1506
    rotation: n=392 acc=0.8316 err=66 tp=326 tn=0 fp=0 fn=66 pred_pos=0.8316
    translation: n=323 acc=0.9969 err=1 tp=322 tn=0 fp=0 fn=1 pred_pos=0.9969
  [val/session]
    session_017: n=65 acc=0.3538 err=42 tp=23 tn=0 fp=33 fn=9 pred_pos=0.8615
    session_015: n=65 acc=0.6154 err=25 tp=9 tn=31 fp=2 fn=23 pred_pos=0.1692
    session_002: n=65 acc=0.7077 err=19 tp=15 tn=31 fp=2 fn=17 pred_pos=0.2615
    session_010: n=64 acc=0.7031 err=19 tp=32 tn=13 fp=19 fn=0 pred_pos=0.7969
    session_001: n=66 acc=0.7727 err=15 tp=27 tn=24 fp=9 fn=6 pred_pos=0.5455
    session_013: n=66 acc=0.8333 err=11 tp=33 tn=22 fp=11 fn=0 pred_pos=0.6667
    session_011: n=66 acc=0.8788 err=8 tp=33 tn=25 fp=8 fn=0 pred_pos=0.6212
    session_018: n=65 acc=0.8769 err=8 tp=24 tn=33 fp=0 fn=8 pred_pos=0.3692
    session_016: n=66 acc=0.9091 err=6 tp=32 tn=28 fp=5 fn=1 pred_pos=0.5606
    session_014: n=65 acc=0.9077 err=6 tp=32 tn=27 fp=6 fn=0 pred_pos=0.5846
    session_006: n=66 acc=0.9394 err=4 tp=33 tn=29 fp=4 fn=0 pred_pos=0.5606
    session_009: n=63 acc=0.9365 err=4 tp=31 tn=28 fp=4 fn=0 pred_pos=0.5556
    session_012: n=66 acc=0.9697 err=2 tp=33 tn=31 fp=2 fn=0 pred_pos=0.5303
    session_063: n=66 acc=0.9697 err=2 tp=32 tn=32 fp=1 fn=1 pred_pos=0.5000
    session_004: n=66 acc=0.9848 err=1 tp=33 tn=32 fp=1 fn=0 pred_pos=0.5152
    session_005: n=66 acc=0.9848 err=1 tp=33 tn=32 fp=1 fn=0 pred_pos=0.5152
    session_062: n=66 acc=0.9848 err=1 tp=32 tn=33 fp=0 fn=1 pred_pos=0.4848
    session_007: n=65 acc=0.9846 err=1 tp=32 tn=32 fp=1 fn=0 pred_pos=0.5077
    session_065: n=65 acc=0.9846 err=1 tp=31 tn=33 fp=0 fn=1 pred_pos=0.4769
    session_003: n=66 acc=1.0000 err=0 tp=33 tn=33 fp=0 fn=0 pred_pos=0.5000
    session_008: n=66 acc=1.0000 err=0 tp=33 tn=33 fp=0 fn=0 pred_pos=0.5000
    session_064: n=65 acc=1.0000 err=0 tp=32 tn=33 fp=0 fn=0 pred_pos=0.4923
  [val/material]
    plastic: n=654 acc=0.8440 err=102 tp=280 tn=272 fp=58 fn=44 pred_pos=0.5168
    A4 paper: n=258 acc=0.7791 err=57 tp=105 tn=96 fp=34 fn=23 pred_pos=0.5388
    USB cable: n=263 acc=0.9582 err=11 tp=131 tn=121 fp=11 fn=0 pred_pos=0.5399
    soft foam earplug: n=264 acc=0.9773 err=6 tp=132 tn=126 fp=6 fn=0 pred_pos=0.5227
[THRESHOLD] value=0.5500
[FINAL-TEST] threshold=0.5500 acc=0.8819 balanced_acc=0.8820 f1=0.8834 precision=0.8668 recall=0.9007 specificity=0.8633 pred_pos=0.5163 tp=644 tn=625 fp=99 fn=71
  [val/behavior]
    rotational sliding: n=326 acc=0.7975 err=66 tp=260 tn=0 fp=0 fn=66 pred_pos=0.7975
    constant-force pressing: n=262 acc=0.8550 err=38 tp=0 tn=224 fp=38 fn=0 pred_pos=0.1450
    diagonal constant-force pressing: n=132 acc=0.7500 err=33 tp=0 tn=99 fp=33 fn=0 pred_pos=0.2500
    continuous variable-force pressing: n=264 acc=0.8977 err=27 tp=0 tn=237 fp=27 fn=0 pred_pos=0.1023
    diagonal rotational sliding: n=66 acc=0.9545 err=3 tp=63 tn=0 fp=0 fn=3 pred_pos=0.9545
    diagonal translational sliding: n=64 acc=0.9688 err=2 tp=62 tn=0 fp=0 fn=2 pred_pos=0.9688
    diagonal changing-force pressing: n=66 acc=0.9848 err=1 tp=0 tn=65 fp=1 fn=0 pred_pos=0.0152
    translational sliding: n=259 acc=1.0000 err=0 tp=259 tn=0 fp=0 fn=0 pred_pos=1.0000
  [val/motion_type]
    non-slip: n=724 acc=0.8633 err=99 tp=0 tn=625 fp=99 fn=0 pred_pos=0.1367
    rotation: n=392 acc=0.8240 err=69 tp=323 tn=0 fp=0 fn=69 pred_pos=0.8240
    translation: n=323 acc=0.9938 err=2 tp=321 tn=0 fp=0 fn=2 pred_pos=0.9938
  [val/session]
    session_017: n=65 acc=0.3385 err=43 tp=22 tn=0 fp=33 fn=10 pred_pos=0.8462
    session_015: n=65 acc=0.6462 err=23 tp=9 tn=33 fp=0 fn=23 pred_pos=0.1385
    session_002: n=65 acc=0.7077 err=19 tp=15 tn=31 fp=2 fn=17 pred_pos=0.2615
    session_010: n=64 acc=0.7031 err=19 tp=32 tn=13 fp=19 fn=0 pred_pos=0.7969
    session_001: n=66 acc=0.7727 err=15 tp=26 tn=25 fp=8 fn=7 pred_pos=0.5152
    session_013: n=66 acc=0.8636 err=9 tp=33 tn=24 fp=9 fn=0 pred_pos=0.6364
    session_018: n=65 acc=0.8769 err=8 tp=24 tn=33 fp=0 fn=8 pred_pos=0.3692
    session_011: n=66 acc=0.9091 err=6 tp=33 tn=27 fp=6 fn=0 pred_pos=0.5909
    session_016: n=66 acc=0.9091 err=6 tp=32 tn=28 fp=5 fn=1 pred_pos=0.5606
    session_006: n=66 acc=0.9394 err=4 tp=33 tn=29 fp=4 fn=0 pred_pos=0.5606
    session_014: n=65 acc=0.9385 err=4 tp=32 tn=29 fp=4 fn=0 pred_pos=0.5538
    session_009: n=63 acc=0.9365 err=4 tp=31 tn=28 fp=4 fn=0 pred_pos=0.5556
    session_012: n=66 acc=0.9697 err=2 tp=33 tn=31 fp=2 fn=0 pred_pos=0.5303
    session_062: n=66 acc=0.9697 err=2 tp=31 tn=33 fp=0 fn=2 pred_pos=0.4697
    session_063: n=66 acc=0.9697 err=2 tp=32 tn=32 fp=1 fn=1 pred_pos=0.5000
    session_004: n=66 acc=0.9848 err=1 tp=33 tn=32 fp=1 fn=0 pred_pos=0.5152
    session_007: n=65 acc=0.9846 err=1 tp=32 tn=32 fp=1 fn=0 pred_pos=0.5077
    session_064: n=65 acc=0.9846 err=1 tp=31 tn=33 fp=0 fn=1 pred_pos=0.4769
    session_065: n=65 acc=0.9846 err=1 tp=31 tn=33 fp=0 fn=1 pred_pos=0.4769
    session_003: n=66 acc=1.0000 err=0 tp=33 tn=33 fp=0 fn=0 pred_pos=0.5000
    session_005: n=66 acc=1.0000 err=0 tp=33 tn=33 fp=0 fn=0 pred_pos=0.5000
    session_008: n=66 acc=1.0000 err=0 tp=33 tn=33 fp=0 fn=0 pred_pos=0.5000
  [val/material]
    plastic: n=654 acc=0.8486 err=99 tp=277 tn=278 fp=52 fn=47 pred_pos=0.5031
    A4 paper: n=258 acc=0.7791 err=57 tp=104 tn=97 fp=33 fn=24 pred_pos=0.5310
    USB cable: n=263 acc=0.9658 err=9 tp=131 tn=123 fp=9 fn=0 pred_pos=0.5323
    soft foam earplug: n=264 acc=0.9811 err=5 tp=132 tn=127 fp=5 fn=0 pred_pos=0.5189
[THRESHOLD] value=0.6000
[FINAL-TEST] threshold=0.6000 acc=0.8791 balanced_acc=0.8792 f1=0.8800 precision=0.8680 recall=0.8923 specificity=0.8660 pred_pos=0.5108 tp=638 tn=627 fp=97 fn=77
  [val/behavior]
    rotational sliding: n=326 acc=0.7883 err=69 tp=257 tn=0 fp=0 fn=69 pred_pos=0.7883
    constant-force pressing: n=262 acc=0.8626 err=36 tp=0 tn=226 fp=36 fn=0 pred_pos=0.1374
    diagonal constant-force pressing: n=132 acc=0.7500 err=33 tp=0 tn=99 fp=33 fn=0 pred_pos=0.2500
    continuous variable-force pressing: n=264 acc=0.8977 err=27 tp=0 tn=237 fp=27 fn=0 pred_pos=0.1023
    diagonal rotational sliding: n=66 acc=0.9091 err=6 tp=60 tn=0 fp=0 fn=6 pred_pos=0.9091
    diagonal translational sliding: n=64 acc=0.9688 err=2 tp=62 tn=0 fp=0 fn=2 pred_pos=0.9688
    diagonal changing-force pressing: n=66 acc=0.9848 err=1 tp=0 tn=65 fp=1 fn=0 pred_pos=0.0152
    translational sliding: n=259 acc=1.0000 err=0 tp=259 tn=0 fp=0 fn=0 pred_pos=1.0000
  [val/motion_type]
    non-slip: n=724 acc=0.8660 err=97 tp=0 tn=627 fp=97 fn=0 pred_pos=0.1340
    rotation: n=392 acc=0.8087 err=75 tp=317 tn=0 fp=0 fn=75 pred_pos=0.8087
    translation: n=323 acc=0.9938 err=2 tp=321 tn=0 fp=0 fn=2 pred_pos=0.9938
  [val/session]
    session_017: n=65 acc=0.3231 err=44 tp=21 tn=0 fp=33 fn=11 pred_pos=0.8308
    session_015: n=65 acc=0.6462 err=23 tp=9 tn=33 fp=0 fn=23 pred_pos=0.1385
    session_002: n=65 acc=0.6923 err=20 tp=14 tn=31 fp=2 fn=18 pred_pos=0.2462
    session_010: n=64 acc=0.7188 err=18 tp=32 tn=14 fp=18 fn=0 pred_pos=0.7812
    session_001: n=66 acc=0.7727 err=15 tp=26 tn=25 fp=8 fn=7 pred_pos=0.5152
    session_013: n=66 acc=0.8636 err=9 tp=33 tn=24 fp=9 fn=0 pred_pos=0.6364
    session_018: n=65 acc=0.8615 err=9 tp=23 tn=33 fp=0 fn=9 pred_pos=0.3538
    session_011: n=66 acc=0.9091 err=6 tp=33 tn=27 fp=6 fn=0 pred_pos=0.5909
    session_016: n=66 acc=0.9091 err=6 tp=32 tn=28 fp=5 fn=1 pred_pos=0.5606
    session_062: n=66 acc=0.9242 err=5 tp=28 tn=33 fp=0 fn=5 pred_pos=0.4242
    session_006: n=66 acc=0.9394 err=4 tp=33 tn=29 fp=4 fn=0 pred_pos=0.5606
    session_009: n=63 acc=0.9365 err=4 tp=31 tn=28 fp=4 fn=0 pred_pos=0.5556
    session_014: n=65 acc=0.9538 err=3 tp=32 tn=30 fp=3 fn=0 pred_pos=0.5385
    session_012: n=66 acc=0.9697 err=2 tp=33 tn=31 fp=2 fn=0 pred_pos=0.5303
    session_063: n=66 acc=0.9697 err=2 tp=32 tn=32 fp=1 fn=1 pred_pos=0.5000
    session_004: n=66 acc=0.9848 err=1 tp=33 tn=32 fp=1 fn=0 pred_pos=0.5152
    session_007: n=65 acc=0.9846 err=1 tp=32 tn=32 fp=1 fn=0 pred_pos=0.5077
    session_064: n=65 acc=0.9846 err=1 tp=31 tn=33 fp=0 fn=1 pred_pos=0.4769
    session_065: n=65 acc=0.9846 err=1 tp=31 tn=33 fp=0 fn=1 pred_pos=0.4769
    session_003: n=66 acc=1.0000 err=0 tp=33 tn=33 fp=0 fn=0 pred_pos=0.5000
    session_005: n=66 acc=1.0000 err=0 tp=33 tn=33 fp=0 fn=0 pred_pos=0.5000
    session_008: n=66 acc=1.0000 err=0 tp=33 tn=33 fp=0 fn=0 pred_pos=0.5000
  [val/material]
    plastic: n=654 acc=0.8425 err=103 tp=272 tn=279 fp=51 fn=52 pred_pos=0.4939
    A4 paper: n=258 acc=0.7791 err=57 tp=103 tn=98 fp=32 fn=25 pred_pos=0.5233
    USB cable: n=263 acc=0.9658 err=9 tp=131 tn=123 fp=9 fn=0 pred_pos=0.5323
    soft foam earplug: n=264 acc=0.9811 err=5 tp=132 tn=127 fp=5 fn=0 pred_pos=0.5189
[THRESHOLD] value=0.6500
[FINAL-TEST] threshold=0.6500 acc=0.8791 balanced_acc=0.8791 f1=0.8793 precision=0.8721 recall=0.8867 specificity=0.8715 pred_pos=0.5052 tp=634 tn=631 fp=93 fn=81
  [val/behavior]
    rotational sliding: n=326 acc=0.7761 err=73 tp=253 tn=0 fp=0 fn=73 pred_pos=0.7761
    diagonal constant-force pressing: n=132 acc=0.7500 err=33 tp=0 tn=99 fp=33 fn=0 pred_pos=0.2500
    constant-force pressing: n=262 acc=0.8779 err=32 tp=0 tn=230 fp=32 fn=0 pred_pos=0.1221
    continuous variable-force pressing: n=264 acc=0.8977 err=27 tp=0 tn=237 fp=27 fn=0 pred_pos=0.1023
    diagonal rotational sliding: n=66 acc=0.9091 err=6 tp=60 tn=0 fp=0 fn=6 pred_pos=0.9091
    diagonal translational sliding: n=64 acc=0.9688 err=2 tp=62 tn=0 fp=0 fn=2 pred_pos=0.9688
    diagonal changing-force pressing: n=66 acc=0.9848 err=1 tp=0 tn=65 fp=1 fn=0 pred_pos=0.0152
    translational sliding: n=259 acc=1.0000 err=0 tp=259 tn=0 fp=0 fn=0 pred_pos=1.0000
  [val/motion_type]
    non-slip: n=724 acc=0.8715 err=93 tp=0 tn=631 fp=93 fn=0 pred_pos=0.1285
    rotation: n=392 acc=0.7985 err=79 tp=313 tn=0 fp=0 fn=79 pred_pos=0.7985
    translation: n=323 acc=0.9938 err=2 tp=321 tn=0 fp=0 fn=2 pred_pos=0.9938
  [val/session]
    session_017: n=65 acc=0.3231 err=44 tp=21 tn=0 fp=33 fn=11 pred_pos=0.8308
    session_015: n=65 acc=0.6462 err=23 tp=9 tn=33 fp=0 fn=23 pred_pos=0.1385
    session_002: n=65 acc=0.6769 err=21 tp=13 tn=31 fp=2 fn=19 pred_pos=0.2308
    session_001: n=66 acc=0.7424 err=17 tp=24 tn=25 fp=8 fn=9 pred_pos=0.4848
    session_010: n=64 acc=0.7812 err=14 tp=32 tn=18 fp=14 fn=0 pred_pos=0.7188
    session_018: n=65 acc=0.8462 err=10 tp=22 tn=33 fp=0 fn=10 pred_pos=0.3385
    session_013: n=66 acc=0.8636 err=9 tp=33 tn=24 fp=9 fn=0 pred_pos=0.6364
    session_011: n=66 acc=0.9091 err=6 tp=33 tn=27 fp=6 fn=0 pred_pos=0.5909
    session_016: n=66 acc=0.9091 err=6 tp=32 tn=28 fp=5 fn=1 pred_pos=0.5606
    session_062: n=66 acc=0.9242 err=5 tp=28 tn=33 fp=0 fn=5 pred_pos=0.4242
    session_006: n=66 acc=0.9394 err=4 tp=33 tn=29 fp=4 fn=0 pred_pos=0.5606
    session_009: n=63 acc=0.9365 err=4 tp=31 tn=28 fp=4 fn=0 pred_pos=0.5556
    session_014: n=65 acc=0.9538 err=3 tp=32 tn=30 fp=3 fn=0 pred_pos=0.5385
    session_012: n=66 acc=0.9697 err=2 tp=33 tn=31 fp=2 fn=0 pred_pos=0.5303
    session_063: n=66 acc=0.9697 err=2 tp=32 tn=32 fp=1 fn=1 pred_pos=0.5000
    session_004: n=66 acc=0.9848 err=1 tp=33 tn=32 fp=1 fn=0 pred_pos=0.5152
    session_007: n=65 acc=0.9846 err=1 tp=32 tn=32 fp=1 fn=0 pred_pos=0.5077
    session_064: n=65 acc=0.9846 err=1 tp=31 tn=33 fp=0 fn=1 pred_pos=0.4769
    session_065: n=65 acc=0.9846 err=1 tp=31 tn=33 fp=0 fn=1 pred_pos=0.4769
    session_003: n=66 acc=1.0000 err=0 tp=33 tn=33 fp=0 fn=0 pred_pos=0.5000
    session_005: n=66 acc=1.0000 err=0 tp=33 tn=33 fp=0 fn=0 pred_pos=0.5000
    session_008: n=66 acc=1.0000 err=0 tp=33 tn=33 fp=0 fn=0 pred_pos=0.5000
  [val/material]
    plastic: n=654 acc=0.8410 err=104 tp=271 tn=279 fp=51 fn=53 pred_pos=0.4924
    A4 paper: n=258 acc=0.7829 err=56 tp=100 tn=102 fp=28 fn=28 pred_pos=0.4961
    USB cable: n=263 acc=0.9658 err=9 tp=131 tn=123 fp=9 fn=0 pred_pos=0.5323
    soft foam earplug: n=264 acc=0.9811 err=5 tp=132 tn=127 fp=5 fn=0 pred_pos=0.5189
[THRESHOLD] value=0.7000
[FINAL-TEST] threshold=0.7000 acc=0.8833 balanced_acc=0.8832 f1=0.8824 precision=0.8836 recall=0.8811 specificity=0.8854 pred_pos=0.4955 tp=630 tn=641 fp=83 fn=85
  [val/behavior]
    rotational sliding: n=326 acc=0.7669 err=76 tp=250 tn=0 fp=0 fn=76 pred_pos=0.7669
    diagonal constant-force pressing: n=132 acc=0.7500 err=33 tp=0 tn=99 fp=33 fn=0 pred_pos=0.2500
    constant-force pressing: n=262 acc=0.8931 err=28 tp=0 tn=234 fp=28 fn=0 pred_pos=0.1069
    continuous variable-force pressing: n=264 acc=0.9205 err=21 tp=0 tn=243 fp=21 fn=0 pred_pos=0.0795
    diagonal rotational sliding: n=66 acc=0.9091 err=6 tp=60 tn=0 fp=0 fn=6 pred_pos=0.9091
    diagonal translational sliding: n=64 acc=0.9531 err=3 tp=61 tn=0 fp=0 fn=3 pred_pos=0.9531
    diagonal changing-force pressing: n=66 acc=0.9848 err=1 tp=0 tn=65 fp=1 fn=0 pred_pos=0.0152
    translational sliding: n=259 acc=1.0000 err=0 tp=259 tn=0 fp=0 fn=0 pred_pos=1.0000
  [val/motion_type]
    non-slip: n=724 acc=0.8854 err=83 tp=0 tn=641 fp=83 fn=0 pred_pos=0.1146
    rotation: n=392 acc=0.7908 err=82 tp=310 tn=0 fp=0 fn=82 pred_pos=0.7908
    translation: n=323 acc=0.9907 err=3 tp=320 tn=0 fp=0 fn=3 pred_pos=0.9907
  [val/session]
    session_017: n=65 acc=0.3231 err=44 tp=21 tn=0 fp=33 fn=11 pred_pos=0.8308
    session_015: n=65 acc=0.6462 err=23 tp=9 tn=33 fp=0 fn=23 pred_pos=0.1385
    session_002: n=65 acc=0.6615 err=22 tp=11 tn=32 fp=1 fn=21 pred_pos=0.1846
    session_001: n=66 acc=0.7576 err=16 tp=24 tn=26 fp=7 fn=9 pred_pos=0.4697
    session_010: n=64 acc=0.8125 err=12 tp=32 tn=20 fp=12 fn=0 pred_pos=0.6875
    session_018: n=65 acc=0.8462 err=10 tp=22 tn=33 fp=0 fn=10 pred_pos=0.3385
    session_013: n=66 acc=0.8788 err=8 tp=33 tn=25 fp=8 fn=0 pred_pos=0.6212
    session_016: n=66 acc=0.9091 err=6 tp=31 tn=29 fp=4 fn=2 pred_pos=0.5303
    session_062: n=66 acc=0.9242 err=5 tp=28 tn=33 fp=0 fn=5 pred_pos=0.4242
    session_011: n=66 acc=0.9394 err=4 tp=33 tn=29 fp=4 fn=0 pred_pos=0.5606
    session_009: n=63 acc=0.9365 err=4 tp=31 tn=28 fp=4 fn=0 pred_pos=0.5556
    session_006: n=66 acc=0.9545 err=3 tp=33 tn=30 fp=3 fn=0 pred_pos=0.5455
    session_012: n=66 acc=0.9697 err=2 tp=33 tn=31 fp=2 fn=0 pred_pos=0.5303
    session_063: n=66 acc=0.9697 err=2 tp=32 tn=32 fp=1 fn=1 pred_pos=0.5000
    session_014: n=65 acc=0.9692 err=2 tp=32 tn=31 fp=2 fn=0 pred_pos=0.5231
    session_064: n=65 acc=0.9692 err=2 tp=30 tn=33 fp=0 fn=2 pred_pos=0.4615
    session_004: n=66 acc=0.9848 err=1 tp=33 tn=32 fp=1 fn=0 pred_pos=0.5152
    session_007: n=65 acc=0.9846 err=1 tp=32 tn=32 fp=1 fn=0 pred_pos=0.5077
    session_065: n=65 acc=0.9846 err=1 tp=31 tn=33 fp=0 fn=1 pred_pos=0.4769
    session_003: n=66 acc=1.0000 err=0 tp=33 tn=33 fp=0 fn=0 pred_pos=0.5000
    session_005: n=66 acc=1.0000 err=0 tp=33 tn=33 fp=0 fn=0 pred_pos=0.5000
    session_008: n=66 acc=1.0000 err=0 tp=33 tn=33 fp=0 fn=0 pred_pos=0.5000
  [val/material]
    plastic: n=654 acc=0.8425 err=103 tp=269 tn=282 fp=48 fn=55 pred_pos=0.4847
    A4 paper: n=258 acc=0.7907 err=54 tp=98 tn=106 fp=24 fn=30 pred_pos=0.4729
    USB cable: n=263 acc=0.9734 err=7 tp=131 tn=125 fp=7 fn=0 pred_pos=0.5247
    soft foam earplug: n=264 acc=0.9848 err=4 tp=132 tn=128 fp=4 fn=0 pred_pos=0.5152
