[INFO] device=cuda
[INFO] loading train dataset: data/raw_cnn/cv_multi_material_49/fold_03_train.csv
[INFO] train samples=1881 window=8 input_mode=refdiff norm=batch size=320x180
[INFO] loading val dataset: data/raw_cnn/cv_multi_material_49/fold_03_val.csv
[INFO] val samples=551
[INFO] epoch 1/40 started
  [train] batch 1/59 loss=0.6965 avg=0.6965 speed=0.17 batch/s
  [train] batch 20/59 loss=0.5519 avg=0.6007 speed=1.01 batch/s
  [train] batch 40/59 loss=0.4322 avg=0.5369 speed=1.07 batch/s
  [train] batch 59/59 loss=0.3892 avg=0.5121 speed=1.13 batch/s
[BEST] epoch=1 smoothed_balanced_acc=0.5092 saved
[Epoch 001] loss=0.5121 window=8 train_acc=0.5173 train_balanced_acc=0.5129 val_acc=0.5172 balanced_acc=0.5092 smoothed_balanced_acc=0.5092 f1=0.0362 precision=1.0000 recall=0.0185 pred_pos=0.0091 mean_p=0.0353 mean_p_pos=0.0539 mean_p_neg=0.0172 tp=5 tn=280 fp=0 fn=266 lr=1.00e-03 time=120.5s
  [val/behavior]
    rotational sliding: n=136 acc=0.0000 err=136 tp=0 tn=0 fp=0 fn=136 pred_pos=0.0000
    translational sliding: n=135 acc=0.0370 err=130 tp=5 tn=0 fp=0 fn=130 pred_pos=0.0370
    continuous variable-force pressing: n=138 acc=1.0000 err=0 tp=0 tn=138 fp=0 fn=0 pred_pos=0.0000
    constant-force pressing: n=83 acc=1.0000 err=0 tp=0 tn=83 fp=0 fn=0 pred_pos=0.0000
    diagonal constant-force pressing: n=30 acc=1.0000 err=0 tp=0 tn=30 fp=0 fn=0 pred_pos=0.0000
    static no motion: n=29 acc=1.0000 err=0 tp=0 tn=29 fp=0 fn=0 pred_pos=0.0000
  [val/motion_type]
    rotation: n=136 acc=0.0000 err=136 tp=0 tn=0 fp=0 fn=136 pred_pos=0.0000
    translation: n=135 acc=0.0370 err=130 tp=5 tn=0 fp=0 fn=130 pred_pos=0.0370
    non-slip: n=280 acc=1.0000 err=0 tp=0 tn=280 fp=0 fn=0 pred_pos=0.0000
  [val/session]
    session_049: n=62 acc=0.4677 err=33 tp=0 tn=29 fp=0 fn=33 pred_pos=0.0000
    session_044: n=59 acc=0.4407 err=33 tp=0 tn=26 fp=0 fn=33 pred_pos=0.0000
    session_024: n=61 acc=0.4754 err=32 tp=0 tn=29 fp=0 fn=32 pred_pos=0.0000
    session_034: n=61 acc=0.4754 err=32 tp=0 tn=29 fp=0 fn=32 pred_pos=0.0000
    session_039: n=60 acc=0.4667 err=32 tp=0 tn=28 fp=0 fn=32 pred_pos=0.0000
    session_029: n=56 acc=0.4286 err=32 tp=0 tn=24 fp=0 fn=32 pred_pos=0.0000
    session_015: n=50 acc=0.6000 err=20 tp=0 tn=30 fp=0 fn=20 pred_pos=0.0000
    session_019: n=49 acc=0.6122 err=19 tp=0 tn=30 fp=0 fn=19 pred_pos=0.0000
    session_009: n=47 acc=0.5957 err=19 tp=0 tn=28 fp=0 fn=19 pred_pos=0.0000
    session_004: n=46 acc=0.6957 err=14 tp=5 tn=27 fp=0 fn=14 pred_pos=0.1087
  [val/material]
    plastic: n=192 acc=0.6250 err=72 tp=5 tn=115 fp=0 fn=72 pred_pos=0.0260
    USB cable: n=121 acc=0.4545 err=66 tp=0 tn=55 fp=0 fn=66 pred_pos=0.0000
    soft foam earplug: n=121 acc=0.4711 err=64 tp=0 tn=57 fp=0 fn=64 pred_pos=0.0000
    A4 paper: n=117 acc=0.4530 err=64 tp=0 tn=53 fp=0 fn=64 pred_pos=0.0000
[INFO] epoch 2/40 started
  [train] batch 1/59 loss=0.3111 avg=0.3111 speed=0.26 batch/s
  [train] batch 20/59 loss=0.4966 avg=0.4214 speed=1.14 batch/s
  [train] batch 40/59 loss=0.3160 avg=0.4083 speed=1.16 batch/s
  [train] batch 59/59 loss=0.4269 avg=0.4037 speed=1.15 batch/s
[BEST] epoch=2 smoothed_balanced_acc=0.6535 saved
[Epoch 002] loss=0.4037 window=8 train_acc=0.8490 train_balanced_acc=0.8501 val_acc=0.7949 balanced_acc=0.7977 smoothed_balanced_acc=0.6535 f1=0.8232 precision=0.7147 recall=0.9705 pred_pos=0.6679 mean_p=0.6382 mean_p_pos=0.8835 mean_p_neg=0.4008 tp=263 tn=175 fp=105 fn=8 lr=1.00e-03 time=117.0s
  [val/behavior]
    continuous variable-force pressing: n=138 acc=0.6594 err=47 tp=0 tn=91 fp=47 fn=0 pred_pos=0.3406
    diagonal constant-force pressing: n=30 acc=0.0000 err=30 tp=0 tn=0 fp=30 fn=0 pred_pos=1.0000
    constant-force pressing: n=83 acc=0.6867 err=26 tp=0 tn=57 fp=26 fn=0 pred_pos=0.3133
    rotational sliding: n=136 acc=0.9706 err=4 tp=132 tn=0 fp=0 fn=4 pred_pos=0.9706
    translational sliding: n=135 acc=0.9704 err=4 tp=131 tn=0 fp=0 fn=4 pred_pos=0.9704
    static no motion: n=29 acc=0.9310 err=2 tp=0 tn=27 fp=2 fn=0 pred_pos=0.0690
  [val/motion_type]
    non-slip: n=280 acc=0.6250 err=105 tp=0 tn=175 fp=105 fn=0 pred_pos=0.3750
    rotation: n=136 acc=0.9706 err=4 tp=132 tn=0 fp=0 fn=4 pred_pos=0.9706
    translation: n=135 acc=0.9704 err=4 tp=131 tn=0 fp=0 fn=4 pred_pos=0.9704
  [val/session]
    session_015: n=50 acc=0.4000 err=30 tp=20 tn=0 fp=30 fn=0 pred_pos=1.0000
    session_009: n=47 acc=0.4681 err=25 tp=19 tn=3 fp=25 fn=0 pred_pos=0.9362
    session_019: n=49 acc=0.6735 err=16 tp=17 tn=16 fp=14 fn=2 pred_pos=0.6327
    session_039: n=60 acc=0.8000 err=12 tp=31 tn=17 fp=11 fn=1 pred_pos=0.7000
    session_029: n=56 acc=0.8393 err=9 tp=32 tn=15 fp=9 fn=0 pred_pos=0.7321
    session_004: n=46 acc=0.8043 err=9 tp=19 tn=18 fp=9 fn=0 pred_pos=0.6087
    session_049: n=62 acc=0.9194 err=5 tp=32 tn=25 fp=4 fn=1 pred_pos=0.5806
    session_044: n=59 acc=0.9492 err=3 tp=31 tn=25 fp=1 fn=2 pred_pos=0.5424
    session_024: n=61 acc=0.9672 err=2 tp=32 tn=27 fp=2 fn=0 pred_pos=0.5574
    session_034: n=61 acc=0.9672 err=2 tp=30 tn=29 fp=0 fn=2 pred_pos=0.4918
  [val/material]
    plastic: n=192 acc=0.5833 err=80 tp=75 tn=37 fp=78 fn=2 pred_pos=0.7969
    soft foam earplug: n=121 acc=0.8843 err=14 tp=61 tn=46 fp=11 fn=3 pred_pos=0.5950
    A4 paper: n=117 acc=0.9060 err=11 tp=64 tn=42 fp=11 fn=0 pred_pos=0.6410
    USB cable: n=121 acc=0.9339 err=8 tp=63 tn=50 fp=5 fn=3 pred_pos=0.5620
[INFO] epoch 3/40 started
  [train] batch 1/59 loss=0.3010 avg=0.3010 speed=0.30 batch/s
  [train] batch 20/59 loss=0.3711 avg=0.3046 speed=1.17 batch/s
  [train] batch 40/59 loss=0.2729 avg=0.3177 speed=1.16 batch/s
  [train] batch 59/59 loss=0.4333 avg=0.3224 speed=1.18 batch/s
[BEST] epoch=3 smoothed_balanced_acc=0.7157 saved
[Epoch 003] loss=0.3224 window=8 train_acc=0.8480 train_balanced_acc=0.8470 val_acc=0.8421 balanced_acc=0.8400 smoothed_balanced_acc=0.7157 f1=0.8161 precision=0.9554 recall=0.7122 pred_pos=0.3666 mean_p=0.3855 mean_p_pos=0.6896 mean_p_neg=0.0911 tp=193 tn=271 fp=9 fn=78 lr=1.00e-03 time=116.5s
  [val/behavior]
    rotational sliding: n=136 acc=0.4706 err=72 tp=64 tn=0 fp=0 fn=72 pred_pos=0.4706
    continuous variable-force pressing: n=138 acc=0.9420 err=8 tp=0 tn=130 fp=8 fn=0 pred_pos=0.0580
    translational sliding: n=135 acc=0.9556 err=6 tp=129 tn=0 fp=0 fn=6 pred_pos=0.9556
    diagonal constant-force pressing: n=30 acc=0.9667 err=1 tp=0 tn=29 fp=1 fn=0 pred_pos=0.0333
    constant-force pressing: n=83 acc=1.0000 err=0 tp=0 tn=83 fp=0 fn=0 pred_pos=0.0000
    static no motion: n=29 acc=1.0000 err=0 tp=0 tn=29 fp=0 fn=0 pred_pos=0.0000
  [val/motion_type]
    rotation: n=136 acc=0.4706 err=72 tp=64 tn=0 fp=0 fn=72 pred_pos=0.4706
    non-slip: n=280 acc=0.9679 err=9 tp=0 tn=271 fp=9 fn=0 pred_pos=0.0321
    translation: n=135 acc=0.9556 err=6 tp=129 tn=0 fp=0 fn=6 pred_pos=0.9556
  [val/session]
    session_039: n=60 acc=0.6667 err=20 tp=14 tn=26 fp=2 fn=18 pred_pos=0.2667
    session_029: n=56 acc=0.6607 err=19 tp=14 tn=23 fp=1 fn=18 pred_pos=0.2679
    session_019: n=49 acc=0.7143 err=14 tp=6 tn=29 fp=1 fn=13 pred_pos=0.1429
    session_015: n=50 acc=0.7400 err=13 tp=8 tn=29 fp=1 fn=12 pred_pos=0.1800
    session_049: n=62 acc=0.8065 err=12 tp=22 tn=28 fp=1 fn=11 pred_pos=0.3710
    session_034: n=61 acc=0.9344 err=4 tp=28 tn=29 fp=0 fn=4 pred_pos=0.4590
    session_004: n=46 acc=0.9348 err=3 tp=19 tn=24 fp=3 fn=0 pred_pos=0.4783
    session_044: n=59 acc=0.9661 err=2 tp=31 tn=26 fp=0 fn=2 pred_pos=0.5254
    session_024: n=61 acc=1.0000 err=0 tp=32 tn=29 fp=0 fn=0 pred_pos=0.5246
    session_009: n=47 acc=1.0000 err=0 tp=19 tn=28 fp=0 fn=0 pred_pos=0.4043
  [val/material]
    plastic: n=192 acc=0.8438 err=30 tp=52 tn=110 fp=5 fn=25 pred_pos=0.2969
    soft foam earplug: n=121 acc=0.8017 err=24 tp=42 tn=55 fp=2 fn=22 pred_pos=0.3636
    A4 paper: n=117 acc=0.8376 err=19 tp=46 tn=52 fp=1 fn=18 pred_pos=0.4017
    USB cable: n=121 acc=0.8843 err=14 tp=53 tn=54 fp=1 fn=13 pred_pos=0.4463
[INFO] epoch 4/40 started
  [train] batch 1/59 loss=0.5094 avg=0.5094 speed=0.35 batch/s
  [train] batch 20/59 loss=0.0989 avg=0.2545 speed=1.21 batch/s
  [train] batch 40/59 loss=0.1352 avg=0.2189 speed=1.22 batch/s
  [train] batch 59/59 loss=0.0515 avg=0.2227 speed=1.25 batch/s
[BEST] epoch=4 smoothed_balanced_acc=0.8451 saved
[Epoch 004] loss=0.2227 window=8 train_acc=0.9011 train_balanced_acc=0.9011 val_acc=0.8966 balanced_acc=0.8974 smoothed_balanced_acc=0.8451 f1=0.9005 precision=0.8543 recall=0.9520 pred_pos=0.5481 mean_p=0.5378 mean_p_pos=0.9058 mean_p_neg=0.1816 tp=258 tn=236 fp=44 fn=13 lr=1.00e-03 time=114.5s
  [val/behavior]
    continuous variable-force pressing: n=138 acc=0.7246 err=38 tp=0 tn=100 fp=38 fn=0 pred_pos=0.2754
    rotational sliding: n=136 acc=0.9044 err=13 tp=123 tn=0 fp=0 fn=13 pred_pos=0.9044
    constant-force pressing: n=83 acc=0.9277 err=6 tp=0 tn=77 fp=6 fn=0 pred_pos=0.0723
    translational sliding: n=135 acc=1.0000 err=0 tp=135 tn=0 fp=0 fn=0 pred_pos=1.0000
    diagonal constant-force pressing: n=30 acc=1.0000 err=0 tp=0 tn=30 fp=0 fn=0 pred_pos=0.0000
    static no motion: n=29 acc=1.0000 err=0 tp=0 tn=29 fp=0 fn=0 pred_pos=0.0000
  [val/motion_type]
    non-slip: n=280 acc=0.8429 err=44 tp=0 tn=236 fp=44 fn=0 pred_pos=0.1571
    rotation: n=136 acc=0.9044 err=13 tp=123 tn=0 fp=0 fn=13 pred_pos=0.9044
    translation: n=135 acc=1.0000 err=0 tp=135 tn=0 fp=0 fn=0 pred_pos=1.0000
  [val/session]
    session_019: n=49 acc=0.6735 err=16 tp=16 tn=17 fp=13 fn=3 pred_pos=0.5918
    session_039: n=60 acc=0.8167 err=11 tp=31 tn=18 fp=10 fn=1 pred_pos=0.6833
    session_004: n=46 acc=0.7826 err=10 tp=19 tn=17 fp=10 fn=0 pred_pos=0.6304
    session_029: n=56 acc=0.8393 err=9 tp=27 tn=20 fp=4 fn=5 pred_pos=0.5536
    session_044: n=59 acc=0.8983 err=6 tp=33 tn=20 fp=6 fn=0 pred_pos=0.6610
    session_049: n=62 acc=0.9355 err=4 tp=30 tn=28 fp=1 fn=3 pred_pos=0.5000
    session_015: n=50 acc=0.9800 err=1 tp=19 tn=30 fp=0 fn=1 pred_pos=0.3800
    session_024: n=61 acc=1.0000 err=0 tp=32 tn=29 fp=0 fn=0 pred_pos=0.5246
    session_034: n=61 acc=1.0000 err=0 tp=32 tn=29 fp=0 fn=0 pred_pos=0.5246
    session_009: n=47 acc=1.0000 err=0 tp=19 tn=28 fp=0 fn=0 pred_pos=0.4043
  [val/material]
    plastic: n=192 acc=0.8594 err=27 tp=73 tn=92 fp=23 fn=4 pred_pos=0.5000
    soft foam earplug: n=121 acc=0.9091 err=11 tp=63 tn=47 fp=10 fn=1 pred_pos=0.6033
    USB cable: n=121 acc=0.9174 err=10 tp=63 tn=48 fp=7 fn=3 pred_pos=0.5785
    A4 paper: n=117 acc=0.9231 err=9 tp=59 tn=49 fp=4 fn=5 pred_pos=0.5385
[INFO] epoch 5/40 started
  [train] batch 1/59 loss=0.1184 avg=0.1184 speed=0.27 batch/s
  [train] batch 20/59 loss=0.1597 avg=0.2386 speed=1.16 batch/s
  [train] batch 40/59 loss=0.2327 avg=0.1982 speed=1.20 batch/s
  [train] batch 59/59 loss=0.0559 avg=0.2077 speed=1.21 batch/s
[BEST] epoch=5 smoothed_balanced_acc=0.8949 saved
[Epoch 005] loss=0.2077 window=8 train_acc=0.9452 train_balanced_acc=0.9450 val_acc=0.9474 balanced_acc=0.9471 smoothed_balanced_acc=0.8949 f1=0.9458 precision=0.9583 recall=0.9336 pred_pos=0.4791 mean_p=0.5096 mean_p_pos=0.9075 mean_p_neg=0.1245 tp=253 tn=269 fp=11 fn=18 lr=1.00e-03 time=116.1s
  [val/behavior]
    rotational sliding: n=136 acc=0.8750 err=17 tp=119 tn=0 fp=0 fn=17 pred_pos=0.8750
    continuous variable-force pressing: n=138 acc=0.9275 err=10 tp=0 tn=128 fp=10 fn=0 pred_pos=0.0725
    translational sliding: n=135 acc=0.9926 err=1 tp=134 tn=0 fp=0 fn=1 pred_pos=0.9926
    constant-force pressing: n=83 acc=0.9880 err=1 tp=0 tn=82 fp=1 fn=0 pred_pos=0.0120
    diagonal constant-force pressing: n=30 acc=1.0000 err=0 tp=0 tn=30 fp=0 fn=0 pred_pos=0.0000
    static no motion: n=29 acc=1.0000 err=0 tp=0 tn=29 fp=0 fn=0 pred_pos=0.0000
  [val/motion_type]
    rotation: n=136 acc=0.8750 err=17 tp=119 tn=0 fp=0 fn=17 pred_pos=0.8750
    non-slip: n=280 acc=0.9607 err=11 tp=0 tn=269 fp=11 fn=0 pred_pos=0.0393
    translation: n=135 acc=0.9926 err=1 tp=134 tn=0 fp=0 fn=1 pred_pos=0.9926
  [val/session]
    session_019: n=49 acc=0.8571 err=7 tp=13 tn=29 fp=1 fn=6 pred_pos=0.2857
    session_004: n=46 acc=0.8478 err=7 tp=19 tn=20 fp=7 fn=0 pred_pos=0.5652
    session_029: n=56 acc=0.9286 err=4 tp=28 tn=24 fp=0 fn=4 pred_pos=0.5000
    session_049: n=62 acc=0.9516 err=3 tp=30 tn=29 fp=0 fn=3 pred_pos=0.4839
    session_039: n=60 acc=0.9500 err=3 tp=31 tn=26 fp=2 fn=1 pred_pos=0.5500
    session_015: n=50 acc=0.9400 err=3 tp=17 tn=30 fp=0 fn=3 pred_pos=0.3400
    session_034: n=61 acc=0.9836 err=1 tp=31 tn=29 fp=0 fn=1 pred_pos=0.5082
    session_044: n=59 acc=0.9831 err=1 tp=33 tn=25 fp=1 fn=0 pred_pos=0.5763
    session_024: n=61 acc=1.0000 err=0 tp=32 tn=29 fp=0 fn=0 pred_pos=0.5246
    session_009: n=47 acc=1.0000 err=0 tp=19 tn=28 fp=0 fn=0 pred_pos=0.4043
  [val/material]
    plastic: n=192 acc=0.9115 err=17 tp=68 tn=107 fp=8 fn=9 pred_pos=0.3958
    USB cable: n=121 acc=0.9669 err=4 tp=63 tn=54 fp=1 fn=3 pred_pos=0.5289
    soft foam earplug: n=121 acc=0.9669 err=4 tp=62 tn=55 fp=2 fn=2 pred_pos=0.5289
    A4 paper: n=117 acc=0.9658 err=4 tp=60 tn=53 fp=0 fn=4 pred_pos=0.5128
[INFO] epoch 6/40 started
  [train] batch 1/59 loss=0.1788 avg=0.1788 speed=0.29 batch/s
  [train] batch 20/59 loss=0.3156 avg=0.2311 speed=1.10 batch/s
  [train] batch 40/59 loss=0.0428 avg=0.2121 speed=1.20 batch/s
  [train] batch 59/59 loss=0.0731 avg=0.2147 speed=1.21 batch/s
[BEST] epoch=6 smoothed_balanced_acc=0.9267 saved
[Epoch 006] loss=0.2147 window=8 train_acc=0.9250 train_balanced_acc=0.9244 val_acc=0.9365 balanced_acc=0.9355 smoothed_balanced_acc=0.9267 f1=0.9312 precision=0.9958 recall=0.8745 pred_pos=0.4319 mean_p=0.4236 mean_p_pos=0.8355 mean_p_neg=0.0249 tp=237 tn=279 fp=1 fn=34 lr=1.00e-03 time=114.8s
  [val/behavior]
    rotational sliding: n=136 acc=0.8456 err=21 tp=115 tn=0 fp=0 fn=21 pred_pos=0.8456
    translational sliding: n=135 acc=0.9037 err=13 tp=122 tn=0 fp=0 fn=13 pred_pos=0.9037
    continuous variable-force pressing: n=138 acc=0.9928 err=1 tp=0 tn=137 fp=1 fn=0 pred_pos=0.0072
    constant-force pressing: n=83 acc=1.0000 err=0 tp=0 tn=83 fp=0 fn=0 pred_pos=0.0000
    diagonal constant-force pressing: n=30 acc=1.0000 err=0 tp=0 tn=30 fp=0 fn=0 pred_pos=0.0000
    static no motion: n=29 acc=1.0000 err=0 tp=0 tn=29 fp=0 fn=0 pred_pos=0.0000
  [val/motion_type]
    rotation: n=136 acc=0.8456 err=21 tp=115 tn=0 fp=0 fn=21 pred_pos=0.8456
    translation: n=135 acc=0.9037 err=13 tp=122 tn=0 fp=0 fn=13 pred_pos=0.9037
    non-slip: n=280 acc=0.9964 err=1 tp=0 tn=279 fp=1 fn=0 pred_pos=0.0036
  [val/session]
    session_029: n=56 acc=0.8750 err=7 tp=25 tn=24 fp=0 fn=7 pred_pos=0.4464
    session_034: n=61 acc=0.9016 err=6 tp=26 tn=29 fp=0 fn=6 pred_pos=0.4262
    session_049: n=62 acc=0.9355 err=4 tp=29 tn=29 fp=0 fn=4 pred_pos=0.4677
    session_039: n=60 acc=0.9333 err=4 tp=28 tn=28 fp=0 fn=4 pred_pos=0.4667
    session_019: n=49 acc=0.9184 err=4 tp=15 tn=30 fp=0 fn=4 pred_pos=0.3061
    session_044: n=59 acc=0.9492 err=3 tp=30 tn=26 fp=0 fn=3 pred_pos=0.5085
    session_009: n=47 acc=0.9362 err=3 tp=16 tn=28 fp=0 fn=3 pred_pos=0.3404
    session_015: n=50 acc=0.9600 err=2 tp=18 tn=30 fp=0 fn=2 pred_pos=0.3600
    session_004: n=46 acc=0.9565 err=2 tp=18 tn=26 fp=1 fn=1 pred_pos=0.4130
    session_024: n=61 acc=1.0000 err=0 tp=32 tn=29 fp=0 fn=0 pred_pos=0.5246
  [val/material]
    plastic: n=192 acc=0.9427 err=11 tp=67 tn=114 fp=1 fn=10 pred_pos=0.3542
    soft foam earplug: n=121 acc=0.9174 err=10 tp=54 tn=57 fp=0 fn=10 pred_pos=0.4463
    USB cable: n=121 acc=0.9421 err=7 tp=59 tn=55 fp=0 fn=7 pred_pos=0.4876
    A4 paper: n=117 acc=0.9402 err=7 tp=57 tn=53 fp=0 fn=7 pred_pos=0.4872
[INFO] epoch 7/40 started
  [train] batch 1/59 loss=0.2433 avg=0.2433 speed=0.30 batch/s
  [train] batch 20/59 loss=0.1647 avg=0.1693 speed=1.10 batch/s
  [train] batch 40/59 loss=0.1061 avg=0.1575 speed=1.17 batch/s
  [train] batch 59/59 loss=0.1539 avg=0.1788 speed=1.18 batch/s
[BEST] epoch=7 smoothed_balanced_acc=0.9475 saved
[Epoch 007] loss=0.1788 window=8 train_acc=0.9559 train_balanced_acc=0.9556 val_acc=0.9601 balanced_acc=0.9598 smoothed_balanced_acc=0.9475 f1=0.9586 precision=0.9770 recall=0.9410 pred_pos=0.4737 mean_p=0.4833 mean_p_pos=0.9088 mean_p_neg=0.0715 tp=255 tn=274 fp=6 fn=16 lr=1.00e-03 time=115.7s
  [val/behavior]
    rotational sliding: n=136 acc=0.8971 err=14 tp=122 tn=0 fp=0 fn=14 pred_pos=0.8971
    continuous variable-force pressing: n=138 acc=0.9638 err=5 tp=0 tn=133 fp=5 fn=0 pred_pos=0.0362
    translational sliding: n=135 acc=0.9852 err=2 tp=133 tn=0 fp=0 fn=2 pred_pos=0.9852
    diagonal constant-force pressing: n=30 acc=0.9667 err=1 tp=0 tn=29 fp=1 fn=0 pred_pos=0.0333
    constant-force pressing: n=83 acc=1.0000 err=0 tp=0 tn=83 fp=0 fn=0 pred_pos=0.0000
    static no motion: n=29 acc=1.0000 err=0 tp=0 tn=29 fp=0 fn=0 pred_pos=0.0000
  [val/motion_type]
    rotation: n=136 acc=0.8971 err=14 tp=122 tn=0 fp=0 fn=14 pred_pos=0.8971
    non-slip: n=280 acc=0.9786 err=6 tp=0 tn=274 fp=6 fn=0 pred_pos=0.0214
    translation: n=135 acc=0.9852 err=2 tp=133 tn=0 fp=0 fn=2 pred_pos=0.9852
  [val/session]
    session_019: n=49 acc=0.8980 err=5 tp=14 tn=30 fp=0 fn=5 pred_pos=0.2857
    session_049: n=62 acc=0.9355 err=4 tp=29 tn=29 fp=0 fn=4 pred_pos=0.4677
    session_029: n=56 acc=0.9286 err=4 tp=28 tn=24 fp=0 fn=4 pred_pos=0.5000
    session_004: n=46 acc=0.9130 err=4 tp=18 tn=24 fp=3 fn=1 pred_pos=0.4565
    session_039: n=60 acc=0.9500 err=3 tp=31 tn=26 fp=2 fn=1 pred_pos=0.5500
    session_034: n=61 acc=0.9836 err=1 tp=31 tn=29 fp=0 fn=1 pred_pos=0.5082
    session_015: n=50 acc=0.9800 err=1 tp=20 tn=29 fp=1 fn=0 pred_pos=0.4200
    session_024: n=61 acc=1.0000 err=0 tp=32 tn=29 fp=0 fn=0 pred_pos=0.5246
    session_044: n=59 acc=1.0000 err=0 tp=33 tn=26 fp=0 fn=0 pred_pos=0.5593
    session_009: n=47 acc=1.0000 err=0 tp=19 tn=28 fp=0 fn=0 pred_pos=0.4043
  [val/material]
    plastic: n=192 acc=0.9479 err=10 tp=71 tn=111 fp=4 fn=6 pred_pos=0.3906
    USB cable: n=121 acc=0.9669 err=4 tp=62 tn=55 fp=0 fn=4 pred_pos=0.5124
    soft foam earplug: n=121 acc=0.9669 err=4 tp=62 tn=55 fp=2 fn=2 pred_pos=0.5289
    A4 paper: n=117 acc=0.9658 err=4 tp=60 tn=53 fp=0 fn=4 pred_pos=0.5128
[INFO] epoch 8/40 started
  [train] batch 1/59 loss=0.2151 avg=0.2151 speed=0.33 batch/s
  [train] batch 20/59 loss=0.0257 avg=0.1818 speed=1.21 batch/s
  [train] batch 40/59 loss=0.1339 avg=0.1862 speed=1.24 batch/s
  [train] batch 59/59 loss=0.1084 avg=0.1759 speed=1.28 batch/s
[Epoch 008] loss=0.1759 window=8 train_acc=0.6209 train_balanced_acc=0.6243 val_acc=0.6243 balanced_acc=0.6302 smoothed_balanced_acc=0.8418 f1=0.7221 precision=0.5675 recall=0.9926 pred_pos=0.8603 mean_p=0.8570 mean_p_pos=0.9922 mean_p_neg=0.7262 tp=269 tn=75 fp=205 fn=2 lr=1.00e-03 time=117.1s
  [val/behavior]
    continuous variable-force pressing: n=138 acc=0.4058 err=82 tp=0 tn=56 fp=82 fn=0 pred_pos=0.5942
    constant-force pressing: n=83 acc=0.2289 err=64 tp=0 tn=19 fp=64 fn=0 pred_pos=0.7711
    diagonal constant-force pressing: n=30 acc=0.0000 err=30 tp=0 tn=0 fp=30 fn=0 pred_pos=1.0000
    static no motion: n=29 acc=0.0000 err=29 tp=0 tn=0 fp=29 fn=0 pred_pos=1.0000
    translational sliding: n=135 acc=0.9852 err=2 tp=133 tn=0 fp=0 fn=2 pred_pos=0.9852
    rotational sliding: n=136 acc=1.0000 err=0 tp=136 tn=0 fp=0 fn=0 pred_pos=1.0000
  [val/motion_type]
    non-slip: n=280 acc=0.2679 err=205 tp=0 tn=75 fp=205 fn=0 pred_pos=0.7321
    translation: n=135 acc=0.9852 err=2 tp=133 tn=0 fp=0 fn=2 pred_pos=0.9852
    rotation: n=136 acc=1.0000 err=0 tp=136 tn=0 fp=0 fn=0 pred_pos=1.0000
  [val/session]
    session_034: n=61 acc=0.4918 err=31 tp=30 tn=0 fp=29 fn=2 pred_pos=0.9672
    session_015: n=50 acc=0.4000 err=30 tp=20 tn=0 fp=30 fn=0 pred_pos=1.0000
    session_024: n=61 acc=0.5246 err=29 tp=32 tn=0 fp=29 fn=0 pred_pos=1.0000
    session_009: n=47 acc=0.4043 err=28 tp=19 tn=0 fp=28 fn=0 pred_pos=1.0000
    session_019: n=49 acc=0.4898 err=25 tp=19 tn=5 fp=25 fn=0 pred_pos=0.8980
    session_049: n=62 acc=0.6452 err=22 tp=33 tn=7 fp=22 fn=0 pred_pos=0.8871
    session_004: n=46 acc=0.6087 err=18 tp=19 tn=9 fp=18 fn=0 pred_pos=0.8043
    session_029: n=56 acc=0.8036 err=11 tp=32 tn=13 fp=11 fn=0 pred_pos=0.7679
    session_044: n=59 acc=0.8814 err=7 tp=33 tn=19 fp=7 fn=0 pred_pos=0.6780
    session_039: n=60 acc=0.9000 err=6 tp=32 tn=22 fp=6 fn=0 pred_pos=0.6333
  [val/material]
    plastic: n=192 acc=0.4740 err=101 tp=77 tn=14 fp=101 fn=0 pred_pos=0.9271
    A4 paper: n=117 acc=0.6581 err=40 tp=64 tn=13 fp=40 fn=0 pred_pos=0.8889
    soft foam earplug: n=121 acc=0.6942 err=37 tp=62 tn=22 fp=35 fn=2 pred_pos=0.8017
    USB cable: n=121 acc=0.7603 err=29 tp=66 tn=26 fp=29 fn=0 pred_pos=0.7851
[INFO] epoch 9/40 started
  [train] batch 1/59 loss=0.1544 avg=0.1544 speed=0.30 batch/s
  [train] batch 20/59 loss=0.0420 avg=0.1052 speed=1.13 batch/s
  [train] batch 40/59 loss=0.0032 avg=0.1188 speed=1.13 batch/s
  [train] batch 59/59 loss=0.1470 avg=0.1139 speed=1.18 batch/s
[Epoch 009] loss=0.1139 window=8 train_acc=0.9027 train_balanced_acc=0.9018 val_acc=0.9038 balanced_acc=0.9023 smoothed_balanced_acc=0.8308 f1=0.8921 precision=0.9955 recall=0.8081 pred_pos=0.3993 mean_p=0.4016 mean_p_pos=0.8027 mean_p_neg=0.0134 tp=219 tn=279 fp=1 fn=52 lr=1.00e-03 time=118.9s
  [val/behavior]
    rotational sliding: n=136 acc=0.6397 err=49 tp=87 tn=0 fp=0 fn=49 pred_pos=0.6397
    translational sliding: n=135 acc=0.9778 err=3 tp=132 tn=0 fp=0 fn=3 pred_pos=0.9778
    constant-force pressing: n=83 acc=0.9880 err=1 tp=0 tn=82 fp=1 fn=0 pred_pos=0.0120
    continuous variable-force pressing: n=138 acc=1.0000 err=0 tp=0 tn=138 fp=0 fn=0 pred_pos=0.0000
    diagonal constant-force pressing: n=30 acc=1.0000 err=0 tp=0 tn=30 fp=0 fn=0 pred_pos=0.0000
    static no motion: n=29 acc=1.0000 err=0 tp=0 tn=29 fp=0 fn=0 pred_pos=0.0000
  [val/motion_type]
    rotation: n=136 acc=0.6397 err=49 tp=87 tn=0 fp=0 fn=49 pred_pos=0.6397
    translation: n=135 acc=0.9778 err=3 tp=132 tn=0 fp=0 fn=3 pred_pos=0.9778
    non-slip: n=280 acc=0.9964 err=1 tp=0 tn=279 fp=1 fn=0 pred_pos=0.0036
  [val/session]
    session_049: n=62 acc=0.7903 err=13 tp=20 tn=29 fp=0 fn=13 pred_pos=0.3226
    session_029: n=56 acc=0.7857 err=12 tp=20 tn=24 fp=0 fn=12 pred_pos=0.3571
    session_019: n=49 acc=0.7551 err=12 tp=7 tn=30 fp=0 fn=12 pred_pos=0.1429
    session_039: n=60 acc=0.8833 err=7 tp=25 tn=28 fp=0 fn=7 pred_pos=0.4167
    session_015: n=50 acc=0.9000 err=5 tp=15 tn=30 fp=0 fn=5 pred_pos=0.3000
    session_034: n=61 acc=0.9672 err=2 tp=30 tn=29 fp=0 fn=2 pred_pos=0.4918
    session_044: n=59 acc=0.9831 err=1 tp=33 tn=25 fp=1 fn=0 pred_pos=0.5763
    session_004: n=46 acc=0.9783 err=1 tp=18 tn=27 fp=0 fn=1 pred_pos=0.3913
    session_024: n=61 acc=1.0000 err=0 tp=32 tn=29 fp=0 fn=0 pred_pos=0.5246
    session_009: n=47 acc=1.0000 err=0 tp=19 tn=28 fp=0 fn=0 pred_pos=0.4043
  [val/material]
    plastic: n=192 acc=0.9062 err=18 tp=59 tn=115 fp=0 fn=18 pred_pos=0.3073
    USB cable: n=121 acc=0.8843 err=14 tp=53 tn=54 fp=1 fn=13 pred_pos=0.4463
    A4 paper: n=117 acc=0.8974 err=12 tp=52 tn=53 fp=0 fn=12 pred_pos=0.4444
    soft foam earplug: n=121 acc=0.9256 err=9 tp=55 tn=57 fp=0 fn=9 pred_pos=0.4545
[INFO] epoch 10/40 started
  [train] batch 1/59 loss=0.0439 avg=0.0439 speed=0.31 batch/s
  [train] batch 20/59 loss=0.1328 avg=0.0867 speed=1.11 batch/s
  [train] batch 40/59 loss=0.0106 avg=0.0793 speed=1.09 batch/s
  [train] batch 59/59 loss=0.0439 avg=0.0863 speed=1.15 batch/s
[Epoch 010] loss=0.0863 window=8 train_acc=0.8942 train_balanced_acc=0.8932 val_acc=0.9074 balanced_acc=0.9059 smoothed_balanced_acc=0.8128 f1=0.8961 precision=1.0000 recall=0.8118 pred_pos=0.3993 mean_p=0.3985 mean_p_pos=0.8024 mean_p_neg=0.0076 tp=220 tn=280 fp=0 fn=51 lr=1.00e-03 time=123.6s
  [val/behavior]
    rotational sliding: n=136 acc=0.6985 err=41 tp=95 tn=0 fp=0 fn=41 pred_pos=0.6985
    translational sliding: n=135 acc=0.9259 err=10 tp=125 tn=0 fp=0 fn=10 pred_pos=0.9259
    continuous variable-force pressing: n=138 acc=1.0000 err=0 tp=0 tn=138 fp=0 fn=0 pred_pos=0.0000
    constant-force pressing: n=83 acc=1.0000 err=0 tp=0 tn=83 fp=0 fn=0 pred_pos=0.0000
    diagonal constant-force pressing: n=30 acc=1.0000 err=0 tp=0 tn=30 fp=0 fn=0 pred_pos=0.0000
    static no motion: n=29 acc=1.0000 err=0 tp=0 tn=29 fp=0 fn=0 pred_pos=0.0000
  [val/motion_type]
    rotation: n=136 acc=0.6985 err=41 tp=95 tn=0 fp=0 fn=41 pred_pos=0.6985
    translation: n=135 acc=0.9259 err=10 tp=125 tn=0 fp=0 fn=10 pred_pos=0.9259
    non-slip: n=280 acc=1.0000 err=0 tp=0 tn=280 fp=0 fn=0 pred_pos=0.0000
  [val/session]
    session_049: n=62 acc=0.7419 err=16 tp=17 tn=29 fp=0 fn=16 pred_pos=0.2742
    session_019: n=49 acc=0.7755 err=11 tp=8 tn=30 fp=0 fn=11 pred_pos=0.1633
    session_039: n=60 acc=0.9167 err=5 tp=27 tn=28 fp=0 fn=5 pred_pos=0.4500
    session_015: n=50 acc=0.9000 err=5 tp=15 tn=30 fp=0 fn=5 pred_pos=0.3000
    session_029: n=56 acc=0.9286 err=4 tp=28 tn=24 fp=0 fn=4 pred_pos=0.5000
    session_004: n=46 acc=0.9130 err=4 tp=15 tn=27 fp=0 fn=4 pred_pos=0.3261
    session_044: n=59 acc=0.9492 err=3 tp=30 tn=26 fp=0 fn=3 pred_pos=0.5085
    session_034: n=61 acc=0.9672 err=2 tp=30 tn=29 fp=0 fn=2 pred_pos=0.4918
    session_009: n=47 acc=0.9787 err=1 tp=18 tn=28 fp=0 fn=1 pred_pos=0.3830
    session_024: n=61 acc=1.0000 err=0 tp=32 tn=29 fp=0 fn=0 pred_pos=0.5246
  [val/material]
    plastic: n=192 acc=0.8906 err=21 tp=56 tn=115 fp=0 fn=21 pred_pos=0.2917
    USB cable: n=121 acc=0.8430 err=19 tp=47 tn=55 fp=0 fn=19 pred_pos=0.3884
    soft foam earplug: n=121 acc=0.9421 err=7 tp=57 tn=57 fp=0 fn=7 pred_pos=0.4711
    A4 paper: n=117 acc=0.9658 err=4 tp=60 tn=53 fp=0 fn=4 pred_pos=0.5128
[INFO] epoch 11/40 started
  [train] batch 1/59 loss=0.1553 avg=0.1553 speed=0.30 batch/s
  [train] batch 20/59 loss=0.1073 avg=0.1222 speed=1.09 batch/s
  [train] batch 40/59 loss=0.0106 avg=0.0986 speed=1.10 batch/s
  [train] batch 59/59 loss=0.1637 avg=0.1090 speed=1.16 batch/s
[Epoch 011] loss=0.1090 window=8 train_acc=0.9888 train_balanced_acc=0.9888 val_acc=0.9365 balanced_acc=0.9368 smoothed_balanced_acc=0.9150 f1=0.9369 precision=0.9155 recall=0.9594 pred_pos=0.5154 mean_p=0.5105 mean_p_pos=0.9375 mean_p_neg=0.0972 tp=260 tn=256 fp=24 fn=11 lr=5.00e-04 time=124.4s
  [val/behavior]
    diagonal constant-force pressing: n=30 acc=0.2333 err=23 tp=0 tn=7 fp=23 fn=0 pred_pos=0.7667
    rotational sliding: n=136 acc=0.9559 err=6 tp=130 tn=0 fp=0 fn=6 pred_pos=0.9559
    translational sliding: n=135 acc=0.9630 err=5 tp=130 tn=0 fp=0 fn=5 pred_pos=0.9630
    continuous variable-force pressing: n=138 acc=0.9928 err=1 tp=0 tn=137 fp=1 fn=0 pred_pos=0.0072
    constant-force pressing: n=83 acc=1.0000 err=0 tp=0 tn=83 fp=0 fn=0 pred_pos=0.0000
    static no motion: n=29 acc=1.0000 err=0 tp=0 tn=29 fp=0 fn=0 pred_pos=0.0000
  [val/motion_type]
    non-slip: n=280 acc=0.9143 err=24 tp=0 tn=256 fp=24 fn=0 pred_pos=0.0857
    rotation: n=136 acc=0.9559 err=6 tp=130 tn=0 fp=0 fn=6 pred_pos=0.9559
    translation: n=135 acc=0.9630 err=5 tp=130 tn=0 fp=0 fn=5 pred_pos=0.9630
  [val/session]
    session_015: n=50 acc=0.5400 err=23 tp=20 tn=7 fp=23 fn=0 pred_pos=0.8600
    session_039: n=60 acc=0.9167 err=5 tp=27 tn=28 fp=0 fn=5 pred_pos=0.4500
    session_034: n=61 acc=0.9508 err=3 tp=29 tn=29 fp=0 fn=3 pred_pos=0.4754
    session_004: n=46 acc=0.9565 err=2 tp=18 tn=26 fp=1 fn=1 pred_pos=0.4130
    session_049: n=62 acc=0.9839 err=1 tp=32 tn=29 fp=0 fn=1 pred_pos=0.5161
    session_009: n=47 acc=0.9787 err=1 tp=18 tn=28 fp=0 fn=1 pred_pos=0.3830
    session_024: n=61 acc=1.0000 err=0 tp=32 tn=29 fp=0 fn=0 pred_pos=0.5246
    session_044: n=59 acc=1.0000 err=0 tp=33 tn=26 fp=0 fn=0 pred_pos=0.5593
    session_029: n=56 acc=1.0000 err=0 tp=32 tn=24 fp=0 fn=0 pred_pos=0.5714
    session_019: n=49 acc=1.0000 err=0 tp=19 tn=30 fp=0 fn=0 pred_pos=0.3878
  [val/material]
    plastic: n=192 acc=0.8646 err=26 tp=75 tn=91 fp=24 fn=2 pred_pos=0.5156
    soft foam earplug: n=121 acc=0.9339 err=8 tp=56 tn=57 fp=0 fn=8 pred_pos=0.4628
    USB cable: n=121 acc=0.9917 err=1 tp=65 tn=55 fp=0 fn=1 pred_pos=0.5372
    A4 paper: n=117 acc=1.0000 err=0 tp=64 tn=53 fp=0 fn=0 pred_pos=0.5470
[INFO] epoch 12/40 started
  [train] batch 1/59 loss=0.1456 avg=0.1456 speed=0.30 batch/s
  [train] batch 20/59 loss=0.0372 avg=0.0818 speed=1.06 batch/s
  [train] batch 40/59 loss=0.0778 avg=0.0728 speed=1.08 batch/s
  [train] batch 59/59 loss=0.0221 avg=0.0733 speed=1.15 batch/s
[Epoch 012] loss=0.0733 window=8 train_acc=0.9894 train_balanced_acc=0.9894 val_acc=0.9401 balanced_acc=0.9409 smoothed_balanced_acc=0.9279 f1=0.9420 precision=0.8993 recall=0.9889 pred_pos=0.5408 mean_p=0.5484 mean_p_pos=0.9762 mean_p_neg=0.1344 tp=268 tn=250 fp=30 fn=3 lr=5.00e-04 time=121.9s
  [val/behavior]
    diagonal constant-force pressing: n=30 acc=0.5333 err=14 tp=0 tn=16 fp=14 fn=0 pred_pos=0.4667
    continuous variable-force pressing: n=138 acc=0.9203 err=11 tp=0 tn=127 fp=11 fn=0 pred_pos=0.0797
    constant-force pressing: n=83 acc=0.9398 err=5 tp=0 tn=78 fp=5 fn=0 pred_pos=0.0602
    rotational sliding: n=136 acc=0.9779 err=3 tp=133 tn=0 fp=0 fn=3 pred_pos=0.9779
    translational sliding: n=135 acc=1.0000 err=0 tp=135 tn=0 fp=0 fn=0 pred_pos=1.0000
    static no motion: n=29 acc=1.0000 err=0 tp=0 tn=29 fp=0 fn=0 pred_pos=0.0000
  [val/motion_type]
    non-slip: n=280 acc=0.8929 err=30 tp=0 tn=250 fp=30 fn=0 pred_pos=0.1071
    rotation: n=136 acc=0.9779 err=3 tp=133 tn=0 fp=0 fn=3 pred_pos=0.9779
    translation: n=135 acc=1.0000 err=0 tp=135 tn=0 fp=0 fn=0 pred_pos=1.0000
  [val/session]
    session_015: n=50 acc=0.7200 err=14 tp=20 tn=16 fp=14 fn=0 pred_pos=0.6800
    session_039: n=60 acc=0.9000 err=6 tp=31 tn=23 fp=5 fn=1 pred_pos=0.6000
    session_044: n=59 acc=0.9153 err=5 tp=33 tn=21 fp=5 fn=0 pred_pos=0.6441
    session_004: n=46 acc=0.9130 err=4 tp=19 tn=23 fp=4 fn=0 pred_pos=0.5000
    session_049: n=62 acc=0.9677 err=2 tp=32 tn=28 fp=1 fn=1 pred_pos=0.5323
    session_019: n=49 acc=0.9592 err=2 tp=18 tn=29 fp=1 fn=1 pred_pos=0.3878
    session_024: n=61 acc=1.0000 err=0 tp=32 tn=29 fp=0 fn=0 pred_pos=0.5246
    session_034: n=61 acc=1.0000 err=0 tp=32 tn=29 fp=0 fn=0 pred_pos=0.5246
    session_029: n=56 acc=1.0000 err=0 tp=32 tn=24 fp=0 fn=0 pred_pos=0.5714
    session_009: n=47 acc=1.0000 err=0 tp=19 tn=28 fp=0 fn=0 pred_pos=0.4043
  [val/material]
    plastic: n=192 acc=0.8958 err=20 tp=76 tn=96 fp=19 fn=1 pred_pos=0.4948
    USB cable: n=121 acc=0.9421 err=7 tp=65 tn=49 fp=6 fn=1 pred_pos=0.5868
    soft foam earplug: n=121 acc=0.9504 err=6 tp=63 tn=52 fp=5 fn=1 pred_pos=0.5620
    A4 paper: n=117 acc=1.0000 err=0 tp=64 tn=53 fp=0 fn=0 pred_pos=0.5470
[INFO] epoch 13/40 started
  [train] batch 1/59 loss=0.0095 avg=0.0095 speed=0.27 batch/s
  [train] batch 20/59 loss=0.2800 avg=0.0682 speed=1.09 batch/s
  [train] batch 40/59 loss=0.0541 avg=0.0702 speed=1.11 batch/s
  [train] batch 59/59 loss=0.0336 avg=0.0786 speed=1.18 batch/s
[BEST] epoch=13 smoothed_balanced_acc=0.9476 saved
[Epoch 013] loss=0.0786 window=8 train_acc=0.9686 train_balanced_acc=0.9684 val_acc=0.9655 balanced_acc=0.9649 smoothed_balanced_acc=0.9476 f1=0.9637 precision=1.0000 recall=0.9299 pred_pos=0.4574 mean_p=0.4549 mean_p_pos=0.9188 mean_p_neg=0.0059 tp=252 tn=280 fp=0 fn=19 lr=5.00e-04 time=119.4s
  [val/behavior]
    rotational sliding: n=136 acc=0.8824 err=16 tp=120 tn=0 fp=0 fn=16 pred_pos=0.8824
    translational sliding: n=135 acc=0.9778 err=3 tp=132 tn=0 fp=0 fn=3 pred_pos=0.9778
    continuous variable-force pressing: n=138 acc=1.0000 err=0 tp=0 tn=138 fp=0 fn=0 pred_pos=0.0000
    constant-force pressing: n=83 acc=1.0000 err=0 tp=0 tn=83 fp=0 fn=0 pred_pos=0.0000
    diagonal constant-force pressing: n=30 acc=1.0000 err=0 tp=0 tn=30 fp=0 fn=0 pred_pos=0.0000
    static no motion: n=29 acc=1.0000 err=0 tp=0 tn=29 fp=0 fn=0 pred_pos=0.0000
  [val/motion_type]
    rotation: n=136 acc=0.8824 err=16 tp=120 tn=0 fp=0 fn=16 pred_pos=0.8824
    translation: n=135 acc=0.9778 err=3 tp=132 tn=0 fp=0 fn=3 pred_pos=0.9778
    non-slip: n=280 acc=1.0000 err=0 tp=0 tn=280 fp=0 fn=0 pred_pos=0.0000
  [val/session]
    session_019: n=49 acc=0.8571 err=7 tp=12 tn=30 fp=0 fn=7 pred_pos=0.2449
    session_039: n=60 acc=0.9500 err=3 tp=29 tn=28 fp=0 fn=3 pred_pos=0.4833
    session_029: n=56 acc=0.9464 err=3 tp=29 tn=24 fp=0 fn=3 pred_pos=0.5179
    session_049: n=62 acc=0.9677 err=2 tp=31 tn=29 fp=0 fn=2 pred_pos=0.5000
    session_034: n=61 acc=0.9672 err=2 tp=30 tn=29 fp=0 fn=2 pred_pos=0.4918
    session_015: n=50 acc=0.9800 err=1 tp=19 tn=30 fp=0 fn=1 pred_pos=0.3800
    session_004: n=46 acc=0.9783 err=1 tp=18 tn=27 fp=0 fn=1 pred_pos=0.3913
    session_024: n=61 acc=1.0000 err=0 tp=32 tn=29 fp=0 fn=0 pred_pos=0.5246
    session_044: n=59 acc=1.0000 err=0 tp=33 tn=26 fp=0 fn=0 pred_pos=0.5593
    session_009: n=47 acc=1.0000 err=0 tp=19 tn=28 fp=0 fn=0 pred_pos=0.4043
  [val/material]
    plastic: n=192 acc=0.9531 err=9 tp=68 tn=115 fp=0 fn=9 pred_pos=0.3542
    soft foam earplug: n=121 acc=0.9587 err=5 tp=59 tn=57 fp=0 fn=5 pred_pos=0.4876
    A4 paper: n=117 acc=0.9744 err=3 tp=61 tn=53 fp=0 fn=3 pred_pos=0.5214
    USB cable: n=121 acc=0.9835 err=2 tp=64 tn=55 fp=0 fn=2 pred_pos=0.5289
[INFO] epoch 14/40 started
  [train] batch 1/59 loss=0.0152 avg=0.0152 speed=0.30 batch/s
  [train] batch 20/59 loss=0.0087 avg=0.0401 speed=1.12 batch/s
  [train] batch 40/59 loss=0.3183 avg=0.0472 speed=1.13 batch/s
  [train] batch 59/59 loss=0.0298 avg=0.0446 speed=1.20 batch/s
[Epoch 014] loss=0.0446 window=8 train_acc=0.9633 train_balanced_acc=0.9636 val_acc=0.7913 balanced_acc=0.7946 smoothed_balanced_acc=0.9002 f1=0.8250 precision=0.7021 recall=1.0000 pred_pos=0.7005 mean_p=0.7050 mean_p_pos=0.9972 mean_p_neg=0.4223 tp=271 tn=165 fp=115 fn=0 lr=5.00e-04 time=120.0s
  [val/behavior]
    constant-force pressing: n=83 acc=0.4458 err=46 tp=0 tn=37 fp=46 fn=0 pred_pos=0.5542
    continuous variable-force pressing: n=138 acc=0.7609 err=33 tp=0 tn=105 fp=33 fn=0 pred_pos=0.2391
    diagonal constant-force pressing: n=30 acc=0.0000 err=30 tp=0 tn=0 fp=30 fn=0 pred_pos=1.0000
    static no motion: n=29 acc=0.7931 err=6 tp=0 tn=23 fp=6 fn=0 pred_pos=0.2069
    rotational sliding: n=136 acc=1.0000 err=0 tp=136 tn=0 fp=0 fn=0 pred_pos=1.0000
    translational sliding: n=135 acc=1.0000 err=0 tp=135 tn=0 fp=0 fn=0 pred_pos=1.0000
  [val/motion_type]
    non-slip: n=280 acc=0.5893 err=115 tp=0 tn=165 fp=115 fn=0 pred_pos=0.4107
    rotation: n=136 acc=1.0000 err=0 tp=136 tn=0 fp=0 fn=0 pred_pos=1.0000
    translation: n=135 acc=1.0000 err=0 tp=135 tn=0 fp=0 fn=0 pred_pos=1.0000
  [val/session]
    session_015: n=50 acc=0.4000 err=30 tp=20 tn=0 fp=30 fn=0 pred_pos=1.0000
    session_009: n=47 acc=0.4468 err=26 tp=19 tn=2 fp=26 fn=0 pred_pos=0.9574
    session_034: n=61 acc=0.7869 err=13 tp=32 tn=16 fp=13 fn=0 pred_pos=0.7377
    session_019: n=49 acc=0.7755 err=11 tp=19 tn=19 fp=11 fn=0 pred_pos=0.6122
    session_004: n=46 acc=0.8043 err=9 tp=19 tn=18 fp=9 fn=0 pred_pos=0.6087
    session_039: n=60 acc=0.8667 err=8 tp=32 tn=20 fp=8 fn=0 pred_pos=0.6667
    session_044: n=59 acc=0.8814 err=7 tp=33 tn=19 fp=7 fn=0 pred_pos=0.6780
    session_024: n=61 acc=0.9016 err=6 tp=32 tn=23 fp=6 fn=0 pred_pos=0.6230
    session_049: n=62 acc=0.9194 err=5 tp=33 tn=24 fp=5 fn=0 pred_pos=0.6129
    session_029: n=56 acc=1.0000 err=0 tp=32 tn=24 fp=0 fn=0 pred_pos=0.5714
  [val/material]
    plastic: n=192 acc=0.6042 err=76 tp=77 tn=39 fp=76 fn=0 pred_pos=0.7969
    soft foam earplug: n=121 acc=0.8264 err=21 tp=64 tn=36 fp=21 fn=0 pred_pos=0.7025
    USB cable: n=121 acc=0.9008 err=12 tp=66 tn=43 fp=12 fn=0 pred_pos=0.6446
    A4 paper: n=117 acc=0.9487 err=6 tp=64 tn=47 fp=6 fn=0 pred_pos=0.5983
[INFO] epoch 15/40 started
  [train] batch 1/59 loss=0.1265 avg=0.1265 speed=0.28 batch/s
  [train] batch 20/59 loss=0.0048 avg=0.0484 speed=1.11 batch/s
  [train] batch 40/59 loss=0.0319 avg=0.0420 speed=1.13 batch/s
  [train] batch 59/59 loss=0.0107 avg=0.0389 speed=1.19 batch/s
[Epoch 015] loss=0.0389 window=8 train_acc=0.9973 train_balanced_acc=0.9973 val_acc=0.9619 balanced_acc=0.9622 smoothed_balanced_acc=0.9073 f1=0.9620 precision=0.9433 recall=0.9815 pred_pos=0.5118 mean_p=0.5182 mean_p_pos=0.9761 mean_p_neg=0.0750 tp=266 tn=264 fp=16 fn=5 lr=5.00e-04 time=120.1s
  [val/behavior]
    diagonal constant-force pressing: n=30 acc=0.5000 err=15 tp=0 tn=15 fp=15 fn=0 pred_pos=0.5000
    rotational sliding: n=136 acc=0.9706 err=4 tp=132 tn=0 fp=0 fn=4 pred_pos=0.9706
    continuous variable-force pressing: n=138 acc=0.9928 err=1 tp=0 tn=137 fp=1 fn=0 pred_pos=0.0072
    translational sliding: n=135 acc=0.9926 err=1 tp=134 tn=0 fp=0 fn=1 pred_pos=0.9926
    constant-force pressing: n=83 acc=1.0000 err=0 tp=0 tn=83 fp=0 fn=0 pred_pos=0.0000
    static no motion: n=29 acc=1.0000 err=0 tp=0 tn=29 fp=0 fn=0 pred_pos=0.0000
  [val/motion_type]
    non-slip: n=280 acc=0.9429 err=16 tp=0 tn=264 fp=16 fn=0 pred_pos=0.0571
    rotation: n=136 acc=0.9706 err=4 tp=132 tn=0 fp=0 fn=4 pred_pos=0.9706
    translation: n=135 acc=0.9926 err=1 tp=134 tn=0 fp=0 fn=1 pred_pos=0.9926
  [val/session]
    session_015: n=50 acc=0.7000 err=15 tp=20 tn=15 fp=15 fn=0 pred_pos=0.7000
    session_049: n=62 acc=0.9677 err=2 tp=31 tn=29 fp=0 fn=2 pred_pos=0.5000
    session_039: n=60 acc=0.9667 err=2 tp=30 tn=28 fp=0 fn=2 pred_pos=0.5000
    session_034: n=61 acc=0.9836 err=1 tp=31 tn=29 fp=0 fn=1 pred_pos=0.5082
    session_004: n=46 acc=0.9783 err=1 tp=19 tn=26 fp=1 fn=0 pred_pos=0.4348
    session_024: n=61 acc=1.0000 err=0 tp=32 tn=29 fp=0 fn=0 pred_pos=0.5246
    session_044: n=59 acc=1.0000 err=0 tp=33 tn=26 fp=0 fn=0 pred_pos=0.5593
    session_029: n=56 acc=1.0000 err=0 tp=32 tn=24 fp=0 fn=0 pred_pos=0.5714
    session_019: n=49 acc=1.0000 err=0 tp=19 tn=30 fp=0 fn=0 pred_pos=0.3878
    session_009: n=47 acc=1.0000 err=0 tp=19 tn=28 fp=0 fn=0 pred_pos=0.4043
  [val/material]
    plastic: n=192 acc=0.9167 err=16 tp=77 tn=99 fp=16 fn=0 pred_pos=0.4844
    soft foam earplug: n=121 acc=0.9752 err=3 tp=61 tn=57 fp=0 fn=3 pred_pos=0.5041
    USB cable: n=121 acc=0.9835 err=2 tp=64 tn=55 fp=0 fn=2 pred_pos=0.5289
    A4 paper: n=117 acc=1.0000 err=0 tp=64 tn=53 fp=0 fn=0 pred_pos=0.5470
[INFO] epoch 16/40 started
  [train] batch 1/59 loss=0.0140 avg=0.0140 speed=0.29 batch/s
  [train] batch 20/59 loss=0.0018 avg=0.0471 speed=1.13 batch/s
  [train] batch 40/59 loss=0.0072 avg=0.0560 speed=1.13 batch/s
  [train] batch 59/59 loss=0.1673 avg=0.0669 speed=1.19 batch/s
[Epoch 016] loss=0.0669 window=8 train_acc=0.9883 train_balanced_acc=0.9884 val_acc=0.8820 balanced_acc=0.8839 smoothed_balanced_acc=0.8802 f1=0.8926 precision=0.8084 recall=0.9963 pred_pos=0.6062 mean_p=0.6076 mean_p_pos=0.9940 mean_p_neg=0.2336 tp=270 tn=216 fp=64 fn=1 lr=5.00e-04 time=119.1s
  [val/behavior]
    diagonal constant-force pressing: n=30 acc=0.0000 err=30 tp=0 tn=0 fp=30 fn=0 pred_pos=1.0000
    continuous variable-force pressing: n=138 acc=0.8406 err=22 tp=0 tn=116 fp=22 fn=0 pred_pos=0.1594
    constant-force pressing: n=83 acc=0.8554 err=12 tp=0 tn=71 fp=12 fn=0 pred_pos=0.1446
    translational sliding: n=135 acc=0.9926 err=1 tp=134 tn=0 fp=0 fn=1 pred_pos=0.9926
    rotational sliding: n=136 acc=1.0000 err=0 tp=136 tn=0 fp=0 fn=0 pred_pos=1.0000
    static no motion: n=29 acc=1.0000 err=0 tp=0 tn=29 fp=0 fn=0 pred_pos=0.0000
  [val/motion_type]
    non-slip: n=280 acc=0.7714 err=64 tp=0 tn=216 fp=64 fn=0 pred_pos=0.2286
    translation: n=135 acc=0.9926 err=1 tp=134 tn=0 fp=0 fn=1 pred_pos=0.9926
    rotation: n=136 acc=1.0000 err=0 tp=136 tn=0 fp=0 fn=0 pred_pos=1.0000
  [val/session]
    session_015: n=50 acc=0.4000 err=30 tp=20 tn=0 fp=30 fn=0 pred_pos=1.0000
    session_049: n=62 acc=0.7581 err=15 tp=33 tn=14 fp=15 fn=0 pred_pos=0.7742
    session_009: n=47 acc=0.7660 err=11 tp=19 tn=17 fp=11 fn=0 pred_pos=0.6383
    session_004: n=46 acc=0.9130 err=4 tp=19 tn=23 fp=4 fn=0 pred_pos=0.5000
    session_019: n=49 acc=0.9388 err=3 tp=19 tn=27 fp=3 fn=0 pred_pos=0.4490
    session_034: n=61 acc=0.9672 err=2 tp=31 tn=28 fp=1 fn=1 pred_pos=0.5246
    session_024: n=61 acc=1.0000 err=0 tp=32 tn=29 fp=0 fn=0 pred_pos=0.5246
    session_039: n=60 acc=1.0000 err=0 tp=32 tn=28 fp=0 fn=0 pred_pos=0.5333
    session_044: n=59 acc=1.0000 err=0 tp=33 tn=26 fp=0 fn=0 pred_pos=0.5593
    session_029: n=56 acc=1.0000 err=0 tp=32 tn=24 fp=0 fn=0 pred_pos=0.5714
  [val/material]
    plastic: n=192 acc=0.7500 err=48 tp=77 tn=67 fp=48 fn=0 pred_pos=0.6510
    USB cable: n=121 acc=0.8760 err=15 tp=66 tn=40 fp=15 fn=0 pred_pos=0.6694
    soft foam earplug: n=121 acc=0.9835 err=2 tp=63 tn=56 fp=1 fn=1 pred_pos=0.5289
    A4 paper: n=117 acc=1.0000 err=0 tp=64 tn=53 fp=0 fn=0 pred_pos=0.5470
[INFO] epoch 17/40 started
  [train] batch 1/59 loss=0.0082 avg=0.0082 speed=0.30 batch/s
  [train] batch 20/59 loss=0.2325 avg=0.0789 speed=1.14 batch/s
  [train] batch 40/59 loss=0.0719 avg=0.0797 speed=1.15 batch/s
  [train] batch 59/59 loss=0.0029 avg=0.0664 speed=1.22 batch/s
[Epoch 017] loss=0.0664 window=8 train_acc=0.9968 train_balanced_acc=0.9968 val_acc=0.9746 balanced_acc=0.9748 smoothed_balanced_acc=0.9403 f1=0.9745 precision=0.9606 recall=0.9889 pred_pos=0.5064 mean_p=0.5100 mean_p_pos=0.9822 mean_p_neg=0.0529 tp=268 tn=269 fp=11 fn=3 lr=2.50e-04 time=118.5s
  [val/behavior]
    diagonal constant-force pressing: n=30 acc=0.7333 err=8 tp=0 tn=22 fp=8 fn=0 pred_pos=0.2667
    continuous variable-force pressing: n=138 acc=0.9783 err=3 tp=0 tn=135 fp=3 fn=0 pred_pos=0.0217
    rotational sliding: n=136 acc=0.9853 err=2 tp=134 tn=0 fp=0 fn=2 pred_pos=0.9853
    translational sliding: n=135 acc=0.9926 err=1 tp=134 tn=0 fp=0 fn=1 pred_pos=0.9926
    constant-force pressing: n=83 acc=1.0000 err=0 tp=0 tn=83 fp=0 fn=0 pred_pos=0.0000
    static no motion: n=29 acc=1.0000 err=0 tp=0 tn=29 fp=0 fn=0 pred_pos=0.0000
  [val/motion_type]
    non-slip: n=280 acc=0.9607 err=11 tp=0 tn=269 fp=11 fn=0 pred_pos=0.0393
    rotation: n=136 acc=0.9853 err=2 tp=134 tn=0 fp=0 fn=2 pred_pos=0.9853
    translation: n=135 acc=0.9926 err=1 tp=134 tn=0 fp=0 fn=1 pred_pos=0.9926
  [val/session]
    session_015: n=50 acc=0.8400 err=8 tp=20 tn=22 fp=8 fn=0 pred_pos=0.5600
    session_004: n=46 acc=0.9565 err=2 tp=19 tn=25 fp=2 fn=0 pred_pos=0.4565
    session_049: n=62 acc=0.9839 err=1 tp=33 tn=28 fp=1 fn=0 pred_pos=0.5484
    session_034: n=61 acc=0.9836 err=1 tp=31 tn=29 fp=0 fn=1 pred_pos=0.5082
    session_039: n=60 acc=0.9833 err=1 tp=31 tn=28 fp=0 fn=1 pred_pos=0.5167
    session_019: n=49 acc=0.9796 err=1 tp=18 tn=30 fp=0 fn=1 pred_pos=0.3673
    session_024: n=61 acc=1.0000 err=0 tp=32 tn=29 fp=0 fn=0 pred_pos=0.5246
    session_044: n=59 acc=1.0000 err=0 tp=33 tn=26 fp=0 fn=0 pred_pos=0.5593
    session_029: n=56 acc=1.0000 err=0 tp=32 tn=24 fp=0 fn=0 pred_pos=0.5714
    session_009: n=47 acc=1.0000 err=0 tp=19 tn=28 fp=0 fn=0 pred_pos=0.4043
  [val/material]
    plastic: n=192 acc=0.9427 err=11 tp=76 tn=105 fp=10 fn=1 pred_pos=0.4479
    soft foam earplug: n=121 acc=0.9835 err=2 tp=62 tn=57 fp=0 fn=2 pred_pos=0.5124
    USB cable: n=121 acc=0.9917 err=1 tp=66 tn=54 fp=1 fn=0 pred_pos=0.5537
    A4 paper: n=117 acc=1.0000 err=0 tp=64 tn=53 fp=0 fn=0 pred_pos=0.5470
[INFO] epoch 18/40 started
  [train] batch 1/59 loss=0.0079 avg=0.0079 speed=0.32 batch/s
  [train] batch 20/59 loss=0.0692 avg=0.0261 speed=1.14 batch/s
  [train] batch 40/59 loss=0.0030 avg=0.0440 speed=1.14 batch/s
  [train] batch 59/59 loss=0.0087 avg=0.0421 speed=1.21 batch/s
[BEST] epoch=18 smoothed_balanced_acc=0.9487 saved
[Epoch 018] loss=0.0421 window=8 train_acc=0.9973 train_balanced_acc=0.9973 val_acc=0.9873 balanced_acc=0.9873 smoothed_balanced_acc=0.9487 f1=0.9871 precision=0.9889 recall=0.9852 pred_pos=0.4900 mean_p=0.4923 mean_p_pos=0.9745 mean_p_neg=0.0257 tp=267 tn=277 fp=3 fn=4 lr=2.50e-04 time=121.0s
  [val/behavior]
    rotational sliding: n=136 acc=0.9779 err=3 tp=133 tn=0 fp=0 fn=3 pred_pos=0.9779
    diagonal constant-force pressing: n=30 acc=0.9333 err=2 tp=0 tn=28 fp=2 fn=0 pred_pos=0.0667
    continuous variable-force pressing: n=138 acc=0.9928 err=1 tp=0 tn=137 fp=1 fn=0 pred_pos=0.0072
    translational sliding: n=135 acc=0.9926 err=1 tp=134 tn=0 fp=0 fn=1 pred_pos=0.9926
    constant-force pressing: n=83 acc=1.0000 err=0 tp=0 tn=83 fp=0 fn=0 pred_pos=0.0000
    static no motion: n=29 acc=1.0000 err=0 tp=0 tn=29 fp=0 fn=0 pred_pos=0.0000
  [val/motion_type]
    non-slip: n=280 acc=0.9893 err=3 tp=0 tn=277 fp=3 fn=0 pred_pos=0.0107
    rotation: n=136 acc=0.9779 err=3 tp=133 tn=0 fp=0 fn=3 pred_pos=0.9779
    translation: n=135 acc=0.9926 err=1 tp=134 tn=0 fp=0 fn=1 pred_pos=0.9926
  [val/session]
    session_039: n=60 acc=0.9667 err=2 tp=30 tn=28 fp=0 fn=2 pred_pos=0.5000
    session_015: n=50 acc=0.9600 err=2 tp=20 tn=28 fp=2 fn=0 pred_pos=0.4400
    session_049: n=62 acc=0.9839 err=1 tp=32 tn=29 fp=0 fn=1 pred_pos=0.5161
    session_034: n=61 acc=0.9836 err=1 tp=31 tn=29 fp=0 fn=1 pred_pos=0.5082
    session_004: n=46 acc=0.9783 err=1 tp=19 tn=26 fp=1 fn=0 pred_pos=0.4348
    session_024: n=61 acc=1.0000 err=0 tp=32 tn=29 fp=0 fn=0 pred_pos=0.5246
    session_044: n=59 acc=1.0000 err=0 tp=33 tn=26 fp=0 fn=0 pred_pos=0.5593
    session_029: n=56 acc=1.0000 err=0 tp=32 tn=24 fp=0 fn=0 pred_pos=0.5714
    session_019: n=49 acc=1.0000 err=0 tp=19 tn=30 fp=0 fn=0 pred_pos=0.3878
    session_009: n=47 acc=1.0000 err=0 tp=19 tn=28 fp=0 fn=0 pred_pos=0.4043
  [val/material]
    plastic: n=192 acc=0.9844 err=3 tp=77 tn=112 fp=3 fn=0 pred_pos=0.4167
    soft foam earplug: n=121 acc=0.9752 err=3 tp=61 tn=57 fp=0 fn=3 pred_pos=0.5041
    USB cable: n=121 acc=0.9917 err=1 tp=65 tn=55 fp=0 fn=1 pred_pos=0.5372
    A4 paper: n=117 acc=1.0000 err=0 tp=64 tn=53 fp=0 fn=0 pred_pos=0.5470
[INFO] epoch 19/40 started
  [train] batch 1/59 loss=0.0082 avg=0.0082 speed=0.30 batch/s
  [train] batch 20/59 loss=0.0166 avg=0.0137 speed=1.11 batch/s
  [train] batch 40/59 loss=0.0940 avg=0.0297 speed=1.10 batch/s
  [train] batch 59/59 loss=0.0194 avg=0.0305 speed=1.17 batch/s
[BEST] epoch=19 smoothed_balanced_acc=0.9623 saved
[Epoch 019] loss=0.0305 window=8 train_acc=0.9973 train_balanced_acc=0.9974 val_acc=0.9238 balanced_acc=0.9248 smoothed_balanced_acc=0.9623 f1=0.9273 precision=0.8730 recall=0.9889 pred_pos=0.5572 mean_p=0.5654 mean_p_pos=0.9835 mean_p_neg=0.1608 tp=268 tn=241 fp=39 fn=3 lr=2.50e-04 time=119.7s
  [val/behavior]
    diagonal constant-force pressing: n=30 acc=0.0000 err=30 tp=0 tn=0 fp=30 fn=0 pred_pos=1.0000
    continuous variable-force pressing: n=138 acc=0.9565 err=6 tp=0 tn=132 fp=6 fn=0 pred_pos=0.0435
    constant-force pressing: n=83 acc=0.9639 err=3 tp=0 tn=80 fp=3 fn=0 pred_pos=0.0361
    rotational sliding: n=136 acc=0.9853 err=2 tp=134 tn=0 fp=0 fn=2 pred_pos=0.9853
    translational sliding: n=135 acc=0.9926 err=1 tp=134 tn=0 fp=0 fn=1 pred_pos=0.9926
    static no motion: n=29 acc=1.0000 err=0 tp=0 tn=29 fp=0 fn=0 pred_pos=0.0000
  [val/motion_type]
    non-slip: n=280 acc=0.8607 err=39 tp=0 tn=241 fp=39 fn=0 pred_pos=0.1393
    rotation: n=136 acc=0.9853 err=2 tp=134 tn=0 fp=0 fn=2 pred_pos=0.9853
    translation: n=135 acc=0.9926 err=1 tp=134 tn=0 fp=0 fn=1 pred_pos=0.9926
  [val/session]
    session_015: n=50 acc=0.4000 err=30 tp=20 tn=0 fp=30 fn=0 pred_pos=1.0000
    session_044: n=59 acc=0.9492 err=3 tp=33 tn=23 fp=3 fn=0 pred_pos=0.6102
    session_019: n=49 acc=0.9388 err=3 tp=19 tn=27 fp=3 fn=0 pred_pos=0.4490
    session_004: n=46 acc=0.9348 err=3 tp=19 tn=24 fp=3 fn=0 pred_pos=0.4783
    session_039: n=60 acc=0.9667 err=2 tp=30 tn=28 fp=0 fn=2 pred_pos=0.5000
    session_034: n=61 acc=0.9836 err=1 tp=31 tn=29 fp=0 fn=1 pred_pos=0.5082
    session_049: n=62 acc=1.0000 err=0 tp=33 tn=29 fp=0 fn=0 pred_pos=0.5323
    session_024: n=61 acc=1.0000 err=0 tp=32 tn=29 fp=0 fn=0 pred_pos=0.5246
    session_029: n=56 acc=1.0000 err=0 tp=32 tn=24 fp=0 fn=0 pred_pos=0.5714
    session_009: n=47 acc=1.0000 err=0 tp=19 tn=28 fp=0 fn=0 pred_pos=0.4043
  [val/material]
    plastic: n=192 acc=0.8125 err=36 tp=77 tn=79 fp=36 fn=0 pred_pos=0.5885
    USB cable: n=121 acc=0.9752 err=3 tp=66 tn=52 fp=3 fn=0 pred_pos=0.5702
    soft foam earplug: n=121 acc=0.9752 err=3 tp=61 tn=57 fp=0 fn=3 pred_pos=0.5041
    A4 paper: n=117 acc=1.0000 err=0 tp=64 tn=53 fp=0 fn=0 pred_pos=0.5470
[INFO] epoch 20/40 started
  [train] batch 1/59 loss=0.0123 avg=0.0123 speed=0.27 batch/s
  [train] batch 20/59 loss=0.1877 avg=0.0163 speed=1.13 batch/s
  [train] batch 40/59 loss=0.0008 avg=0.0178 speed=1.13 batch/s
  [train] batch 59/59 loss=0.0322 avg=0.0215 speed=1.19 batch/s
[Epoch 020] loss=0.0215 window=8 train_acc=0.9973 train_balanced_acc=0.9974 val_acc=0.9201 balanced_acc=0.9213 smoothed_balanced_acc=0.9445 f1=0.9244 precision=0.8650 recall=0.9926 pred_pos=0.5644 mean_p=0.5698 mean_p_pos=0.9906 mean_p_neg=0.1625 tp=269 tn=238 fp=42 fn=2 lr=2.50e-04 time=120.4s
  [val/behavior]
    diagonal constant-force pressing: n=30 acc=0.0000 err=30 tp=0 tn=0 fp=30 fn=0 pred_pos=1.0000
    continuous variable-force pressing: n=138 acc=0.9493 err=7 tp=0 tn=131 fp=7 fn=0 pred_pos=0.0507
    constant-force pressing: n=83 acc=0.9398 err=5 tp=0 tn=78 fp=5 fn=0 pred_pos=0.0602
    rotational sliding: n=136 acc=0.9926 err=1 tp=135 tn=0 fp=0 fn=1 pred_pos=0.9926
    translational sliding: n=135 acc=0.9926 err=1 tp=134 tn=0 fp=0 fn=1 pred_pos=0.9926
    static no motion: n=29 acc=1.0000 err=0 tp=0 tn=29 fp=0 fn=0 pred_pos=0.0000
  [val/motion_type]
    non-slip: n=280 acc=0.8500 err=42 tp=0 tn=238 fp=42 fn=0 pred_pos=0.1500
    rotation: n=136 acc=0.9926 err=1 tp=135 tn=0 fp=0 fn=1 pred_pos=0.9926
    translation: n=135 acc=0.9926 err=1 tp=134 tn=0 fp=0 fn=1 pred_pos=0.9926
  [val/session]
    session_015: n=50 acc=0.4000 err=30 tp=20 tn=0 fp=30 fn=0 pred_pos=1.0000
    session_049: n=62 acc=0.9355 err=4 tp=33 tn=25 fp=4 fn=0 pred_pos=0.5968
    session_044: n=59 acc=0.9492 err=3 tp=33 tn=23 fp=3 fn=0 pred_pos=0.6102
    session_019: n=49 acc=0.9592 err=2 tp=19 tn=28 fp=2 fn=0 pred_pos=0.4286
    session_009: n=47 acc=0.9574 err=2 tp=19 tn=26 fp=2 fn=0 pred_pos=0.4468
    session_034: n=61 acc=0.9836 err=1 tp=31 tn=29 fp=0 fn=1 pred_pos=0.5082
    session_039: n=60 acc=0.9833 err=1 tp=31 tn=28 fp=0 fn=1 pred_pos=0.5167
    session_004: n=46 acc=0.9783 err=1 tp=19 tn=26 fp=1 fn=0 pred_pos=0.4348
    session_024: n=61 acc=1.0000 err=0 tp=32 tn=29 fp=0 fn=0 pred_pos=0.5246
    session_029: n=56 acc=1.0000 err=0 tp=32 tn=24 fp=0 fn=0 pred_pos=0.5714
  [val/material]
    plastic: n=192 acc=0.8177 err=35 tp=77 tn=80 fp=35 fn=0 pred_pos=0.5833
    USB cable: n=121 acc=0.9421 err=7 tp=66 tn=48 fp=7 fn=0 pred_pos=0.6033
    soft foam earplug: n=121 acc=0.9835 err=2 tp=62 tn=57 fp=0 fn=2 pred_pos=0.5124
    A4 paper: n=117 acc=1.0000 err=0 tp=64 tn=53 fp=0 fn=0 pred_pos=0.5470
[INFO] epoch 21/40 started
  [train] batch 1/59 loss=0.0005 avg=0.0005 speed=0.30 batch/s
  [train] batch 20/59 loss=0.0023 avg=0.0083 speed=1.11 batch/s
  [train] batch 40/59 loss=0.0498 avg=0.0164 speed=1.11 batch/s
  [train] batch 59/59 loss=0.0004 avg=0.0158 speed=1.17 batch/s
[Epoch 021] loss=0.0158 window=8 train_acc=0.9989 train_balanced_acc=0.9989 val_acc=0.9782 balanced_acc=0.9781 smoothed_balanced_acc=0.9414 f1=0.9777 precision=0.9850 recall=0.9705 pred_pos=0.4846 mean_p=0.4895 mean_p_pos=0.9696 mean_p_neg=0.0248 tp=263 tn=276 fp=4 fn=8 lr=2.50e-04 time=121.1s
  [val/behavior]
    rotational sliding: n=136 acc=0.9412 err=8 tp=128 tn=0 fp=0 fn=8 pred_pos=0.9412
    continuous variable-force pressing: n=138 acc=0.9783 err=3 tp=0 tn=135 fp=3 fn=0 pred_pos=0.0217
    constant-force pressing: n=83 acc=0.9880 err=1 tp=0 tn=82 fp=1 fn=0 pred_pos=0.0120
    translational sliding: n=135 acc=1.0000 err=0 tp=135 tn=0 fp=0 fn=0 pred_pos=1.0000
    diagonal constant-force pressing: n=30 acc=1.0000 err=0 tp=0 tn=30 fp=0 fn=0 pred_pos=0.0000
    static no motion: n=29 acc=1.0000 err=0 tp=0 tn=29 fp=0 fn=0 pred_pos=0.0000
  [val/motion_type]
    rotation: n=136 acc=0.9412 err=8 tp=128 tn=0 fp=0 fn=8 pred_pos=0.9412
    non-slip: n=280 acc=0.9857 err=4 tp=0 tn=276 fp=4 fn=0 pred_pos=0.0143
    translation: n=135 acc=1.0000 err=0 tp=135 tn=0 fp=0 fn=0 pred_pos=1.0000
  [val/session]
    session_039: n=60 acc=0.9333 err=4 tp=28 tn=28 fp=0 fn=4 pred_pos=0.4667
    session_004: n=46 acc=0.9348 err=3 tp=19 tn=24 fp=3 fn=0 pred_pos=0.4783
    session_049: n=62 acc=0.9677 err=2 tp=31 tn=29 fp=0 fn=2 pred_pos=0.5000
    session_019: n=49 acc=0.9592 err=2 tp=17 tn=30 fp=0 fn=2 pred_pos=0.3469
    session_044: n=59 acc=0.9831 err=1 tp=33 tn=25 fp=1 fn=0 pred_pos=0.5763
    session_024: n=61 acc=1.0000 err=0 tp=32 tn=29 fp=0 fn=0 pred_pos=0.5246
    session_034: n=61 acc=1.0000 err=0 tp=32 tn=29 fp=0 fn=0 pred_pos=0.5246
    session_029: n=56 acc=1.0000 err=0 tp=32 tn=24 fp=0 fn=0 pred_pos=0.5714
    session_015: n=50 acc=1.0000 err=0 tp=20 tn=30 fp=0 fn=0 pred_pos=0.4000
    session_009: n=47 acc=1.0000 err=0 tp=19 tn=28 fp=0 fn=0 pred_pos=0.4043
  [val/material]
    plastic: n=192 acc=0.9740 err=5 tp=75 tn=112 fp=3 fn=2 pred_pos=0.4062
    soft foam earplug: n=121 acc=0.9669 err=4 tp=60 tn=57 fp=0 fn=4 pred_pos=0.4959
    USB cable: n=121 acc=0.9752 err=3 tp=64 tn=54 fp=1 fn=2 pred_pos=0.5372
    A4 paper: n=117 acc=1.0000 err=0 tp=64 tn=53 fp=0 fn=0 pred_pos=0.5470
[INFO] epoch 22/40 started
  [train] batch 1/59 loss=0.0061 avg=0.0061 speed=0.30 batch/s
  [train] batch 20/59 loss=0.0009 avg=0.0095 speed=1.11 batch/s
  [train] batch 40/59 loss=0.0006 avg=0.0081 speed=1.11 batch/s
  [train] batch 59/59 loss=0.0021 avg=0.0140 speed=1.17 batch/s
[Epoch 022] loss=0.0140 window=8 train_acc=0.9989 train_balanced_acc=0.9989 val_acc=0.9691 balanced_acc=0.9695 smoothed_balanced_acc=0.9563 f1=0.9694 precision=0.9472 recall=0.9926 pred_pos=0.5154 mean_p=0.5194 mean_p_pos=0.9873 mean_p_neg=0.0664 tp=269 tn=265 fp=15 fn=2 lr=2.50e-04 time=117.2s
  [val/behavior]
    constant-force pressing: n=83 acc=0.8916 err=9 tp=0 tn=74 fp=9 fn=0 pred_pos=0.1084
    diagonal constant-force pressing: n=30 acc=0.8667 err=4 tp=0 tn=26 fp=4 fn=0 pred_pos=0.1333
    continuous variable-force pressing: n=138 acc=0.9855 err=2 tp=0 tn=136 fp=2 fn=0 pred_pos=0.0145
    translational sliding: n=135 acc=0.9852 err=2 tp=133 tn=0 fp=0 fn=2 pred_pos=0.9852
    rotational sliding: n=136 acc=1.0000 err=0 tp=136 tn=0 fp=0 fn=0 pred_pos=1.0000
    static no motion: n=29 acc=1.0000 err=0 tp=0 tn=29 fp=0 fn=0 pred_pos=0.0000
  [val/motion_type]
    non-slip: n=280 acc=0.9464 err=15 tp=0 tn=265 fp=15 fn=0 pred_pos=0.0536
    translation: n=135 acc=0.9852 err=2 tp=133 tn=0 fp=0 fn=2 pred_pos=0.9852
    rotation: n=136 acc=1.0000 err=0 tp=136 tn=0 fp=0 fn=0 pred_pos=1.0000
  [val/session]
    session_034: n=61 acc=0.8689 err=8 tp=31 tn=22 fp=7 fn=1 pred_pos=0.6230
    session_015: n=50 acc=0.9200 err=4 tp=20 tn=26 fp=4 fn=0 pred_pos=0.4800
    session_004: n=46 acc=0.9348 err=3 tp=18 tn=25 fp=2 fn=1 pred_pos=0.4348
    session_009: n=47 acc=0.9574 err=2 tp=19 tn=26 fp=2 fn=0 pred_pos=0.4468
    session_049: n=62 acc=1.0000 err=0 tp=33 tn=29 fp=0 fn=0 pred_pos=0.5323
    session_024: n=61 acc=1.0000 err=0 tp=32 tn=29 fp=0 fn=0 pred_pos=0.5246
    session_039: n=60 acc=1.0000 err=0 tp=32 tn=28 fp=0 fn=0 pred_pos=0.5333
    session_044: n=59 acc=1.0000 err=0 tp=33 tn=26 fp=0 fn=0 pred_pos=0.5593
    session_029: n=56 acc=1.0000 err=0 tp=32 tn=24 fp=0 fn=0 pred_pos=0.5714
    session_019: n=49 acc=1.0000 err=0 tp=19 tn=30 fp=0 fn=0 pred_pos=0.3878
  [val/material]
    plastic: n=192 acc=0.9531 err=9 tp=76 tn=107 fp=8 fn=1 pred_pos=0.4375
    soft foam earplug: n=121 acc=0.9339 err=8 tp=63 tn=50 fp=7 fn=1 pred_pos=0.5785
    USB cable: n=121 acc=1.0000 err=0 tp=66 tn=55 fp=0 fn=0 pred_pos=0.5455
    A4 paper: n=117 acc=1.0000 err=0 tp=64 tn=53 fp=0 fn=0 pred_pos=0.5470
[INFO] epoch 23/40 started
  [train] batch 1/59 loss=0.0014 avg=0.0014 speed=0.25 batch/s
  [train] batch 20/59 loss=0.0052 avg=0.0156 speed=1.13 batch/s
  [train] batch 40/59 loss=0.0006 avg=0.0234 speed=1.16 batch/s
  [train] batch 59/59 loss=0.0003 avg=0.0189 speed=1.15 batch/s
[Epoch 023] loss=0.0189 window=8 train_acc=0.9995 train_balanced_acc=0.9995 val_acc=0.9201 balanced_acc=0.9211 smoothed_balanced_acc=0.9563 f1=0.9236 precision=0.8721 recall=0.9815 pred_pos=0.5535 mean_p=0.5507 mean_p_pos=0.9808 mean_p_neg=0.1344 tp=266 tn=241 fp=39 fn=5 lr=1.25e-04 time=121.2s
  [val/behavior]
    diagonal constant-force pressing: n=30 acc=0.2000 err=24 tp=0 tn=6 fp=24 fn=0 pred_pos=0.8000
    constant-force pressing: n=83 acc=0.8313 err=14 tp=0 tn=69 fp=14 fn=0 pred_pos=0.1687
    rotational sliding: n=136 acc=0.9706 err=4 tp=132 tn=0 fp=0 fn=4 pred_pos=0.9706
    continuous variable-force pressing: n=138 acc=0.9928 err=1 tp=0 tn=137 fp=1 fn=0 pred_pos=0.0072
    translational sliding: n=135 acc=0.9926 err=1 tp=134 tn=0 fp=0 fn=1 pred_pos=0.9926
    static no motion: n=29 acc=1.0000 err=0 tp=0 tn=29 fp=0 fn=0 pred_pos=0.0000
  [val/motion_type]
    non-slip: n=280 acc=0.8607 err=39 tp=0 tn=241 fp=39 fn=0 pred_pos=0.1393
    rotation: n=136 acc=0.9706 err=4 tp=132 tn=0 fp=0 fn=4 pred_pos=0.9706
    translation: n=135 acc=0.9926 err=1 tp=134 tn=0 fp=0 fn=1 pred_pos=0.9926
  [val/session]
    session_015: n=50 acc=0.5200 err=24 tp=20 tn=6 fp=24 fn=0 pred_pos=0.8800
    session_009: n=47 acc=0.7234 err=13 tp=19 tn=15 fp=13 fn=0 pred_pos=0.6809
    session_039: n=60 acc=0.9667 err=2 tp=30 tn=28 fp=0 fn=2 pred_pos=0.5000
    session_049: n=62 acc=0.9839 err=1 tp=32 tn=29 fp=0 fn=1 pred_pos=0.5161
    session_034: n=61 acc=0.9836 err=1 tp=31 tn=29 fp=0 fn=1 pred_pos=0.5082
    session_044: n=59 acc=0.9831 err=1 tp=33 tn=25 fp=1 fn=0 pred_pos=0.5763
    session_019: n=49 acc=0.9796 err=1 tp=18 tn=30 fp=0 fn=1 pred_pos=0.3673
    session_004: n=46 acc=0.9783 err=1 tp=19 tn=26 fp=1 fn=0 pred_pos=0.4348
    session_024: n=61 acc=1.0000 err=0 tp=32 tn=29 fp=0 fn=0 pred_pos=0.5246
    session_029: n=56 acc=1.0000 err=0 tp=32 tn=24 fp=0 fn=0 pred_pos=0.5714
  [val/material]
    plastic: n=192 acc=0.7969 err=39 tp=76 tn=77 fp=38 fn=1 pred_pos=0.5938
    soft foam earplug: n=121 acc=0.9752 err=3 tp=61 tn=57 fp=0 fn=3 pred_pos=0.5041
    USB cable: n=121 acc=0.9835 err=2 tp=65 tn=54 fp=1 fn=1 pred_pos=0.5455
    A4 paper: n=117 acc=1.0000 err=0 tp=64 tn=53 fp=0 fn=0 pred_pos=0.5470
[INFO] epoch 24/40 started
  [train] batch 1/59 loss=0.0005 avg=0.0005 speed=0.26 batch/s
  [train] batch 20/59 loss=0.0009 avg=0.0124 speed=1.12 batch/s
  [train] batch 40/59 loss=0.0836 avg=0.0222 speed=1.14 batch/s
  [train] batch 59/59 loss=0.0044 avg=0.0194 speed=1.11 batch/s
[Epoch 024] loss=0.0194 window=8 train_acc=0.9995 train_balanced_acc=0.9995 val_acc=0.9546 balanced_acc=0.9552 smoothed_balanced_acc=0.9486 f1=0.9554 precision=0.9241 recall=0.9889 pred_pos=0.5263 mean_p=0.5336 mean_p_pos=0.9868 mean_p_neg=0.0949 tp=268 tn=258 fp=22 fn=3 lr=1.25e-04 time=121.7s
  [val/behavior]
    diagonal constant-force pressing: n=30 acc=0.5667 err=13 tp=0 tn=17 fp=13 fn=0 pred_pos=0.4333
    continuous variable-force pressing: n=138 acc=0.9565 err=6 tp=0 tn=132 fp=6 fn=0 pred_pos=0.0435
    rotational sliding: n=136 acc=0.9779 err=3 tp=133 tn=0 fp=0 fn=3 pred_pos=0.9779
    constant-force pressing: n=83 acc=0.9639 err=3 tp=0 tn=80 fp=3 fn=0 pred_pos=0.0361
    translational sliding: n=135 acc=1.0000 err=0 tp=135 tn=0 fp=0 fn=0 pred_pos=1.0000
    static no motion: n=29 acc=1.0000 err=0 tp=0 tn=29 fp=0 fn=0 pred_pos=0.0000
  [val/motion_type]
    non-slip: n=280 acc=0.9214 err=22 tp=0 tn=258 fp=22 fn=0 pred_pos=0.0786
    rotation: n=136 acc=0.9779 err=3 tp=133 tn=0 fp=0 fn=3 pred_pos=0.9779
    translation: n=135 acc=1.0000 err=0 tp=135 tn=0 fp=0 fn=0 pred_pos=1.0000
  [val/session]
    session_015: n=50 acc=0.7400 err=13 tp=20 tn=17 fp=13 fn=0 pred_pos=0.6600
    session_004: n=46 acc=0.8696 err=6 tp=19 tn=21 fp=6 fn=0 pred_pos=0.5435
    session_039: n=60 acc=0.9500 err=3 tp=29 tn=28 fp=0 fn=3 pred_pos=0.4833
    session_044: n=59 acc=0.9492 err=3 tp=33 tn=23 fp=3 fn=0 pred_pos=0.6102
    session_049: n=62 acc=1.0000 err=0 tp=33 tn=29 fp=0 fn=0 pred_pos=0.5323
    session_024: n=61 acc=1.0000 err=0 tp=32 tn=29 fp=0 fn=0 pred_pos=0.5246
    session_034: n=61 acc=1.0000 err=0 tp=32 tn=29 fp=0 fn=0 pred_pos=0.5246
    session_029: n=56 acc=1.0000 err=0 tp=32 tn=24 fp=0 fn=0 pred_pos=0.5714
    session_019: n=49 acc=1.0000 err=0 tp=19 tn=30 fp=0 fn=0 pred_pos=0.3878
    session_009: n=47 acc=1.0000 err=0 tp=19 tn=28 fp=0 fn=0 pred_pos=0.4043
  [val/material]
    plastic: n=192 acc=0.9010 err=19 tp=77 tn=96 fp=19 fn=0 pred_pos=0.5000
    USB cable: n=121 acc=0.9752 err=3 tp=66 tn=52 fp=3 fn=0 pred_pos=0.5702
    soft foam earplug: n=121 acc=0.9752 err=3 tp=61 tn=57 fp=0 fn=3 pred_pos=0.5041
    A4 paper: n=117 acc=1.0000 err=0 tp=64 tn=53 fp=0 fn=0 pred_pos=0.5470
[INFO] epoch 25/40 started
  [train] batch 1/59 loss=0.0001 avg=0.0001 speed=0.27 batch/s
  [train] batch 20/59 loss=0.0281 avg=0.0067 speed=1.12 batch/s
  [train] batch 40/59 loss=0.0005 avg=0.0130 speed=1.14 batch/s
  [train] batch 59/59 loss=0.0021 avg=0.0160 speed=1.13 batch/s
[Epoch 025] loss=0.0160 window=8 train_acc=0.9995 train_balanced_acc=0.9995 val_acc=0.9800 balanced_acc=0.9799 smoothed_balanced_acc=0.9521 f1=0.9795 precision=0.9887 recall=0.9705 pred_pos=0.4828 mean_p=0.4851 mean_p_pos=0.9661 mean_p_neg=0.0196 tp=263 tn=277 fp=3 fn=8 lr=1.25e-04 time=121.5s
  [val/behavior]
    rotational sliding: n=136 acc=0.9485 err=7 tp=129 tn=0 fp=0 fn=7 pred_pos=0.9485
    diagonal constant-force pressing: n=30 acc=0.9000 err=3 tp=0 tn=27 fp=3 fn=0 pred_pos=0.1000
    translational sliding: n=135 acc=0.9926 err=1 tp=134 tn=0 fp=0 fn=1 pred_pos=0.9926
    continuous variable-force pressing: n=138 acc=1.0000 err=0 tp=0 tn=138 fp=0 fn=0 pred_pos=0.0000
    constant-force pressing: n=83 acc=1.0000 err=0 tp=0 tn=83 fp=0 fn=0 pred_pos=0.0000
    static no motion: n=29 acc=1.0000 err=0 tp=0 tn=29 fp=0 fn=0 pred_pos=0.0000
  [val/motion_type]
    rotation: n=136 acc=0.9485 err=7 tp=129 tn=0 fp=0 fn=7 pred_pos=0.9485
    non-slip: n=280 acc=0.9893 err=3 tp=0 tn=277 fp=3 fn=0 pred_pos=0.0107
    translation: n=135 acc=0.9926 err=1 tp=134 tn=0 fp=0 fn=1 pred_pos=0.9926
  [val/session]
    session_039: n=60 acc=0.9000 err=6 tp=26 tn=28 fp=0 fn=6 pred_pos=0.4333
    session_015: n=50 acc=0.9400 err=3 tp=20 tn=27 fp=3 fn=0 pred_pos=0.4600
    session_034: n=61 acc=0.9836 err=1 tp=31 tn=29 fp=0 fn=1 pred_pos=0.5082
    session_019: n=49 acc=0.9796 err=1 tp=18 tn=30 fp=0 fn=1 pred_pos=0.3673
    session_049: n=62 acc=1.0000 err=0 tp=33 tn=29 fp=0 fn=0 pred_pos=0.5323
    session_024: n=61 acc=1.0000 err=0 tp=32 tn=29 fp=0 fn=0 pred_pos=0.5246
    session_044: n=59 acc=1.0000 err=0 tp=33 tn=26 fp=0 fn=0 pred_pos=0.5593
    session_029: n=56 acc=1.0000 err=0 tp=32 tn=24 fp=0 fn=0 pred_pos=0.5714
    session_009: n=47 acc=1.0000 err=0 tp=19 tn=28 fp=0 fn=0 pred_pos=0.4043
    session_004: n=46 acc=1.0000 err=0 tp=19 tn=27 fp=0 fn=0 pred_pos=0.4130
  [val/material]
    soft foam earplug: n=121 acc=0.9421 err=7 tp=57 tn=57 fp=0 fn=7 pred_pos=0.4711
    plastic: n=192 acc=0.9792 err=4 tp=76 tn=112 fp=3 fn=1 pred_pos=0.4115
    USB cable: n=121 acc=1.0000 err=0 tp=66 tn=55 fp=0 fn=0 pred_pos=0.5455
    A4 paper: n=117 acc=1.0000 err=0 tp=64 tn=53 fp=0 fn=0 pred_pos=0.5470
[INFO] epoch 26/40 started
  [train] batch 1/59 loss=0.0028 avg=0.0028 speed=0.26 batch/s
  [train] batch 20/59 loss=0.0009 avg=0.0033 speed=1.10 batch/s
  [train] batch 40/59 loss=0.0001 avg=0.0061 speed=1.12 batch/s
  [train] batch 59/59 loss=0.0006 avg=0.0087 speed=1.11 batch/s
[Epoch 026] loss=0.0087 window=8 train_acc=0.9995 train_balanced_acc=0.9995 val_acc=0.9147 balanced_acc=0.9160 smoothed_balanced_acc=0.9503 f1=0.9197 precision=0.8567 recall=0.9926 pred_pos=0.5699 mean_p=0.5745 mean_p_pos=0.9926 mean_p_neg=0.1698 tp=269 tn=235 fp=45 fn=2 lr=1.25e-04 time=122.7s
  [val/behavior]
    diagonal constant-force pressing: n=30 acc=0.1000 err=27 tp=0 tn=3 fp=27 fn=0 pred_pos=0.9000
    constant-force pressing: n=83 acc=0.8554 err=12 tp=0 tn=71 fp=12 fn=0 pred_pos=0.1446
    continuous variable-force pressing: n=138 acc=0.9565 err=6 tp=0 tn=132 fp=6 fn=0 pred_pos=0.0435
    rotational sliding: n=136 acc=0.9853 err=2 tp=134 tn=0 fp=0 fn=2 pred_pos=0.9853
    translational sliding: n=135 acc=1.0000 err=0 tp=135 tn=0 fp=0 fn=0 pred_pos=1.0000
    static no motion: n=29 acc=1.0000 err=0 tp=0 tn=29 fp=0 fn=0 pred_pos=0.0000
  [val/motion_type]
    non-slip: n=280 acc=0.8393 err=45 tp=0 tn=235 fp=45 fn=0 pred_pos=0.1607
    rotation: n=136 acc=0.9853 err=2 tp=134 tn=0 fp=0 fn=2 pred_pos=0.9853
    translation: n=135 acc=1.0000 err=0 tp=135 tn=0 fp=0 fn=0 pred_pos=1.0000
  [val/session]
    session_015: n=50 acc=0.4600 err=27 tp=20 tn=3 fp=27 fn=0 pred_pos=0.9400
    session_044: n=59 acc=0.8814 err=7 tp=33 tn=19 fp=7 fn=0 pred_pos=0.6780
    session_009: n=47 acc=0.9149 err=4 tp=19 tn=24 fp=4 fn=0 pred_pos=0.4894
    session_004: n=46 acc=0.9130 err=4 tp=19 tn=23 fp=4 fn=0 pred_pos=0.5000
    session_039: n=60 acc=0.9500 err=3 tp=30 tn=27 fp=1 fn=2 pred_pos=0.5167
    session_034: n=61 acc=0.9836 err=1 tp=32 tn=28 fp=1 fn=0 pred_pos=0.5410
    session_019: n=49 acc=0.9796 err=1 tp=19 tn=29 fp=1 fn=0 pred_pos=0.4082
    session_049: n=62 acc=1.0000 err=0 tp=33 tn=29 fp=0 fn=0 pred_pos=0.5323
    session_024: n=61 acc=1.0000 err=0 tp=32 tn=29 fp=0 fn=0 pred_pos=0.5246
    session_029: n=56 acc=1.0000 err=0 tp=32 tn=24 fp=0 fn=0 pred_pos=0.5714
  [val/material]
    plastic: n=192 acc=0.8125 err=36 tp=77 tn=79 fp=36 fn=0 pred_pos=0.5885
    USB cable: n=121 acc=0.9421 err=7 tp=66 tn=48 fp=7 fn=0 pred_pos=0.6033
    soft foam earplug: n=121 acc=0.9669 err=4 tp=62 tn=55 fp=2 fn=2 pred_pos=0.5289
    A4 paper: n=117 acc=1.0000 err=0 tp=64 tn=53 fp=0 fn=0 pred_pos=0.5470
[INFO] epoch 27/40 started
  [train] batch 1/59 loss=0.0005 avg=0.0005 speed=0.27 batch/s
  [train] batch 20/59 loss=0.0003 avg=0.0036 speed=1.10 batch/s
  [train] batch 40/59 loss=0.0015 avg=0.0073 speed=1.13 batch/s
  [train] batch 59/59 loss=0.0005 avg=0.0070 speed=1.12 batch/s
[Epoch 027] loss=0.0070 window=8 train_acc=0.9995 train_balanced_acc=0.9995 val_acc=0.9673 balanced_acc=0.9677 smoothed_balanced_acc=0.9545 f1=0.9676 precision=0.9439 recall=0.9926 pred_pos=0.5172 mean_p=0.5228 mean_p_pos=0.9906 mean_p_neg=0.0700 tp=269 tn=264 fp=16 fn=2 lr=6.25e-05 time=120.6s
  [val/behavior]
    diagonal constant-force pressing: n=30 acc=0.6333 err=11 tp=0 tn=19 fp=11 fn=0 pred_pos=0.3667
    continuous variable-force pressing: n=138 acc=0.9710 err=4 tp=0 tn=134 fp=4 fn=0 pred_pos=0.0290
    rotational sliding: n=136 acc=0.9853 err=2 tp=134 tn=0 fp=0 fn=2 pred_pos=0.9853
    constant-force pressing: n=83 acc=0.9880 err=1 tp=0 tn=82 fp=1 fn=0 pred_pos=0.0120
    translational sliding: n=135 acc=1.0000 err=0 tp=135 tn=0 fp=0 fn=0 pred_pos=1.0000
    static no motion: n=29 acc=1.0000 err=0 tp=0 tn=29 fp=0 fn=0 pred_pos=0.0000
  [val/motion_type]
    non-slip: n=280 acc=0.9429 err=16 tp=0 tn=264 fp=16 fn=0 pred_pos=0.0571
    rotation: n=136 acc=0.9853 err=2 tp=134 tn=0 fp=0 fn=2 pred_pos=0.9853
    translation: n=135 acc=1.0000 err=0 tp=135 tn=0 fp=0 fn=0 pred_pos=1.0000
  [val/session]
    session_015: n=50 acc=0.7800 err=11 tp=20 tn=19 fp=11 fn=0 pred_pos=0.6200
    session_004: n=46 acc=0.9130 err=4 tp=19 tn=23 fp=4 fn=0 pred_pos=0.5000
    session_039: n=60 acc=0.9667 err=2 tp=30 tn=28 fp=0 fn=2 pred_pos=0.5000
    session_044: n=59 acc=0.9831 err=1 tp=33 tn=25 fp=1 fn=0 pred_pos=0.5763
    session_049: n=62 acc=1.0000 err=0 tp=33 tn=29 fp=0 fn=0 pred_pos=0.5323
    session_024: n=61 acc=1.0000 err=0 tp=32 tn=29 fp=0 fn=0 pred_pos=0.5246
    session_034: n=61 acc=1.0000 err=0 tp=32 tn=29 fp=0 fn=0 pred_pos=0.5246
    session_029: n=56 acc=1.0000 err=0 tp=32 tn=24 fp=0 fn=0 pred_pos=0.5714
    session_019: n=49 acc=1.0000 err=0 tp=19 tn=30 fp=0 fn=0 pred_pos=0.3878
    session_009: n=47 acc=1.0000 err=0 tp=19 tn=28 fp=0 fn=0 pred_pos=0.4043
  [val/material]
    plastic: n=192 acc=0.9219 err=15 tp=77 tn=100 fp=15 fn=0 pred_pos=0.4792
    soft foam earplug: n=121 acc=0.9835 err=2 tp=62 tn=57 fp=0 fn=2 pred_pos=0.5124
    USB cable: n=121 acc=0.9917 err=1 tp=66 tn=54 fp=1 fn=0 pred_pos=0.5537
    A4 paper: n=117 acc=1.0000 err=0 tp=64 tn=53 fp=0 fn=0 pred_pos=0.5470
[EARLY-STOP] no smoothed_balanced_acc improvement for 8 epochs, stopping at epoch 27
