[INFO] device=cuda
[INFO] loading train dataset: data/raw_cnn/cv_multi_material_49/fold_04_train.csv
[INFO] train samples=1934 window=8 input_mode=refdiff norm=batch size=320x180
[INFO] loading val dataset: data/raw_cnn/cv_multi_material_49/fold_04_val.csv
[INFO] val samples=498
[INFO] epoch 1/40 started
  [train] batch 1/61 loss=0.6864 avg=0.6864 speed=0.16 batch/s
  [train] batch 20/61 loss=0.5284 avg=0.6202 speed=0.94 batch/s
  [train] batch 40/61 loss=0.4529 avg=0.5480 speed=1.06 batch/s
  [train] batch 60/61 loss=0.4221 avg=0.4923 speed=1.07 batch/s
  [train] batch 61/61 loss=0.5033 avg=0.4924 speed=1.07 batch/s
[BEST] epoch=1 smoothed_balanced_acc=0.7008 saved
[Epoch 001] loss=0.4924 window=8 train_acc=0.6582 train_balanced_acc=0.6517 val_acc=0.6948 balanced_acc=0.7008 smoothed_balanced_acc=0.7008 f1=0.5730 precision=1.0000 recall=0.4016 pred_pos=0.2048 mean_p=0.2373 mean_p_pos=0.4008 mean_p_neg=0.0671 tp=102 tn=244 fp=0 fn=152 lr=1.00e-03 time=129.9s
  [val/behavior]
    rotational sliding: n=116 acc=0.0000 err=116 tp=0 tn=0 fp=0 fn=116 pred_pos=0.0000
    translational sliding: n=138 acc=0.7391 err=36 tp=102 tn=0 fp=0 fn=36 pred_pos=0.7391
    continuous variable-force pressing: n=135 acc=1.0000 err=0 tp=0 tn=135 fp=0 fn=0 pred_pos=0.0000
    constant-force pressing: n=88 acc=1.0000 err=0 tp=0 tn=88 fp=0 fn=0 pred_pos=0.0000
    static no motion: n=21 acc=1.0000 err=0 tp=0 tn=21 fp=0 fn=0 pred_pos=0.0000
  [val/motion_type]
    rotation: n=116 acc=0.0000 err=116 tp=0 tn=0 fp=0 fn=116 pred_pos=0.0000
    translation: n=138 acc=0.7391 err=36 tp=102 tn=0 fp=0 fn=36 pred_pos=0.7391
    non-slip: n=244 acc=1.0000 err=0 tp=0 tn=244 fp=0 fn=0 pred_pos=0.0000
  [val/session]
    session_050: n=62 acc=0.4677 err=33 tp=0 tn=29 fp=0 fn=33 pred_pos=0.0000
    session_040: n=61 acc=0.4590 err=33 tp=0 tn=28 fp=0 fn=33 pred_pos=0.0000
    session_030: n=59 acc=0.4746 err=31 tp=0 tn=28 fp=0 fn=31 pred_pos=0.0000
    session_045: n=65 acc=0.6769 err=21 tp=12 tn=32 fp=0 fn=21 pred_pos=0.1846
    session_020: n=41 acc=0.5366 err=19 tp=0 tn=22 fp=0 fn=19 pred_pos=0.0000
    session_035: n=59 acc=0.8475 err=9 tp=24 tn=26 fp=0 fn=9 pred_pos=0.4068
    session_005: n=47 acc=0.9149 err=4 tp=15 tn=28 fp=0 fn=4 pred_pos=0.3191
    session_025: n=55 acc=0.9636 err=2 tp=32 tn=21 fp=0 fn=2 pred_pos=0.5818
    session_010: n=49 acc=1.0000 err=0 tp=19 tn=30 fp=0 fn=0 pred_pos=0.3878
  [val/material]
    USB cable: n=127 acc=0.5748 err=54 tp=12 tn=61 fp=0 fn=54 pred_pos=0.0945
    soft foam earplug: n=120 acc=0.6500 err=42 tp=24 tn=54 fp=0 fn=42 pred_pos=0.2000
    A4 paper: n=114 acc=0.7105 err=33 tp=32 tn=49 fp=0 fn=33 pred_pos=0.2807
    plastic: n=137 acc=0.8321 err=23 tp=34 tn=80 fp=0 fn=23 pred_pos=0.2482
[INFO] epoch 2/40 started
  [train] batch 1/61 loss=0.6532 avg=0.6532 speed=0.27 batch/s
  [train] batch 20/61 loss=0.4974 avg=0.3980 speed=1.09 batch/s
  [train] batch 40/61 loss=0.4925 avg=0.3671 speed=1.10 batch/s
  [train] batch 60/61 loss=0.3011 avg=0.3371 speed=1.11 batch/s
  [train] batch 61/61 loss=0.7768 avg=0.3443 speed=1.10 batch/s
[BEST] epoch=2 smoothed_balanced_acc=0.7091 saved
[Epoch 002] loss=0.3443 window=8 train_acc=0.8573 train_balanced_acc=0.8549 val_acc=0.7149 balanced_acc=0.7173 smoothed_balanced_acc=0.7091 f1=0.6802 precision=0.7947 recall=0.5945 pred_pos=0.3815 mean_p=0.4019 mean_p_pos=0.6065 mean_p_neg=0.1889 tp=151 tn=205 fp=39 fn=103 lr=1.00e-03 time=123.3s
  [val/behavior]
    rotational sliding: n=116 acc=0.1207 err=102 tp=14 tn=0 fp=0 fn=102 pred_pos=0.1207
    static no motion: n=21 acc=0.0476 err=20 tp=0 tn=1 fp=20 fn=0 pred_pos=0.9524
    constant-force pressing: n=88 acc=0.7955 err=18 tp=0 tn=70 fp=18 fn=0 pred_pos=0.2045
    translational sliding: n=138 acc=0.9928 err=1 tp=137 tn=0 fp=0 fn=1 pred_pos=0.9928
    continuous variable-force pressing: n=135 acc=0.9926 err=1 tp=0 tn=134 fp=1 fn=0 pred_pos=0.0074
  [val/motion_type]
    rotation: n=116 acc=0.1207 err=102 tp=14 tn=0 fp=0 fn=102 pred_pos=0.1207
    non-slip: n=244 acc=0.8402 err=39 tp=0 tn=205 fp=39 fn=0 pred_pos=0.1598
    translation: n=138 acc=0.9928 err=1 tp=137 tn=0 fp=0 fn=1 pred_pos=0.9928
  [val/session]
    session_050: n=62 acc=0.5000 err=31 tp=2 tn=29 fp=0 fn=31 pred_pos=0.0323
    session_040: n=61 acc=0.5246 err=29 tp=4 tn=28 fp=0 fn=29 pred_pos=0.0656
    session_030: n=59 acc=0.5763 err=25 tp=6 tn=28 fp=0 fn=25 pred_pos=0.1017
    session_025: n=55 acc=0.6364 err=20 tp=34 tn=1 fp=20 fn=0 pred_pos=0.9818
    session_045: n=65 acc=0.7231 err=18 tp=33 tn=14 fp=18 fn=0 pred_pos=0.7846
    session_020: n=41 acc=0.5854 err=17 tp=2 tn=22 fp=0 fn=17 pred_pos=0.0488
    session_035: n=59 acc=0.9831 err=1 tp=32 tn=26 fp=0 fn=1 pred_pos=0.5424
    session_005: n=47 acc=0.9787 err=1 tp=19 tn=27 fp=1 fn=0 pred_pos=0.4255
    session_010: n=49 acc=1.0000 err=0 tp=19 tn=30 fp=0 fn=0 pred_pos=0.3878
  [val/material]
    USB cable: n=127 acc=0.6142 err=49 tp=35 tn=43 fp=18 fn=31 pred_pos=0.4173
    A4 paper: n=114 acc=0.6053 err=45 tp=40 tn=29 fp=20 fn=25 pred_pos=0.5263
    soft foam earplug: n=120 acc=0.7500 err=30 tp=36 tn=54 fp=0 fn=30 pred_pos=0.3000
    plastic: n=137 acc=0.8686 err=18 tp=40 tn=79 fp=1 fn=17 pred_pos=0.2993
[INFO] epoch 3/40 started
  [train] batch 1/61 loss=0.3958 avg=0.3958 speed=0.24 batch/s
  [train] batch 20/61 loss=0.3911 avg=0.3253 speed=1.09 batch/s
  [train] batch 40/61 loss=0.3867 avg=0.2961 speed=1.12 batch/s
  [train] batch 60/61 loss=0.1144 avg=0.2867 speed=1.11 batch/s
  [train] batch 61/61 loss=0.1820 avg=0.2850 speed=1.10 batch/s
[BEST] epoch=3 smoothed_balanced_acc=0.7318 saved
[Epoch 003] loss=0.2850 window=8 train_acc=0.9349 train_balanced_acc=0.9352 val_acc=0.7791 balanced_acc=0.7774 smoothed_balanced_acc=0.7318 f1=0.7993 precision=0.7449 recall=0.8622 pred_pos=0.5904 mean_p=0.6103 mean_p_pos=0.8438 mean_p_neg=0.3674 tp=219 tn=169 fp=75 fn=35 lr=1.00e-03 time=120.7s
  [val/behavior]
    constant-force pressing: n=88 acc=0.6136 err=34 tp=0 tn=54 fp=34 fn=0 pred_pos=0.3864
    rotational sliding: n=116 acc=0.7155 err=33 tp=83 tn=0 fp=0 fn=33 pred_pos=0.7155
    static no motion: n=21 acc=0.0000 err=21 tp=0 tn=0 fp=21 fn=0 pred_pos=1.0000
    continuous variable-force pressing: n=135 acc=0.8519 err=20 tp=0 tn=115 fp=20 fn=0 pred_pos=0.1481
    translational sliding: n=138 acc=0.9855 err=2 tp=136 tn=0 fp=0 fn=2 pred_pos=0.9855
  [val/motion_type]
    non-slip: n=244 acc=0.6926 err=75 tp=0 tn=169 fp=75 fn=0 pred_pos=0.3074
    rotation: n=116 acc=0.7155 err=33 tp=83 tn=0 fp=0 fn=33 pred_pos=0.7155
    translation: n=138 acc=0.9855 err=2 tp=136 tn=0 fp=0 fn=2 pred_pos=0.9855
  [val/session]
    session_045: n=65 acc=0.5077 err=32 tp=33 tn=0 fp=32 fn=0 pred_pos=1.0000
    session_025: n=55 acc=0.6182 err=21 tp=34 tn=0 fp=21 fn=0 pred_pos=1.0000
    session_030: n=59 acc=0.6780 err=19 tp=14 tn=26 fp=2 fn=17 pred_pos=0.2712
    session_050: n=62 acc=0.7258 err=17 tp=23 tn=22 fp=7 fn=10 pred_pos=0.4839
    session_005: n=47 acc=0.8511 err=7 tp=19 tn=21 fp=7 fn=0 pred_pos=0.5532
    session_040: n=61 acc=0.9016 err=6 tp=31 tn=24 fp=4 fn=2 pred_pos=0.5738
    session_020: n=41 acc=0.9024 err=4 tp=15 tn=22 fp=0 fn=4 pred_pos=0.3659
    session_035: n=59 acc=0.9492 err=3 tp=31 tn=25 fp=1 fn=2 pred_pos=0.5424
    session_010: n=49 acc=0.9796 err=1 tp=19 tn=29 fp=1 fn=0 pred_pos=0.4082
  [val/material]
    USB cable: n=127 acc=0.6142 err=49 tp=56 tn=22 fp=39 fn=10 pred_pos=0.7480
    A4 paper: n=114 acc=0.6491 err=40 tp=48 tn=26 fp=23 fn=17 pred_pos=0.6228
    plastic: n=137 acc=0.9124 err=12 tp=53 tn=72 fp=8 fn=4 pred_pos=0.4453
    soft foam earplug: n=120 acc=0.9250 err=9 tp=62 tn=49 fp=5 fn=4 pred_pos=0.5583
[INFO] epoch 4/40 started
  [train] batch 1/61 loss=0.1292 avg=0.1292 speed=0.26 batch/s
  [train] batch 20/61 loss=0.1804 avg=0.2329 speed=1.02 batch/s
  [train] batch 40/61 loss=0.0608 avg=0.2171 speed=1.02 batch/s
  [train] batch 60/61 loss=0.1320 avg=0.2170 speed=1.03 batch/s
  [train] batch 61/61 loss=0.4846 avg=0.2214 speed=1.02 batch/s
[BEST] epoch=4 smoothed_balanced_acc=0.7728 saved
[Epoch 004] loss=0.2214 window=8 train_acc=0.9452 train_balanced_acc=0.9456 val_acc=0.8253 balanced_acc=0.8236 smoothed_balanced_acc=0.7728 f1=0.8415 precision=0.7831 recall=0.9094 pred_pos=0.5924 mean_p=0.5932 mean_p_pos=0.8802 mean_p_neg=0.2944 tp=231 tn=180 fp=64 fn=23 lr=1.00e-03 time=126.5s
  [val/behavior]
    constant-force pressing: n=88 acc=0.6250 err=33 tp=0 tn=55 fp=33 fn=0 pred_pos=0.3750
    rotational sliding: n=116 acc=0.8190 err=21 tp=95 tn=0 fp=0 fn=21 pred_pos=0.8190
    static no motion: n=21 acc=0.0000 err=21 tp=0 tn=0 fp=21 fn=0 pred_pos=1.0000
    continuous variable-force pressing: n=135 acc=0.9259 err=10 tp=0 tn=125 fp=10 fn=0 pred_pos=0.0741
    translational sliding: n=138 acc=0.9855 err=2 tp=136 tn=0 fp=0 fn=2 pred_pos=0.9855
  [val/motion_type]
    non-slip: n=244 acc=0.7377 err=64 tp=0 tn=180 fp=64 fn=0 pred_pos=0.2623
    rotation: n=116 acc=0.8190 err=21 tp=95 tn=0 fp=0 fn=21 pred_pos=0.8190
    translation: n=138 acc=0.9855 err=2 tp=136 tn=0 fp=0 fn=2 pred_pos=0.9855
  [val/session]
    session_045: n=65 acc=0.5077 err=32 tp=33 tn=0 fp=32 fn=0 pred_pos=1.0000
    session_025: n=55 acc=0.6182 err=21 tp=34 tn=0 fp=21 fn=0 pred_pos=1.0000
    session_050: n=62 acc=0.7903 err=13 tp=22 tn=27 fp=2 fn=11 pred_pos=0.3871
    session_040: n=61 acc=0.8852 err=7 tp=30 tn=24 fp=4 fn=3 pred_pos=0.5574
    session_030: n=59 acc=0.8983 err=6 tp=28 tn=25 fp=3 fn=3 pred_pos=0.5254
    session_020: n=41 acc=0.9024 err=4 tp=15 tn=22 fp=0 fn=4 pred_pos=0.3659
    session_035: n=59 acc=0.9661 err=2 tp=31 tn=26 fp=0 fn=2 pred_pos=0.5254
    session_010: n=49 acc=0.9796 err=1 tp=19 tn=29 fp=1 fn=0 pred_pos=0.4082
    session_005: n=47 acc=0.9787 err=1 tp=19 tn=27 fp=1 fn=0 pred_pos=0.4255
  [val/material]
    USB cable: n=127 acc=0.6457 err=45 tp=55 tn=27 fp=34 fn=11 pred_pos=0.7008
    A4 paper: n=114 acc=0.7632 err=27 tp=62 tn=25 fp=24 fn=3 pred_pos=0.7544
    soft foam earplug: n=120 acc=0.9250 err=9 tp=61 tn=50 fp=4 fn=5 pred_pos=0.5417
    plastic: n=137 acc=0.9562 err=6 tp=53 tn=78 fp=2 fn=4 pred_pos=0.4015
[INFO] epoch 5/40 started
  [train] batch 1/61 loss=0.3177 avg=0.3177 speed=0.23 batch/s
  [train] batch 20/61 loss=0.3887 avg=0.2408 speed=0.99 batch/s
  [train] batch 40/61 loss=0.1189 avg=0.2141 speed=1.01 batch/s
  [train] batch 60/61 loss=0.3262 avg=0.2176 speed=1.02 batch/s
  [train] batch 61/61 loss=0.0557 avg=0.2150 speed=1.02 batch/s
[BEST] epoch=5 smoothed_balanced_acc=0.8113 saved
[Epoch 005] loss=0.2150 window=8 train_acc=0.9421 train_balanced_acc=0.9429 val_acc=0.8353 balanced_acc=0.8328 smoothed_balanced_acc=0.8113 f1=0.8561 precision=0.7722 recall=0.9606 pred_pos=0.6345 mean_p=0.6367 mean_p_pos=0.9296 mean_p_neg=0.3319 tp=244 tn=172 fp=72 fn=10 lr=1.00e-03 time=126.3s
  [val/behavior]
    constant-force pressing: n=88 acc=0.6023 err=35 tp=0 tn=53 fp=35 fn=0 pred_pos=0.3977
    static no motion: n=21 acc=0.0000 err=21 tp=0 tn=0 fp=21 fn=0 pred_pos=1.0000
    continuous variable-force pressing: n=135 acc=0.8815 err=16 tp=0 tn=119 fp=16 fn=0 pred_pos=0.1185
    rotational sliding: n=116 acc=0.9310 err=8 tp=108 tn=0 fp=0 fn=8 pred_pos=0.9310
    translational sliding: n=138 acc=0.9855 err=2 tp=136 tn=0 fp=0 fn=2 pred_pos=0.9855
  [val/motion_type]
    non-slip: n=244 acc=0.7049 err=72 tp=0 tn=172 fp=72 fn=0 pred_pos=0.2951
    rotation: n=116 acc=0.9310 err=8 tp=108 tn=0 fp=0 fn=8 pred_pos=0.9310
    translation: n=138 acc=0.9855 err=2 tp=136 tn=0 fp=0 fn=2 pred_pos=0.9855
  [val/session]
    session_045: n=65 acc=0.5077 err=32 tp=33 tn=0 fp=32 fn=0 pred_pos=1.0000
    session_025: n=55 acc=0.6182 err=21 tp=34 tn=0 fp=21 fn=0 pred_pos=1.0000
    session_050: n=62 acc=0.8387 err=10 tp=29 tn=23 fp=6 fn=4 pred_pos=0.5645
    session_030: n=59 acc=0.9153 err=5 tp=29 tn=25 fp=3 fn=2 pred_pos=0.5424
    session_040: n=61 acc=0.9344 err=4 tp=33 tn=24 fp=4 fn=0 pred_pos=0.6066
    session_010: n=49 acc=0.9388 err=3 tp=19 tn=27 fp=3 fn=0 pred_pos=0.4490
    session_005: n=47 acc=0.9362 err=3 tp=19 tn=25 fp=3 fn=0 pred_pos=0.4681
    session_035: n=59 acc=0.9661 err=2 tp=31 tn=26 fp=0 fn=2 pred_pos=0.5254
    session_020: n=41 acc=0.9512 err=2 tp=17 tn=22 fp=0 fn=2 pred_pos=0.4146
  [val/material]
    USB cable: n=127 acc=0.6693 err=42 tp=62 tn=23 fp=38 fn=4 pred_pos=0.7874
    A4 paper: n=114 acc=0.7719 err=26 tp=63 tn=25 fp=24 fn=2 pred_pos=0.7632
    plastic: n=137 acc=0.9416 err=8 tp=55 tn=74 fp=6 fn=2 pred_pos=0.4453
    soft foam earplug: n=120 acc=0.9500 err=6 tp=64 tn=50 fp=4 fn=2 pred_pos=0.5667
[INFO] epoch 6/40 started
  [train] batch 1/61 loss=0.0128 avg=0.0128 speed=0.28 batch/s
  [train] batch 20/61 loss=0.2477 avg=0.2172 speed=1.08 batch/s
  [train] batch 40/61 loss=0.3308 avg=0.2015 speed=1.16 batch/s
  [train] batch 60/61 loss=0.0953 avg=0.1838 speed=1.26 batch/s
  [train] batch 61/61 loss=0.0306 avg=0.1813 speed=1.26 batch/s
[BEST] epoch=6 smoothed_balanced_acc=0.8183 saved
[Epoch 006] loss=0.1813 window=8 train_acc=0.9648 train_balanced_acc=0.9644 val_acc=0.7992 balanced_acc=0.7986 smoothed_balanced_acc=0.8183 f1=0.8077 precision=0.7895 recall=0.8268 pred_pos=0.5341 mean_p=0.5371 mean_p_pos=0.8307 mean_p_neg=0.2314 tp=210 tn=188 fp=56 fn=44 lr=1.00e-03 time=115.0s
  [val/behavior]
    rotational sliding: n=116 acc=0.6466 err=41 tp=75 tn=0 fp=0 fn=41 pred_pos=0.6466
    constant-force pressing: n=88 acc=0.6364 err=32 tp=0 tn=56 fp=32 fn=0 pred_pos=0.3636
    static no motion: n=21 acc=0.0000 err=21 tp=0 tn=0 fp=21 fn=0 pred_pos=1.0000
    translational sliding: n=138 acc=0.9783 err=3 tp=135 tn=0 fp=0 fn=3 pred_pos=0.9783
    continuous variable-force pressing: n=135 acc=0.9778 err=3 tp=0 tn=132 fp=3 fn=0 pred_pos=0.0222
  [val/motion_type]
    non-slip: n=244 acc=0.7705 err=56 tp=0 tn=188 fp=56 fn=0 pred_pos=0.2295
    rotation: n=116 acc=0.6466 err=41 tp=75 tn=0 fp=0 fn=41 pred_pos=0.6466
    translation: n=138 acc=0.9783 err=3 tp=135 tn=0 fp=0 fn=3 pred_pos=0.9783
  [val/session]
    session_045: n=65 acc=0.5077 err=32 tp=33 tn=0 fp=32 fn=0 pred_pos=1.0000
    session_025: n=55 acc=0.6182 err=21 tp=34 tn=0 fp=21 fn=0 pred_pos=1.0000
    session_030: n=59 acc=0.7458 err=15 tp=16 tn=28 fp=0 fn=15 pred_pos=0.2712
    session_020: n=41 acc=0.6829 err=13 tp=6 tn=22 fp=0 fn=13 pred_pos=0.1463
    session_050: n=62 acc=0.8710 err=8 tp=25 tn=29 fp=0 fn=8 pred_pos=0.4032
    session_040: n=61 acc=0.8852 err=7 tp=28 tn=26 fp=2 fn=5 pred_pos=0.4918
    session_035: n=59 acc=0.9492 err=3 tp=30 tn=26 fp=0 fn=3 pred_pos=0.5085
    session_005: n=47 acc=0.9787 err=1 tp=19 tn=27 fp=1 fn=0 pred_pos=0.4255
    session_010: n=49 acc=1.0000 err=0 tp=19 tn=30 fp=0 fn=0 pred_pos=0.3878
  [val/material]
    USB cable: n=127 acc=0.6850 err=40 tp=58 tn=29 fp=32 fn=8 pred_pos=0.7087
    A4 paper: n=114 acc=0.6842 err=36 tp=50 tn=28 fp=21 fn=15 pred_pos=0.6228
    plastic: n=137 acc=0.8978 err=14 tp=44 tn=79 fp=1 fn=13 pred_pos=0.3285
    soft foam earplug: n=120 acc=0.9167 err=10 tp=58 tn=52 fp=2 fn=8 pred_pos=0.5000
[INFO] epoch 7/40 started
  [train] batch 1/61 loss=0.2022 avg=0.2022 speed=0.25 batch/s
  [train] batch 20/61 loss=0.1642 avg=0.2073 speed=1.05 batch/s
  [train] batch 40/61 loss=0.0461 avg=0.1640 speed=1.06 batch/s
  [train] batch 60/61 loss=0.1684 avg=0.1615 speed=1.08 batch/s
  [train] batch 61/61 loss=0.0264 avg=0.1593 speed=1.07 batch/s
[Epoch 007] loss=0.1593 window=8 train_acc=0.9498 train_balanced_acc=0.9494 val_acc=0.7771 balanced_acc=0.7766 smoothed_balanced_acc=0.8027 f1=0.7861 precision=0.7698 recall=0.8031 pred_pos=0.5321 mean_p=0.5352 mean_p_pos=0.8017 mean_p_neg=0.2578 tp=204 tn=183 fp=61 fn=50 lr=1.00e-03 time=123.9s
  [val/behavior]
    rotational sliding: n=116 acc=0.5690 err=50 tp=66 tn=0 fp=0 fn=50 pred_pos=0.5690
    constant-force pressing: n=88 acc=0.6364 err=32 tp=0 tn=56 fp=32 fn=0 pred_pos=0.3636
    static no motion: n=21 acc=0.0000 err=21 tp=0 tn=0 fp=21 fn=0 pred_pos=1.0000
    continuous variable-force pressing: n=135 acc=0.9407 err=8 tp=0 tn=127 fp=8 fn=0 pred_pos=0.0593
    translational sliding: n=138 acc=1.0000 err=0 tp=138 tn=0 fp=0 fn=0 pred_pos=1.0000
  [val/motion_type]
    non-slip: n=244 acc=0.7500 err=61 tp=0 tn=183 fp=61 fn=0 pred_pos=0.2500
    rotation: n=116 acc=0.5690 err=50 tp=66 tn=0 fp=0 fn=50 pred_pos=0.5690
    translation: n=138 acc=1.0000 err=0 tp=138 tn=0 fp=0 fn=0 pred_pos=1.0000
  [val/session]
    session_045: n=65 acc=0.5077 err=32 tp=33 tn=0 fp=32 fn=0 pred_pos=1.0000
    session_030: n=59 acc=0.6271 err=22 tp=9 tn=28 fp=0 fn=22 pred_pos=0.1525
    session_025: n=55 acc=0.6182 err=21 tp=34 tn=0 fp=21 fn=0 pred_pos=1.0000
    session_040: n=61 acc=0.7869 err=13 tp=21 tn=27 fp=1 fn=12 pred_pos=0.3607
    session_050: n=62 acc=0.8387 err=10 tp=24 tn=28 fp=1 fn=9 pred_pos=0.4032
    session_020: n=41 acc=0.8293 err=7 tp=12 tn=22 fp=0 fn=7 pred_pos=0.2927
    session_005: n=47 acc=0.8723 err=6 tp=19 tn=22 fp=6 fn=0 pred_pos=0.5319
    session_035: n=59 acc=1.0000 err=0 tp=33 tn=26 fp=0 fn=0 pred_pos=0.5593
    session_010: n=49 acc=1.0000 err=0 tp=19 tn=30 fp=0 fn=0 pred_pos=0.3878
  [val/material]
    A4 paper: n=114 acc=0.6228 err=43 tp=43 tn=28 fp=21 fn=22 pred_pos=0.5614
    USB cable: n=127 acc=0.6693 err=42 tp=57 tn=28 fp=33 fn=9 pred_pos=0.7087
    plastic: n=137 acc=0.9051 err=13 tp=50 tn=74 fp=6 fn=7 pred_pos=0.4088
    soft foam earplug: n=120 acc=0.8917 err=13 tp=54 tn=53 fp=1 fn=12 pred_pos=0.4583
[INFO] epoch 8/40 started
  [train] batch 1/61 loss=0.0627 avg=0.0627 speed=0.24 batch/s
  [train] batch 20/61 loss=0.2602 avg=0.1591 speed=1.05 batch/s
  [train] batch 40/61 loss=0.1419 avg=0.1668 speed=1.06 batch/s
  [train] batch 60/61 loss=0.2582 avg=0.1640 speed=1.07 batch/s
  [train] batch 61/61 loss=0.0426 avg=0.1620 speed=1.06 batch/s
[Epoch 008] loss=0.1620 window=8 train_acc=0.9457 train_balanced_acc=0.9465 val_acc=0.8434 balanced_acc=0.8408 smoothed_balanced_acc=0.8053 f1=0.8632 precision=0.7785 recall=0.9685 pred_pos=0.6345 mean_p=0.6321 mean_p_pos=0.9492 mean_p_neg=0.3020 tp=246 tn=174 fp=70 fn=8 lr=1.00e-03 time=125.7s
  [val/behavior]
    constant-force pressing: n=88 acc=0.6250 err=33 tp=0 tn=55 fp=33 fn=0 pred_pos=0.3750
    static no motion: n=21 acc=0.0000 err=21 tp=0 tn=0 fp=21 fn=0 pred_pos=1.0000
    continuous variable-force pressing: n=135 acc=0.8815 err=16 tp=0 tn=119 fp=16 fn=0 pred_pos=0.1185
    rotational sliding: n=116 acc=0.9483 err=6 tp=110 tn=0 fp=0 fn=6 pred_pos=0.9483
    translational sliding: n=138 acc=0.9855 err=2 tp=136 tn=0 fp=0 fn=2 pred_pos=0.9855
  [val/motion_type]
    non-slip: n=244 acc=0.7131 err=70 tp=0 tn=174 fp=70 fn=0 pred_pos=0.2869
    rotation: n=116 acc=0.9483 err=6 tp=110 tn=0 fp=0 fn=6 pred_pos=0.9483
    translation: n=138 acc=0.9855 err=2 tp=136 tn=0 fp=0 fn=2 pred_pos=0.9855
  [val/session]
    session_045: n=65 acc=0.5077 err=32 tp=33 tn=0 fp=32 fn=0 pred_pos=1.0000
    session_025: n=55 acc=0.6182 err=21 tp=34 tn=0 fp=21 fn=0 pred_pos=1.0000
    session_050: n=62 acc=0.9032 err=6 tp=31 tn=25 fp=4 fn=2 pred_pos=0.5645
    session_040: n=61 acc=0.9180 err=5 tp=32 tn=24 fp=4 fn=1 pred_pos=0.5902
    session_030: n=59 acc=0.9153 err=5 tp=31 tn=23 fp=5 fn=0 pred_pos=0.6102
    session_005: n=47 acc=0.9362 err=3 tp=19 tn=25 fp=3 fn=0 pred_pos=0.4681
    session_020: n=41 acc=0.9268 err=3 tp=16 tn=22 fp=0 fn=3 pred_pos=0.3902
    session_035: n=59 acc=0.9661 err=2 tp=31 tn=26 fp=0 fn=2 pred_pos=0.5254
    session_010: n=49 acc=0.9796 err=1 tp=19 tn=29 fp=1 fn=0 pred_pos=0.4082
  [val/material]
    USB cable: n=127 acc=0.7008 err=38 tp=64 tn=25 fp=36 fn=2 pred_pos=0.7874
    A4 paper: n=114 acc=0.7719 err=26 tp=65 tn=23 fp=26 fn=0 pred_pos=0.7982
    plastic: n=137 acc=0.9489 err=7 tp=54 tn=76 fp=4 fn=3 pred_pos=0.4234
    soft foam earplug: n=120 acc=0.9417 err=7 tp=63 tn=50 fp=4 fn=3 pred_pos=0.5583
[INFO] epoch 9/40 started
  [train] batch 1/61 loss=0.1272 avg=0.1272 speed=0.24 batch/s
  [train] batch 20/61 loss=0.1536 avg=0.1161 speed=1.06 batch/s
  [train] batch 40/61 loss=0.1772 avg=0.1391 speed=1.08 batch/s
  [train] batch 60/61 loss=0.2960 avg=0.1517 speed=1.09 batch/s
  [train] batch 61/61 loss=0.6475 avg=0.1598 speed=1.09 batch/s
[BEST] epoch=9 smoothed_balanced_acc=0.8229 saved
[Epoch 009] loss=0.1598 window=8 train_acc=0.9540 train_balanced_acc=0.9545 val_acc=0.8534 balanced_acc=0.8513 smoothed_balanced_acc=0.8229 f1=0.8694 precision=0.7967 recall=0.9567 pred_pos=0.6124 mean_p=0.6124 mean_p_pos=0.9351 mean_p_neg=0.2764 tp=243 tn=182 fp=62 fn=11 lr=1.00e-03 time=123.4s
  [val/behavior]
    constant-force pressing: n=88 acc=0.6250 err=33 tp=0 tn=55 fp=33 fn=0 pred_pos=0.3750
    static no motion: n=21 acc=0.0000 err=21 tp=0 tn=0 fp=21 fn=0 pred_pos=1.0000
    continuous variable-force pressing: n=135 acc=0.9407 err=8 tp=0 tn=127 fp=8 fn=0 pred_pos=0.0593
    rotational sliding: n=116 acc=0.9310 err=8 tp=108 tn=0 fp=0 fn=8 pred_pos=0.9310
    translational sliding: n=138 acc=0.9783 err=3 tp=135 tn=0 fp=0 fn=3 pred_pos=0.9783
  [val/motion_type]
    non-slip: n=244 acc=0.7459 err=62 tp=0 tn=182 fp=62 fn=0 pred_pos=0.2541
    rotation: n=116 acc=0.9310 err=8 tp=108 tn=0 fp=0 fn=8 pred_pos=0.9310
    translation: n=138 acc=0.9783 err=3 tp=135 tn=0 fp=0 fn=3 pred_pos=0.9783
  [val/session]
    session_045: n=65 acc=0.5077 err=32 tp=33 tn=0 fp=32 fn=0 pred_pos=1.0000
    session_025: n=55 acc=0.6182 err=21 tp=34 tn=0 fp=21 fn=0 pred_pos=1.0000
    session_020: n=41 acc=0.8537 err=6 tp=13 tn=22 fp=0 fn=6 pred_pos=0.3171
    session_030: n=59 acc=0.9322 err=4 tp=31 tn=24 fp=4 fn=0 pred_pos=0.5932
    session_050: n=62 acc=0.9516 err=3 tp=32 tn=27 fp=2 fn=1 pred_pos=0.5484
    session_040: n=61 acc=0.9508 err=3 tp=32 tn=26 fp=2 fn=1 pred_pos=0.5574
    session_035: n=59 acc=0.9492 err=3 tp=30 tn=26 fp=0 fn=3 pred_pos=0.5085
    session_010: n=49 acc=0.9796 err=1 tp=19 tn=29 fp=1 fn=0 pred_pos=0.4082
    session_005: n=47 acc=1.0000 err=0 tp=19 tn=28 fp=0 fn=0 pred_pos=0.4043
  [val/material]
    USB cable: n=127 acc=0.7244 err=35 tp=65 tn=27 fp=34 fn=1 pred_pos=0.7795
    A4 paper: n=114 acc=0.7807 err=25 tp=65 tn=24 fp=25 fn=0 pred_pos=0.7895
    plastic: n=137 acc=0.9489 err=7 tp=51 tn=79 fp=1 fn=6 pred_pos=0.3796
    soft foam earplug: n=120 acc=0.9500 err=6 tp=62 tn=52 fp=2 fn=4 pred_pos=0.5333
[INFO] epoch 10/40 started
  [train] batch 1/61 loss=0.0432 avg=0.0432 speed=0.27 batch/s
  [train] batch 20/61 loss=0.0538 avg=0.1319 speed=1.26 batch/s
  [train] batch 40/61 loss=0.0695 avg=0.1498 speed=1.18 batch/s
  [train] batch 60/61 loss=0.0269 avg=0.1603 speed=1.14 batch/s
  [train] batch 61/61 loss=0.0748 avg=0.1589 speed=1.13 batch/s
[Epoch 010] loss=0.1589 window=8 train_acc=0.9535 train_balanced_acc=0.9526 val_acc=0.7731 balanced_acc=0.7734 smoothed_balanced_acc=0.8218 f1=0.7735 precision=0.7878 recall=0.7598 pred_pos=0.4920 mean_p=0.4889 mean_p_pos=0.7663 mean_p_neg=0.2001 tp=193 tn=192 fp=52 fn=61 lr=1.00e-03 time=122.9s
  [val/behavior]
    rotational sliding: n=116 acc=0.4914 err=59 tp=57 tn=0 fp=0 fn=59 pred_pos=0.4914
    constant-force pressing: n=88 acc=0.6364 err=32 tp=0 tn=56 fp=32 fn=0 pred_pos=0.3636
    static no motion: n=21 acc=0.0476 err=20 tp=0 tn=1 fp=20 fn=0 pred_pos=0.9524
    translational sliding: n=138 acc=0.9855 err=2 tp=136 tn=0 fp=0 fn=2 pred_pos=0.9855
    continuous variable-force pressing: n=135 acc=1.0000 err=0 tp=0 tn=135 fp=0 fn=0 pred_pos=0.0000
  [val/motion_type]
    rotation: n=116 acc=0.4914 err=59 tp=57 tn=0 fp=0 fn=59 pred_pos=0.4914
    non-slip: n=244 acc=0.7869 err=52 tp=0 tn=192 fp=52 fn=0 pred_pos=0.2131
    translation: n=138 acc=0.9855 err=2 tp=136 tn=0 fp=0 fn=2 pred_pos=0.9855
  [val/session]
    session_045: n=65 acc=0.5077 err=32 tp=33 tn=0 fp=32 fn=0 pred_pos=1.0000
    session_030: n=59 acc=0.6271 err=22 tp=9 tn=28 fp=0 fn=22 pred_pos=0.1525
    session_025: n=55 acc=0.6364 err=20 tp=34 tn=1 fp=20 fn=0 pred_pos=0.9818
    session_020: n=41 acc=0.6341 err=15 tp=4 tn=22 fp=0 fn=15 pred_pos=0.0976
    session_040: n=61 acc=0.8033 err=12 tp=21 tn=28 fp=0 fn=12 pred_pos=0.3443
    session_050: n=62 acc=0.8387 err=10 tp=23 tn=29 fp=0 fn=10 pred_pos=0.3710
    session_035: n=59 acc=0.9661 err=2 tp=31 tn=26 fp=0 fn=2 pred_pos=0.5254
    session_010: n=49 acc=1.0000 err=0 tp=19 tn=30 fp=0 fn=0 pred_pos=0.3878
    session_005: n=47 acc=1.0000 err=0 tp=19 tn=28 fp=0 fn=0 pred_pos=0.4043
  [val/material]
    USB cable: n=127 acc=0.6693 err=42 tp=56 tn=29 fp=32 fn=10 pred_pos=0.6929
    A4 paper: n=114 acc=0.6316 err=42 tp=43 tn=29 fp=20 fn=22 pred_pos=0.5526
    plastic: n=137 acc=0.8905 err=15 tp=42 tn=80 fp=0 fn=15 pred_pos=0.3066
    soft foam earplug: n=120 acc=0.8833 err=14 tp=52 tn=54 fp=0 fn=14 pred_pos=0.4333
[INFO] epoch 11/40 started
  [train] batch 1/61 loss=0.0172 avg=0.0172 speed=0.25 batch/s
  [train] batch 20/61 loss=0.0352 avg=0.0843 speed=1.06 batch/s
  [train] batch 40/61 loss=0.0756 avg=0.0971 speed=1.08 batch/s
  [train] batch 60/61 loss=0.2135 avg=0.1197 speed=1.08 batch/s
  [train] batch 61/61 loss=0.0775 avg=0.1190 speed=1.08 batch/s
[Epoch 011] loss=0.1190 window=8 train_acc=0.9571 train_balanced_acc=0.9578 val_acc=0.8353 balanced_acc=0.8323 smoothed_balanced_acc=0.8190 f1=0.8591 precision=0.7622 recall=0.9843 pred_pos=0.6586 mean_p=0.6538 mean_p_pos=0.9704 mean_p_neg=0.3242 tp=250 tn=166 fp=78 fn=4 lr=1.00e-03 time=125.3s
  [val/behavior]
    constant-force pressing: n=88 acc=0.6136 err=34 tp=0 tn=54 fp=34 fn=0 pred_pos=0.3864
    continuous variable-force pressing: n=135 acc=0.8296 err=23 tp=0 tn=112 fp=23 fn=0 pred_pos=0.1704
    static no motion: n=21 acc=0.0000 err=21 tp=0 tn=0 fp=21 fn=0 pred_pos=1.0000
    rotational sliding: n=116 acc=0.9655 err=4 tp=112 tn=0 fp=0 fn=4 pred_pos=0.9655
    translational sliding: n=138 acc=1.0000 err=0 tp=138 tn=0 fp=0 fn=0 pred_pos=1.0000
  [val/motion_type]
    non-slip: n=244 acc=0.6803 err=78 tp=0 tn=166 fp=78 fn=0 pred_pos=0.3197
    rotation: n=116 acc=0.9655 err=4 tp=112 tn=0 fp=0 fn=4 pred_pos=0.9655
    translation: n=138 acc=1.0000 err=0 tp=138 tn=0 fp=0 fn=0 pred_pos=1.0000
  [val/session]
    session_045: n=65 acc=0.5077 err=32 tp=33 tn=0 fp=32 fn=0 pred_pos=1.0000
    session_025: n=55 acc=0.6182 err=21 tp=34 tn=0 fp=21 fn=0 pred_pos=1.0000
    session_050: n=62 acc=0.8387 err=10 tp=32 tn=20 fp=9 fn=1 pred_pos=0.6613
    session_030: n=59 acc=0.8983 err=6 tp=31 tn=22 fp=6 fn=0 pred_pos=0.6271
    session_040: n=61 acc=0.9344 err=4 tp=33 tn=24 fp=4 fn=0 pred_pos=0.6066
    session_005: n=47 acc=0.9149 err=4 tp=19 tn=24 fp=4 fn=0 pred_pos=0.4894
    session_020: n=41 acc=0.9268 err=3 tp=16 tn=22 fp=0 fn=3 pred_pos=0.3902
    session_035: n=59 acc=0.9831 err=1 tp=33 tn=25 fp=1 fn=0 pred_pos=0.5763
    session_010: n=49 acc=0.9796 err=1 tp=19 tn=29 fp=1 fn=0 pred_pos=0.4082
  [val/material]
    USB cable: n=127 acc=0.6693 err=42 tp=65 tn=20 fp=41 fn=1 pred_pos=0.8346
    A4 paper: n=114 acc=0.7632 err=27 tp=65 tn=22 fp=27 fn=0 pred_pos=0.8070
    plastic: n=137 acc=0.9416 err=8 tp=54 tn=75 fp=5 fn=3 pred_pos=0.4307
    soft foam earplug: n=120 acc=0.9583 err=5 tp=66 tn=49 fp=5 fn=0 pred_pos=0.5917
[INFO] epoch 12/40 started
  [train] batch 1/61 loss=0.1956 avg=0.1956 speed=0.26 batch/s
  [train] batch 20/61 loss=0.0890 avg=0.1141 speed=1.07 batch/s
  [train] batch 40/61 loss=0.0043 avg=0.1180 speed=1.09 batch/s
  [train] batch 60/61 loss=0.1247 avg=0.1044 speed=1.11 batch/s
  [train] batch 61/61 loss=0.4994 avg=0.1109 speed=1.10 batch/s
[Epoch 012] loss=0.1109 window=8 train_acc=0.9809 train_balanced_acc=0.9805 val_acc=0.8635 balanced_acc=0.8628 smoothed_balanced_acc=0.8228 f1=0.8702 precision=0.8444 recall=0.8976 pred_pos=0.5422 mean_p=0.5351 mean_p_pos=0.8760 mean_p_neg=0.1801 tp=228 tn=202 fp=42 fn=26 lr=1.00e-03 time=123.5s
  [val/behavior]
    rotational sliding: n=116 acc=0.7759 err=26 tp=90 tn=0 fp=0 fn=26 pred_pos=0.7759
    constant-force pressing: n=88 acc=0.7614 err=21 tp=0 tn=67 fp=21 fn=0 pred_pos=0.2386
    static no motion: n=21 acc=0.0476 err=20 tp=0 tn=1 fp=20 fn=0 pred_pos=0.9524
    continuous variable-force pressing: n=135 acc=0.9926 err=1 tp=0 tn=134 fp=1 fn=0 pred_pos=0.0074
    translational sliding: n=138 acc=1.0000 err=0 tp=138 tn=0 fp=0 fn=0 pred_pos=1.0000
  [val/motion_type]
    non-slip: n=244 acc=0.8279 err=42 tp=0 tn=202 fp=42 fn=0 pred_pos=0.1721
    rotation: n=116 acc=0.7759 err=26 tp=90 tn=0 fp=0 fn=26 pred_pos=0.7759
    translation: n=138 acc=1.0000 err=0 tp=138 tn=0 fp=0 fn=0 pred_pos=1.0000
  [val/session]
    session_045: n=65 acc=0.6769 err=21 tp=33 tn=11 fp=21 fn=0 pred_pos=0.8308
    session_025: n=55 acc=0.6364 err=20 tp=34 tn=1 fp=20 fn=0 pred_pos=0.9818
    session_020: n=41 acc=0.7317 err=11 tp=8 tn=22 fp=0 fn=11 pred_pos=0.1951
    session_040: n=61 acc=0.8689 err=8 tp=25 tn=28 fp=0 fn=8 pred_pos=0.4098
    session_030: n=59 acc=0.8814 err=7 tp=25 tn=27 fp=1 fn=6 pred_pos=0.4407
    session_050: n=62 acc=0.9839 err=1 tp=32 tn=29 fp=0 fn=1 pred_pos=0.5161
    session_035: n=59 acc=1.0000 err=0 tp=33 tn=26 fp=0 fn=0 pred_pos=0.5593
    session_010: n=49 acc=1.0000 err=0 tp=19 tn=30 fp=0 fn=0 pred_pos=0.3878
    session_005: n=47 acc=1.0000 err=0 tp=19 tn=28 fp=0 fn=0 pred_pos=0.4043
  [val/material]
    A4 paper: n=114 acc=0.7632 err=27 tp=59 tn=28 fp=21 fn=6 pred_pos=0.7018
    USB cable: n=127 acc=0.8268 err=22 tp=65 tn=40 fp=21 fn=1 pred_pos=0.6772
    plastic: n=137 acc=0.9197 err=11 tp=46 tn=80 fp=0 fn=11 pred_pos=0.3358
    soft foam earplug: n=120 acc=0.9333 err=8 tp=58 tn=54 fp=0 fn=8 pred_pos=0.4833
[INFO] epoch 13/40 started
  [train] batch 1/61 loss=0.2221 avg=0.2221 speed=0.26 batch/s
  [train] batch 20/61 loss=0.0811 avg=0.1033 speed=1.08 batch/s
  [train] batch 40/61 loss=0.0243 avg=0.1021 speed=1.07 batch/s
  [train] batch 60/61 loss=0.0293 avg=0.0853 speed=1.07 batch/s
  [train] batch 61/61 loss=0.0106 avg=0.0841 speed=1.07 batch/s
[BEST] epoch=13 smoothed_balanced_acc=0.8398 saved
[Epoch 013] loss=0.0841 window=8 train_acc=0.9710 train_balanced_acc=0.9707 val_acc=0.8253 balanced_acc=0.8244 smoothed_balanced_acc=0.8398 f1=0.8355 precision=0.8036 recall=0.8701 pred_pos=0.5522 mean_p=0.5490 mean_p_pos=0.8625 mean_p_neg=0.2227 tp=221 tn=190 fp=54 fn=33 lr=1.00e-03 time=124.0s
  [val/behavior]
    rotational sliding: n=116 acc=0.7155 err=33 tp=83 tn=0 fp=0 fn=33 pred_pos=0.7155
    constant-force pressing: n=88 acc=0.6364 err=32 tp=0 tn=56 fp=32 fn=0 pred_pos=0.3636
    static no motion: n=21 acc=0.0000 err=21 tp=0 tn=0 fp=21 fn=0 pred_pos=1.0000
    continuous variable-force pressing: n=135 acc=0.9926 err=1 tp=0 tn=134 fp=1 fn=0 pred_pos=0.0074
    translational sliding: n=138 acc=1.0000 err=0 tp=138 tn=0 fp=0 fn=0 pred_pos=1.0000
  [val/motion_type]
    non-slip: n=244 acc=0.7787 err=54 tp=0 tn=190 fp=54 fn=0 pred_pos=0.2213
    rotation: n=116 acc=0.7155 err=33 tp=83 tn=0 fp=0 fn=33 pred_pos=0.7155
    translation: n=138 acc=1.0000 err=0 tp=138 tn=0 fp=0 fn=0 pred_pos=1.0000
  [val/session]
    session_045: n=65 acc=0.5077 err=32 tp=33 tn=0 fp=32 fn=0 pred_pos=1.0000
    session_025: n=55 acc=0.6182 err=21 tp=34 tn=0 fp=21 fn=0 pred_pos=1.0000
    session_030: n=59 acc=0.7458 err=15 tp=16 tn=28 fp=0 fn=15 pred_pos=0.2712
    session_020: n=41 acc=0.8049 err=8 tp=11 tn=22 fp=0 fn=8 pred_pos=0.2683
    session_040: n=61 acc=0.9016 err=6 tp=28 tn=27 fp=1 fn=5 pred_pos=0.4754
    session_050: n=62 acc=0.9194 err=5 tp=28 tn=29 fp=0 fn=5 pred_pos=0.4516
    session_035: n=59 acc=1.0000 err=0 tp=33 tn=26 fp=0 fn=0 pred_pos=0.5593
    session_010: n=49 acc=1.0000 err=0 tp=19 tn=30 fp=0 fn=0 pred_pos=0.3878
    session_005: n=47 acc=1.0000 err=0 tp=19 tn=28 fp=0 fn=0 pred_pos=0.4043
  [val/material]
    USB cable: n=127 acc=0.7087 err=37 tp=61 tn=29 fp=32 fn=5 pred_pos=0.7323
    A4 paper: n=114 acc=0.6842 err=36 tp=50 tn=28 fp=21 fn=15 pred_pos=0.6228
    plastic: n=137 acc=0.9416 err=8 tp=49 tn=80 fp=0 fn=8 pred_pos=0.3577
    soft foam earplug: n=120 acc=0.9500 err=6 tp=61 tn=53 fp=1 fn=5 pred_pos=0.5167
[INFO] epoch 14/40 started
  [train] batch 1/61 loss=0.1788 avg=0.1788 speed=0.27 batch/s
  [train] batch 20/61 loss=0.0565 avg=0.0658 speed=1.07 batch/s
  [train] batch 40/61 loss=0.2148 avg=0.0847 speed=1.09 batch/s
  [train] batch 60/61 loss=0.0759 avg=0.0822 speed=1.08 batch/s
  [train] batch 61/61 loss=0.3904 avg=0.0873 speed=1.08 batch/s
[Epoch 014] loss=0.0873 window=8 train_acc=0.9162 train_balanced_acc=0.9147 val_acc=0.7671 balanced_acc=0.7687 smoothed_balanced_acc=0.8186 f1=0.7511 precision=0.8255 recall=0.6890 pred_pos=0.4257 mean_p=0.4282 mean_p_pos=0.6894 mean_p_neg=0.1562 tp=175 tn=207 fp=37 fn=79 lr=1.00e-03 time=124.6s
  [val/behavior]
    rotational sliding: n=116 acc=0.3190 err=79 tp=37 tn=0 fp=0 fn=79 pred_pos=0.3190
    static no motion: n=21 acc=0.0000 err=21 tp=0 tn=0 fp=21 fn=0 pred_pos=1.0000
    constant-force pressing: n=88 acc=0.8295 err=15 tp=0 tn=73 fp=15 fn=0 pred_pos=0.1705
    continuous variable-force pressing: n=135 acc=0.9926 err=1 tp=0 tn=134 fp=1 fn=0 pred_pos=0.0074
    translational sliding: n=138 acc=1.0000 err=0 tp=138 tn=0 fp=0 fn=0 pred_pos=1.0000
  [val/motion_type]
    rotation: n=116 acc=0.3190 err=79 tp=37 tn=0 fp=0 fn=79 pred_pos=0.3190
    non-slip: n=244 acc=0.8484 err=37 tp=0 tn=207 fp=37 fn=0 pred_pos=0.1516
    translation: n=138 acc=1.0000 err=0 tp=138 tn=0 fp=0 fn=0 pred_pos=1.0000
  [val/session]
    session_030: n=59 acc=0.5254 err=28 tp=3 tn=28 fp=0 fn=28 pred_pos=0.0508
    session_040: n=61 acc=0.5902 err=25 tp=8 tn=28 fp=0 fn=25 pred_pos=0.1311
    session_025: n=55 acc=0.6182 err=21 tp=34 tn=0 fp=21 fn=0 pred_pos=1.0000
    session_045: n=65 acc=0.7692 err=15 tp=33 tn=17 fp=15 fn=0 pred_pos=0.7385
    session_050: n=62 acc=0.7903 err=13 tp=20 tn=29 fp=0 fn=13 pred_pos=0.3226
    session_020: n=41 acc=0.6829 err=13 tp=6 tn=22 fp=0 fn=13 pred_pos=0.1463
    session_005: n=47 acc=0.9787 err=1 tp=19 tn=27 fp=1 fn=0 pred_pos=0.4255
    session_035: n=59 acc=1.0000 err=0 tp=33 tn=26 fp=0 fn=0 pred_pos=0.5593
    session_010: n=49 acc=1.0000 err=0 tp=19 tn=30 fp=0 fn=0 pred_pos=0.3878
  [val/material]
    A4 paper: n=114 acc=0.5702 err=49 tp=37 tn=28 fp=21 fn=28 pred_pos=0.5088
    USB cable: n=127 acc=0.7795 err=28 tp=53 tn=46 fp=15 fn=13 pred_pos=0.5354
    soft foam earplug: n=120 acc=0.7917 err=25 tp=41 tn=54 fp=0 fn=25 pred_pos=0.3417
    plastic: n=137 acc=0.8978 err=14 tp=44 tn=79 fp=1 fn=13 pred_pos=0.3285
[INFO] epoch 15/40 started
  [train] batch 1/61 loss=0.1245 avg=0.1245 speed=0.26 batch/s
  [train] batch 20/61 loss=0.0908 avg=0.0696 speed=1.04 batch/s
  [train] batch 40/61 loss=0.0606 avg=0.0940 speed=1.07 batch/s
  [train] batch 60/61 loss=0.0178 avg=0.0959 speed=1.07 batch/s
  [train] batch 61/61 loss=0.3827 avg=0.1006 speed=1.07 batch/s
[Epoch 015] loss=0.1006 window=8 train_acc=0.9679 train_balanced_acc=0.9674 val_acc=0.7972 balanced_acc=0.7969 smoothed_balanced_acc=0.7967 f1=0.8031 precision=0.7954 recall=0.8110 pred_pos=0.5201 mean_p=0.5228 mean_p_pos=0.8100 mean_p_neg=0.2239 tp=206 tn=191 fp=53 fn=48 lr=1.00e-03 time=126.8s
  [val/behavior]
    rotational sliding: n=116 acc=0.6034 err=46 tp=70 tn=0 fp=0 fn=46 pred_pos=0.6034
    constant-force pressing: n=88 acc=0.6364 err=32 tp=0 tn=56 fp=32 fn=0 pred_pos=0.3636
    static no motion: n=21 acc=0.0000 err=21 tp=0 tn=0 fp=21 fn=0 pred_pos=1.0000
    translational sliding: n=138 acc=0.9855 err=2 tp=136 tn=0 fp=0 fn=2 pred_pos=0.9855
    continuous variable-force pressing: n=135 acc=1.0000 err=0 tp=0 tn=135 fp=0 fn=0 pred_pos=0.0000
  [val/motion_type]
    non-slip: n=244 acc=0.7828 err=53 tp=0 tn=191 fp=53 fn=0 pred_pos=0.2172
    rotation: n=116 acc=0.6034 err=46 tp=70 tn=0 fp=0 fn=46 pred_pos=0.6034
    translation: n=138 acc=0.9855 err=2 tp=136 tn=0 fp=0 fn=2 pred_pos=0.9855
  [val/session]
    session_045: n=65 acc=0.5077 err=32 tp=33 tn=0 fp=32 fn=0 pred_pos=1.0000
    session_025: n=55 acc=0.6182 err=21 tp=34 tn=0 fp=21 fn=0 pred_pos=1.0000
    session_030: n=59 acc=0.6780 err=19 tp=12 tn=28 fp=0 fn=19 pred_pos=0.2034
    session_050: n=62 acc=0.7903 err=13 tp=20 tn=29 fp=0 fn=13 pred_pos=0.3226
    session_040: n=61 acc=0.8525 err=9 tp=24 tn=28 fp=0 fn=9 pred_pos=0.3934
    session_020: n=41 acc=0.8780 err=5 tp=14 tn=22 fp=0 fn=5 pred_pos=0.3415
    session_035: n=59 acc=0.9661 err=2 tp=31 tn=26 fp=0 fn=2 pred_pos=0.5254
    session_010: n=49 acc=1.0000 err=0 tp=19 tn=30 fp=0 fn=0 pred_pos=0.3878
    session_005: n=47 acc=1.0000 err=0 tp=19 tn=28 fp=0 fn=0 pred_pos=0.4043
  [val/material]
    USB cable: n=127 acc=0.6457 err=45 tp=53 tn=29 fp=32 fn=13 pred_pos=0.6693
    A4 paper: n=114 acc=0.6491 err=40 tp=46 tn=28 fp=21 fn=19 pred_pos=0.5877
    soft foam earplug: n=120 acc=0.9083 err=11 tp=55 tn=54 fp=0 fn=11 pred_pos=0.4583
    plastic: n=137 acc=0.9635 err=5 tp=52 tn=80 fp=0 fn=5 pred_pos=0.3796
[INFO] epoch 16/40 started
  [train] batch 1/61 loss=0.0362 avg=0.0362 speed=0.27 batch/s
  [train] batch 20/61 loss=0.0398 avg=0.0994 speed=1.07 batch/s
  [train] batch 40/61 loss=0.0315 avg=0.0956 speed=1.07 batch/s
  [train] batch 60/61 loss=0.0383 avg=0.0936 speed=1.06 batch/s
  [train] batch 61/61 loss=0.0904 avg=0.0935 speed=1.05 batch/s
[Epoch 016] loss=0.0935 window=8 train_acc=0.9617 train_balanced_acc=0.9610 val_acc=0.8133 balanced_acc=0.8141 smoothed_balanced_acc=0.7932 f1=0.8082 precision=0.8485 recall=0.7717 pred_pos=0.4639 mean_p=0.4703 mean_p_pos=0.7770 mean_p_neg=0.1511 tp=196 tn=209 fp=35 fn=58 lr=1.00e-03 time=126.2s
  [val/behavior]
    rotational sliding: n=116 acc=0.5431 err=53 tp=63 tn=0 fp=0 fn=53 pred_pos=0.5431
    static no motion: n=21 acc=0.0952 err=19 tp=0 tn=2 fp=19 fn=0 pred_pos=0.9048
    constant-force pressing: n=88 acc=0.8295 err=15 tp=0 tn=73 fp=15 fn=0 pred_pos=0.1705
    translational sliding: n=138 acc=0.9638 err=5 tp=133 tn=0 fp=0 fn=5 pred_pos=0.9638
    continuous variable-force pressing: n=135 acc=0.9926 err=1 tp=0 tn=134 fp=1 fn=0 pred_pos=0.0074
  [val/motion_type]
    rotation: n=116 acc=0.5431 err=53 tp=63 tn=0 fp=0 fn=53 pred_pos=0.5431
    non-slip: n=244 acc=0.8566 err=35 tp=0 tn=209 fp=35 fn=0 pred_pos=0.1434
    translation: n=138 acc=0.9638 err=5 tp=133 tn=0 fp=0 fn=5 pred_pos=0.9638
  [val/session]
    session_025: n=55 acc=0.6364 err=20 tp=33 tn=2 fp=19 fn=1 pred_pos=0.9455
    session_020: n=41 acc=0.5854 err=17 tp=2 tn=22 fp=0 fn=17 pred_pos=0.0488
    session_040: n=61 acc=0.7377 err=16 tp=17 tn=28 fp=0 fn=16 pred_pos=0.2787
    session_045: n=65 acc=0.7692 err=15 tp=33 tn=17 fp=15 fn=0 pred_pos=0.7385
    session_030: n=59 acc=0.7797 err=13 tp=19 tn=27 fp=1 fn=12 pred_pos=0.3390
    session_050: n=62 acc=0.8710 err=8 tp=25 tn=29 fp=0 fn=8 pred_pos=0.4032
    session_035: n=59 acc=0.9322 err=4 tp=29 tn=26 fp=0 fn=4 pred_pos=0.4915
    session_010: n=49 acc=1.0000 err=0 tp=19 tn=30 fp=0 fn=0 pred_pos=0.3878
    session_005: n=47 acc=1.0000 err=0 tp=19 tn=28 fp=0 fn=0 pred_pos=0.4043
  [val/material]
    A4 paper: n=114 acc=0.7105 err=33 tp=52 tn=29 fp=20 fn=13 pred_pos=0.6316
    USB cable: n=127 acc=0.8189 err=23 tp=58 tn=46 fp=15 fn=8 pred_pos=0.5748
    soft foam earplug: n=120 acc=0.8333 err=20 tp=46 tn=54 fp=0 fn=20 pred_pos=0.3833
    plastic: n=137 acc=0.8759 err=17 tp=40 tn=80 fp=0 fn=17 pred_pos=0.2920
[INFO] epoch 17/40 started
  [train] batch 1/61 loss=0.0072 avg=0.0072 speed=0.24 batch/s
  [train] batch 20/61 loss=0.3244 avg=0.1213 speed=1.05 batch/s
  [train] batch 40/61 loss=0.0244 avg=0.0992 speed=1.08 batch/s
  [train] batch 60/61 loss=0.0968 avg=0.0976 speed=1.08 batch/s
  [train] batch 61/61 loss=0.0936 avg=0.0975 speed=1.08 batch/s
[Epoch 017] loss=0.0975 window=8 train_acc=0.9845 train_balanced_acc=0.9842 val_acc=0.8936 balanced_acc=0.8939 smoothed_balanced_acc=0.8350 f1=0.8938 precision=0.9102 recall=0.8780 pred_pos=0.4920 mean_p=0.4903 mean_p_pos=0.8606 mean_p_neg=0.1048 tp=223 tn=222 fp=22 fn=31 lr=5.00e-04 time=125.0s
  [val/behavior]
    rotational sliding: n=116 acc=0.7414 err=30 tp=86 tn=0 fp=0 fn=30 pred_pos=0.7414
    static no motion: n=21 acc=0.2857 err=15 tp=0 tn=6 fp=15 fn=0 pred_pos=0.7143
    constant-force pressing: n=88 acc=0.9318 err=6 tp=0 tn=82 fp=6 fn=0 pred_pos=0.0682
    translational sliding: n=138 acc=0.9928 err=1 tp=137 tn=0 fp=0 fn=1 pred_pos=0.9928
    continuous variable-force pressing: n=135 acc=0.9926 err=1 tp=0 tn=134 fp=1 fn=0 pred_pos=0.0074
  [val/motion_type]
    rotation: n=116 acc=0.7414 err=30 tp=86 tn=0 fp=0 fn=30 pred_pos=0.7414
    non-slip: n=244 acc=0.9098 err=22 tp=0 tn=222 fp=22 fn=0 pred_pos=0.0902
    translation: n=138 acc=0.9928 err=1 tp=137 tn=0 fp=0 fn=1 pred_pos=0.9928
  [val/session]
    session_025: n=55 acc=0.7273 err=15 tp=34 tn=6 fp=15 fn=0 pred_pos=0.8909
    session_020: n=41 acc=0.7317 err=11 tp=8 tn=22 fp=0 fn=11 pred_pos=0.1951
    session_040: n=61 acc=0.8361 err=10 tp=23 tn=28 fp=0 fn=10 pred_pos=0.3770
    session_045: n=65 acc=0.9077 err=6 tp=33 tn=26 fp=6 fn=0 pred_pos=0.6000
    session_050: n=62 acc=0.9032 err=6 tp=27 tn=29 fp=0 fn=6 pred_pos=0.4355
    session_030: n=59 acc=0.9492 err=3 tp=28 tn=28 fp=0 fn=3 pred_pos=0.4746
    session_035: n=59 acc=0.9831 err=1 tp=32 tn=26 fp=0 fn=1 pred_pos=0.5424
    session_005: n=47 acc=0.9787 err=1 tp=19 tn=27 fp=1 fn=0 pred_pos=0.4255
    session_010: n=49 acc=1.0000 err=0 tp=19 tn=30 fp=0 fn=0 pred_pos=0.3878
  [val/material]
    A4 paper: n=114 acc=0.8421 err=18 tp=62 tn=34 fp=15 fn=3 pred_pos=0.6754
    plastic: n=137 acc=0.9124 err=12 tp=46 tn=79 fp=1 fn=11 pred_pos=0.3431
    USB cable: n=127 acc=0.9055 err=12 tp=60 tn=55 fp=6 fn=6 pred_pos=0.5197
    soft foam earplug: n=120 acc=0.9083 err=11 tp=55 tn=54 fp=0 fn=11 pred_pos=0.4583
[INFO] epoch 18/40 started
  [train] batch 1/61 loss=0.0195 avg=0.0195 speed=0.23 batch/s
  [train] batch 20/61 loss=0.1632 avg=0.0385 speed=1.03 batch/s
  [train] batch 40/61 loss=0.0564 avg=0.0474 speed=1.04 batch/s
  [train] batch 60/61 loss=0.0115 avg=0.0457 speed=1.06 batch/s
  [train] batch 61/61 loss=0.0411 avg=0.0456 speed=1.05 batch/s
[BEST] epoch=18 smoothed_balanced_acc=0.8534 saved
[Epoch 018] loss=0.0456 window=8 train_acc=0.9912 train_balanced_acc=0.9910 val_acc=0.8534 balanced_acc=0.8523 smoothed_balanced_acc=0.8534 f1=0.8636 precision=0.8221 recall=0.9094 pred_pos=0.5643 mean_p=0.5513 mean_p_pos=0.8924 mean_p_neg=0.1961 tp=231 tn=194 fp=50 fn=23 lr=5.00e-04 time=126.6s
  [val/behavior]
    constant-force pressing: n=88 acc=0.6705 err=29 tp=0 tn=59 fp=29 fn=0 pred_pos=0.3295
    rotational sliding: n=116 acc=0.8017 err=23 tp=93 tn=0 fp=0 fn=23 pred_pos=0.8017
    static no motion: n=21 acc=0.0000 err=21 tp=0 tn=0 fp=21 fn=0 pred_pos=1.0000
    translational sliding: n=138 acc=1.0000 err=0 tp=138 tn=0 fp=0 fn=0 pred_pos=1.0000
    continuous variable-force pressing: n=135 acc=1.0000 err=0 tp=0 tn=135 fp=0 fn=0 pred_pos=0.0000
  [val/motion_type]
    non-slip: n=244 acc=0.7951 err=50 tp=0 tn=194 fp=50 fn=0 pred_pos=0.2049
    rotation: n=116 acc=0.8017 err=23 tp=93 tn=0 fp=0 fn=23 pred_pos=0.8017
    translation: n=138 acc=1.0000 err=0 tp=138 tn=0 fp=0 fn=0 pred_pos=1.0000
  [val/session]
    session_045: n=65 acc=0.5538 err=29 tp=33 tn=3 fp=29 fn=0 pred_pos=0.9538
    session_025: n=55 acc=0.6182 err=21 tp=34 tn=0 fp=21 fn=0 pred_pos=1.0000
    session_040: n=61 acc=0.8689 err=8 tp=25 tn=28 fp=0 fn=8 pred_pos=0.4098
    session_020: n=41 acc=0.8293 err=7 tp=12 tn=22 fp=0 fn=7 pred_pos=0.2927
    session_050: n=62 acc=0.9355 err=4 tp=29 tn=29 fp=0 fn=4 pred_pos=0.4677
    session_030: n=59 acc=0.9322 err=4 tp=27 tn=28 fp=0 fn=4 pred_pos=0.4576
    session_035: n=59 acc=1.0000 err=0 tp=33 tn=26 fp=0 fn=0 pred_pos=0.5593
    session_010: n=49 acc=1.0000 err=0 tp=19 tn=30 fp=0 fn=0 pred_pos=0.3878
    session_005: n=47 acc=1.0000 err=0 tp=19 tn=28 fp=0 fn=0 pred_pos=0.4043
  [val/material]
    USB cable: n=127 acc=0.7402 err=33 tp=62 tn=32 fp=29 fn=4 pred_pos=0.7165
    A4 paper: n=114 acc=0.7807 err=25 tp=61 tn=28 fp=21 fn=4 pred_pos=0.7193
    soft foam earplug: n=120 acc=0.9333 err=8 tp=58 tn=54 fp=0 fn=8 pred_pos=0.4833
    plastic: n=137 acc=0.9489 err=7 tp=50 tn=80 fp=0 fn=7 pred_pos=0.3650
[INFO] epoch 19/40 started
  [train] batch 1/61 loss=0.0175 avg=0.0175 speed=0.27 batch/s
  [train] batch 20/61 loss=0.0110 avg=0.0272 speed=1.07 batch/s
  [train] batch 40/61 loss=0.0051 avg=0.0328 speed=1.08 batch/s
  [train] batch 60/61 loss=0.0197 avg=0.0334 speed=1.07 batch/s
  [train] batch 61/61 loss=0.0084 avg=0.0330 speed=1.07 batch/s
[BEST] epoch=19 smoothed_balanced_acc=0.8647 saved
[Epoch 019] loss=0.0330 window=8 train_acc=0.9917 train_balanced_acc=0.9916 val_acc=0.8494 balanced_acc=0.8478 smoothed_balanced_acc=0.8647 f1=0.8624 precision=0.8076 recall=0.9252 pred_pos=0.5843 mean_p=0.5809 mean_p_pos=0.9169 mean_p_neg=0.2311 tp=235 tn=188 fp=56 fn=19 lr=5.00e-04 time=128.2s
  [val/behavior]
    constant-force pressing: n=88 acc=0.6364 err=32 tp=0 tn=56 fp=32 fn=0 pred_pos=0.3636
    static no motion: n=21 acc=0.0476 err=20 tp=0 tn=1 fp=20 fn=0 pred_pos=0.9524
    rotational sliding: n=116 acc=0.8362 err=19 tp=97 tn=0 fp=0 fn=19 pred_pos=0.8362
    continuous variable-force pressing: n=135 acc=0.9704 err=4 tp=0 tn=131 fp=4 fn=0 pred_pos=0.0296
    translational sliding: n=138 acc=1.0000 err=0 tp=138 tn=0 fp=0 fn=0 pred_pos=1.0000
  [val/motion_type]
    non-slip: n=244 acc=0.7705 err=56 tp=0 tn=188 fp=56 fn=0 pred_pos=0.2295
    rotation: n=116 acc=0.8362 err=19 tp=97 tn=0 fp=0 fn=19 pred_pos=0.8362
    translation: n=138 acc=1.0000 err=0 tp=138 tn=0 fp=0 fn=0 pred_pos=1.0000
  [val/session]
    session_045: n=65 acc=0.5077 err=32 tp=33 tn=0 fp=32 fn=0 pred_pos=1.0000
    session_025: n=55 acc=0.6364 err=20 tp=34 tn=1 fp=20 fn=0 pred_pos=0.9818
    session_040: n=61 acc=0.8852 err=7 tp=27 tn=27 fp=1 fn=6 pred_pos=0.4590
    session_030: n=59 acc=0.9153 err=5 tp=27 tn=27 fp=1 fn=4 pred_pos=0.4746
    session_020: n=41 acc=0.8780 err=5 tp=14 tn=22 fp=0 fn=5 pred_pos=0.3415
    session_050: n=62 acc=0.9355 err=4 tp=29 tn=29 fp=0 fn=4 pred_pos=0.4677
    session_005: n=47 acc=0.9574 err=2 tp=19 tn=26 fp=2 fn=0 pred_pos=0.4468
    session_035: n=59 acc=1.0000 err=0 tp=33 tn=26 fp=0 fn=0 pred_pos=0.5593
    session_010: n=49 acc=1.0000 err=0 tp=19 tn=30 fp=0 fn=0 pred_pos=0.3878
  [val/material]
    USB cable: n=127 acc=0.7165 err=36 tp=62 tn=29 fp=32 fn=4 pred_pos=0.7402
    A4 paper: n=114 acc=0.7807 err=25 tp=61 tn=28 fp=21 fn=4 pred_pos=0.7193
    plastic: n=137 acc=0.9489 err=7 tp=52 tn=78 fp=2 fn=5 pred_pos=0.3942
    soft foam earplug: n=120 acc=0.9417 err=7 tp=60 tn=53 fp=1 fn=6 pred_pos=0.5083
[INFO] epoch 20/40 started
  [train] batch 1/61 loss=0.0062 avg=0.0062 speed=0.27 batch/s
  [train] batch 20/61 loss=0.0023 avg=0.0634 speed=1.07 batch/s
  [train] batch 40/61 loss=0.0028 avg=0.0452 speed=1.06 batch/s
  [train] batch 60/61 loss=0.0094 avg=0.0444 speed=1.07 batch/s
  [train] batch 61/61 loss=0.0017 avg=0.0437 speed=1.06 batch/s
[Epoch 020] loss=0.0437 window=8 train_acc=0.9922 train_balanced_acc=0.9921 val_acc=0.8795 balanced_acc=0.8789 smoothed_balanced_acc=0.8597 f1=0.8851 precision=0.8619 recall=0.9094 pred_pos=0.5382 mean_p=0.5345 mean_p_pos=0.9028 mean_p_neg=0.1512 tp=231 tn=207 fp=37 fn=23 lr=5.00e-04 time=124.9s
  [val/behavior]
    rotational sliding: n=116 acc=0.8017 err=23 tp=93 tn=0 fp=0 fn=23 pred_pos=0.8017
    static no motion: n=21 acc=0.0476 err=20 tp=0 tn=1 fp=20 fn=0 pred_pos=0.9524
    constant-force pressing: n=88 acc=0.8295 err=15 tp=0 tn=73 fp=15 fn=0 pred_pos=0.1705
    continuous variable-force pressing: n=135 acc=0.9852 err=2 tp=0 tn=133 fp=2 fn=0 pred_pos=0.0148
    translational sliding: n=138 acc=1.0000 err=0 tp=138 tn=0 fp=0 fn=0 pred_pos=1.0000
  [val/motion_type]
    non-slip: n=244 acc=0.8484 err=37 tp=0 tn=207 fp=37 fn=0 pred_pos=0.1516
    rotation: n=116 acc=0.8017 err=23 tp=93 tn=0 fp=0 fn=23 pred_pos=0.8017
    translation: n=138 acc=1.0000 err=0 tp=138 tn=0 fp=0 fn=0 pred_pos=1.0000
  [val/session]
    session_025: n=55 acc=0.6364 err=20 tp=34 tn=1 fp=20 fn=0 pred_pos=0.9818
    session_045: n=65 acc=0.7692 err=15 tp=33 tn=17 fp=15 fn=0 pred_pos=0.7385
    session_040: n=61 acc=0.8689 err=8 tp=25 tn=28 fp=0 fn=8 pred_pos=0.4098
    session_030: n=59 acc=0.8644 err=8 tp=24 tn=27 fp=1 fn=7 pred_pos=0.4237
    session_020: n=41 acc=0.8049 err=8 tp=11 tn=22 fp=0 fn=8 pred_pos=0.2683
    session_005: n=47 acc=0.9787 err=1 tp=19 tn=27 fp=1 fn=0 pred_pos=0.4255
    session_050: n=62 acc=1.0000 err=0 tp=33 tn=29 fp=0 fn=0 pred_pos=0.5323
    session_035: n=59 acc=1.0000 err=0 tp=33 tn=26 fp=0 fn=0 pred_pos=0.5593
    session_010: n=49 acc=1.0000 err=0 tp=19 tn=30 fp=0 fn=0 pred_pos=0.3878
  [val/material]
    A4 paper: n=114 acc=0.7544 err=28 tp=58 tn=28 fp=21 fn=7 pred_pos=0.6930
    USB cable: n=127 acc=0.8819 err=15 tp=66 tn=46 fp=15 fn=0 pred_pos=0.6378
    plastic: n=137 acc=0.9343 err=9 tp=49 tn=79 fp=1 fn=8 pred_pos=0.3650
    soft foam earplug: n=120 acc=0.9333 err=8 tp=58 tn=54 fp=0 fn=8 pred_pos=0.4833
[INFO] epoch 21/40 started
  [train] batch 1/61 loss=0.0092 avg=0.0092 speed=0.26 batch/s
  [train] batch 20/61 loss=0.0014 avg=0.0339 speed=1.06 batch/s
  [train] batch 40/61 loss=0.0058 avg=0.0511 speed=1.08 batch/s
  [train] batch 60/61 loss=0.0026 avg=0.0493 speed=1.08 batch/s
  [train] batch 61/61 loss=0.0065 avg=0.0486 speed=1.08 batch/s
[BEST] epoch=21 smoothed_balanced_acc=0.8661 saved
[Epoch 021] loss=0.0486 window=8 train_acc=0.9964 train_balanced_acc=0.9963 val_acc=0.8735 balanced_acc=0.8716 smoothed_balanced_acc=0.8661 f1=0.8861 precision=0.8194 recall=0.9646 pred_pos=0.6004 mean_p=0.5932 mean_p_pos=0.9534 mean_p_neg=0.2183 tp=245 tn=190 fp=54 fn=9 lr=5.00e-04 time=122.7s
  [val/behavior]
    constant-force pressing: n=88 acc=0.6364 err=32 tp=0 tn=56 fp=32 fn=0 pred_pos=0.3636
    static no motion: n=21 acc=0.0476 err=20 tp=0 tn=1 fp=20 fn=0 pred_pos=0.9524
    rotational sliding: n=116 acc=0.9224 err=9 tp=107 tn=0 fp=0 fn=9 pred_pos=0.9224
    continuous variable-force pressing: n=135 acc=0.9852 err=2 tp=0 tn=133 fp=2 fn=0 pred_pos=0.0148
    translational sliding: n=138 acc=1.0000 err=0 tp=138 tn=0 fp=0 fn=0 pred_pos=1.0000
  [val/motion_type]
    non-slip: n=244 acc=0.7787 err=54 tp=0 tn=190 fp=54 fn=0 pred_pos=0.2213
    rotation: n=116 acc=0.9224 err=9 tp=107 tn=0 fp=0 fn=9 pred_pos=0.9224
    translation: n=138 acc=1.0000 err=0 tp=138 tn=0 fp=0 fn=0 pred_pos=1.0000
  [val/session]
    session_045: n=65 acc=0.5077 err=32 tp=33 tn=0 fp=32 fn=0 pred_pos=1.0000
    session_025: n=55 acc=0.6364 err=20 tp=34 tn=1 fp=20 fn=0 pred_pos=0.9818
    session_020: n=41 acc=0.8537 err=6 tp=13 tn=22 fp=0 fn=6 pred_pos=0.3171
    session_040: n=61 acc=0.9508 err=3 tp=30 tn=28 fp=0 fn=3 pred_pos=0.4918
    session_030: n=59 acc=0.9831 err=1 tp=31 tn=27 fp=1 fn=0 pred_pos=0.5424
    session_005: n=47 acc=0.9787 err=1 tp=19 tn=27 fp=1 fn=0 pred_pos=0.4255
    session_050: n=62 acc=1.0000 err=0 tp=33 tn=29 fp=0 fn=0 pred_pos=0.5323
    session_035: n=59 acc=1.0000 err=0 tp=33 tn=26 fp=0 fn=0 pred_pos=0.5593
    session_010: n=49 acc=1.0000 err=0 tp=19 tn=30 fp=0 fn=0 pred_pos=0.3878
  [val/material]
    USB cable: n=127 acc=0.7480 err=32 tp=66 tn=29 fp=32 fn=0 pred_pos=0.7717
    A4 paper: n=114 acc=0.8158 err=21 tp=65 tn=28 fp=21 fn=0 pred_pos=0.7544
    plastic: n=137 acc=0.9489 err=7 tp=51 tn=79 fp=1 fn=6 pred_pos=0.3796
    soft foam earplug: n=120 acc=0.9750 err=3 tp=63 tn=54 fp=0 fn=3 pred_pos=0.5250
[INFO] epoch 22/40 started
  [train] batch 1/61 loss=0.0048 avg=0.0048 speed=0.28 batch/s
  [train] batch 20/61 loss=0.0675 avg=0.0460 speed=1.07 batch/s
  [train] batch 40/61 loss=0.1172 avg=0.0326 speed=1.07 batch/s
  [train] batch 60/61 loss=0.0455 avg=0.0365 speed=1.07 batch/s
  [train] batch 61/61 loss=0.0003 avg=0.0359 speed=1.06 batch/s
[BEST] epoch=22 smoothed_balanced_acc=0.8769 saved
[Epoch 022] loss=0.0359 window=8 train_acc=0.9943 train_balanced_acc=0.9942 val_acc=0.8815 balanced_acc=0.8801 smoothed_balanced_acc=0.8769 f1=0.8913 precision=0.8374 recall=0.9528 pred_pos=0.5803 mean_p=0.5737 mean_p_pos=0.9444 mean_p_neg=0.1879 tp=242 tn=197 fp=47 fn=12 lr=5.00e-04 time=126.3s
  [val/behavior]
    constant-force pressing: n=88 acc=0.6364 err=32 tp=0 tn=56 fp=32 fn=0 pred_pos=0.3636
    static no motion: n=21 acc=0.3333 err=14 tp=0 tn=7 fp=14 fn=0 pred_pos=0.6667
    rotational sliding: n=116 acc=0.8966 err=12 tp=104 tn=0 fp=0 fn=12 pred_pos=0.8966
    continuous variable-force pressing: n=135 acc=0.9926 err=1 tp=0 tn=134 fp=1 fn=0 pred_pos=0.0074
    translational sliding: n=138 acc=1.0000 err=0 tp=138 tn=0 fp=0 fn=0 pred_pos=1.0000
  [val/motion_type]
    non-slip: n=244 acc=0.8074 err=47 tp=0 tn=197 fp=47 fn=0 pred_pos=0.1926
    rotation: n=116 acc=0.8966 err=12 tp=104 tn=0 fp=0 fn=12 pred_pos=0.8966
    translation: n=138 acc=1.0000 err=0 tp=138 tn=0 fp=0 fn=0 pred_pos=1.0000
  [val/session]
    session_045: n=65 acc=0.5077 err=32 tp=33 tn=0 fp=32 fn=0 pred_pos=1.0000
    session_025: n=55 acc=0.7455 err=14 tp=34 tn=7 fp=14 fn=0 pred_pos=0.8727
    session_020: n=41 acc=0.8049 err=8 tp=11 tn=22 fp=0 fn=8 pred_pos=0.2683
    session_040: n=61 acc=0.9344 err=4 tp=29 tn=28 fp=0 fn=4 pred_pos=0.4754
    session_030: n=59 acc=0.9831 err=1 tp=31 tn=27 fp=1 fn=0 pred_pos=0.5424
    session_050: n=62 acc=1.0000 err=0 tp=33 tn=29 fp=0 fn=0 pred_pos=0.5323
    session_035: n=59 acc=1.0000 err=0 tp=33 tn=26 fp=0 fn=0 pred_pos=0.5593
    session_010: n=49 acc=1.0000 err=0 tp=19 tn=30 fp=0 fn=0 pred_pos=0.3878
    session_005: n=47 acc=1.0000 err=0 tp=19 tn=28 fp=0 fn=0 pred_pos=0.4043
  [val/material]
    USB cable: n=127 acc=0.7480 err=32 tp=66 tn=29 fp=32 fn=0 pred_pos=0.7717
    A4 paper: n=114 acc=0.8684 err=15 tp=65 tn=34 fp=15 fn=0 pred_pos=0.7018
    plastic: n=137 acc=0.9416 err=8 tp=49 tn=80 fp=0 fn=8 pred_pos=0.3577
    soft foam earplug: n=120 acc=0.9667 err=4 tp=62 tn=54 fp=0 fn=4 pred_pos=0.5167
[INFO] epoch 23/40 started
  [train] batch 1/61 loss=0.0547 avg=0.0547 speed=0.25 batch/s
  [train] batch 20/61 loss=0.0405 avg=0.0666 speed=1.03 batch/s
  [train] batch 40/61 loss=0.0736 avg=0.0417 speed=1.05 batch/s
  [train] batch 60/61 loss=0.0034 avg=0.0341 speed=1.05 batch/s
  [train] batch 61/61 loss=0.0009 avg=0.0335 speed=1.05 batch/s
[Epoch 023] loss=0.0335 window=8 train_acc=0.9953 train_balanced_acc=0.9953 val_acc=0.8494 balanced_acc=0.8479 smoothed_balanced_acc=0.8665 f1=0.8619 precision=0.8097 recall=0.9213 pred_pos=0.5803 mean_p=0.5722 mean_p_pos=0.9072 mean_p_neg=0.2235 tp=234 tn=189 fp=55 fn=20 lr=5.00e-04 time=124.2s
  [val/behavior]
    constant-force pressing: n=88 acc=0.6364 err=32 tp=0 tn=56 fp=32 fn=0 pred_pos=0.3636
    static no motion: n=21 acc=0.0000 err=21 tp=0 tn=0 fp=21 fn=0 pred_pos=1.0000
    rotational sliding: n=116 acc=0.8276 err=20 tp=96 tn=0 fp=0 fn=20 pred_pos=0.8276
    continuous variable-force pressing: n=135 acc=0.9852 err=2 tp=0 tn=133 fp=2 fn=0 pred_pos=0.0148
    translational sliding: n=138 acc=1.0000 err=0 tp=138 tn=0 fp=0 fn=0 pred_pos=1.0000
  [val/motion_type]
    non-slip: n=244 acc=0.7746 err=55 tp=0 tn=189 fp=55 fn=0 pred_pos=0.2254
    rotation: n=116 acc=0.8276 err=20 tp=96 tn=0 fp=0 fn=20 pred_pos=0.8276
    translation: n=138 acc=1.0000 err=0 tp=138 tn=0 fp=0 fn=0 pred_pos=1.0000
  [val/session]
    session_045: n=65 acc=0.5077 err=32 tp=33 tn=0 fp=32 fn=0 pred_pos=1.0000
    session_025: n=55 acc=0.6182 err=21 tp=34 tn=0 fp=21 fn=0 pred_pos=1.0000
    session_040: n=61 acc=0.8689 err=8 tp=26 tn=27 fp=1 fn=7 pred_pos=0.4426
    session_030: n=59 acc=0.8983 err=6 tp=26 tn=27 fp=1 fn=5 pred_pos=0.4576
    session_050: n=62 acc=0.9194 err=5 tp=28 tn=29 fp=0 fn=5 pred_pos=0.4516
    session_020: n=41 acc=0.9268 err=3 tp=16 tn=22 fp=0 fn=3 pred_pos=0.3902
    session_035: n=59 acc=1.0000 err=0 tp=33 tn=26 fp=0 fn=0 pred_pos=0.5593
    session_010: n=49 acc=1.0000 err=0 tp=19 tn=30 fp=0 fn=0 pred_pos=0.3878
    session_005: n=47 acc=1.0000 err=0 tp=19 tn=28 fp=0 fn=0 pred_pos=0.4043
  [val/material]
    USB cable: n=127 acc=0.7087 err=37 tp=61 tn=29 fp=32 fn=5 pred_pos=0.7323
    A4 paper: n=114 acc=0.7632 err=27 tp=60 tn=27 fp=22 fn=5 pred_pos=0.7193
    soft foam earplug: n=120 acc=0.9333 err=8 tp=59 tn=53 fp=1 fn=7 pred_pos=0.5000
    plastic: n=137 acc=0.9781 err=3 tp=54 tn=80 fp=0 fn=3 pred_pos=0.3942
[INFO] epoch 24/40 started
  [train] batch 1/61 loss=0.0081 avg=0.0081 speed=0.24 batch/s
  [train] batch 20/61 loss=0.0011 avg=0.0188 speed=1.01 batch/s
  [train] batch 40/61 loss=0.0032 avg=0.0255 speed=1.03 batch/s
  [train] batch 60/61 loss=0.1020 avg=0.0261 speed=1.03 batch/s
  [train] batch 61/61 loss=0.0014 avg=0.0257 speed=1.03 batch/s
[Epoch 024] loss=0.0257 window=8 train_acc=0.9979 train_balanced_acc=0.9979 val_acc=0.8655 balanced_acc=0.8637 smoothed_balanced_acc=0.8639 f1=0.8784 precision=0.8148 recall=0.9528 pred_pos=0.5964 mean_p=0.5931 mean_p_pos=0.9469 mean_p_neg=0.2249 tp=242 tn=189 fp=55 fn=12 lr=5.00e-04 time=128.6s
  [val/behavior]
    constant-force pressing: n=88 acc=0.6364 err=32 tp=0 tn=56 fp=32 fn=0 pred_pos=0.3636
    static no motion: n=21 acc=0.0000 err=21 tp=0 tn=0 fp=21 fn=0 pred_pos=1.0000
    rotational sliding: n=116 acc=0.8966 err=12 tp=104 tn=0 fp=0 fn=12 pred_pos=0.8966
    continuous variable-force pressing: n=135 acc=0.9852 err=2 tp=0 tn=133 fp=2 fn=0 pred_pos=0.0148
    translational sliding: n=138 acc=1.0000 err=0 tp=138 tn=0 fp=0 fn=0 pred_pos=1.0000
  [val/motion_type]
    non-slip: n=244 acc=0.7746 err=55 tp=0 tn=189 fp=55 fn=0 pred_pos=0.2254
    rotation: n=116 acc=0.8966 err=12 tp=104 tn=0 fp=0 fn=12 pred_pos=0.8966
    translation: n=138 acc=1.0000 err=0 tp=138 tn=0 fp=0 fn=0 pred_pos=1.0000
  [val/session]
    session_045: n=65 acc=0.5077 err=32 tp=33 tn=0 fp=32 fn=0 pred_pos=1.0000
    session_025: n=55 acc=0.6182 err=21 tp=34 tn=0 fp=21 fn=0 pred_pos=1.0000
    session_040: n=61 acc=0.9016 err=6 tp=27 tn=28 fp=0 fn=6 pred_pos=0.4426
    session_020: n=41 acc=0.9024 err=4 tp=15 tn=22 fp=0 fn=4 pred_pos=0.3659
    session_050: n=62 acc=0.9677 err=2 tp=32 tn=28 fp=1 fn=1 pred_pos=0.5323
    session_030: n=59 acc=0.9661 err=2 tp=30 tn=27 fp=1 fn=1 pred_pos=0.5254
    session_035: n=59 acc=1.0000 err=0 tp=33 tn=26 fp=0 fn=0 pred_pos=0.5593
    session_010: n=49 acc=1.0000 err=0 tp=19 tn=30 fp=0 fn=0 pred_pos=0.3878
    session_005: n=47 acc=1.0000 err=0 tp=19 tn=28 fp=0 fn=0 pred_pos=0.4043
  [val/material]
    USB cable: n=127 acc=0.7323 err=34 tp=65 tn=28 fp=33 fn=1 pred_pos=0.7717
    A4 paper: n=114 acc=0.7982 err=23 tp=64 tn=27 fp=22 fn=1 pred_pos=0.7544
    soft foam earplug: n=120 acc=0.9500 err=6 tp=60 tn=54 fp=0 fn=6 pred_pos=0.5000
    plastic: n=137 acc=0.9708 err=4 tp=53 tn=80 fp=0 fn=4 pred_pos=0.3869
[INFO] epoch 25/40 started
  [train] batch 1/61 loss=0.0336 avg=0.0336 speed=0.23 batch/s
  [train] batch 20/61 loss=0.0009 avg=0.0179 speed=1.01 batch/s
  [train] batch 40/61 loss=0.0475 avg=0.0422 speed=1.03 batch/s
  [train] batch 60/61 loss=0.0063 avg=0.0391 speed=1.04 batch/s
  [train] batch 61/61 loss=0.0006 avg=0.0385 speed=1.03 batch/s
[Epoch 025] loss=0.0385 window=8 train_acc=0.9953 train_balanced_acc=0.9954 val_acc=0.8695 balanced_acc=0.8673 smoothed_balanced_acc=0.8596 f1=0.8841 precision=0.8078 recall=0.9764 pred_pos=0.6165 mean_p=0.6155 mean_p_pos=0.9720 mean_p_neg=0.2445 tp=248 tn=185 fp=59 fn=6 lr=5.00e-04 time=125.8s
  [val/behavior]
    constant-force pressing: n=88 acc=0.6364 err=32 tp=0 tn=56 fp=32 fn=0 pred_pos=0.3636
    static no motion: n=21 acc=0.0000 err=21 tp=0 tn=0 fp=21 fn=0 pred_pos=1.0000
    continuous variable-force pressing: n=135 acc=0.9556 err=6 tp=0 tn=129 fp=6 fn=0 pred_pos=0.0444
    rotational sliding: n=116 acc=0.9483 err=6 tp=110 tn=0 fp=0 fn=6 pred_pos=0.9483
    translational sliding: n=138 acc=1.0000 err=0 tp=138 tn=0 fp=0 fn=0 pred_pos=1.0000
  [val/motion_type]
    non-slip: n=244 acc=0.7582 err=59 tp=0 tn=185 fp=59 fn=0 pred_pos=0.2418
    rotation: n=116 acc=0.9483 err=6 tp=110 tn=0 fp=0 fn=6 pred_pos=0.9483
    translation: n=138 acc=1.0000 err=0 tp=138 tn=0 fp=0 fn=0 pred_pos=1.0000
  [val/session]
    session_045: n=65 acc=0.5077 err=32 tp=33 tn=0 fp=32 fn=0 pred_pos=1.0000
    session_025: n=55 acc=0.6182 err=21 tp=34 tn=0 fp=21 fn=0 pred_pos=1.0000
    session_030: n=59 acc=0.9322 err=4 tp=31 tn=24 fp=4 fn=0 pred_pos=0.5932
    session_040: n=61 acc=0.9508 err=3 tp=30 tn=28 fp=0 fn=3 pred_pos=0.4918
    session_020: n=41 acc=0.9268 err=3 tp=16 tn=22 fp=0 fn=3 pred_pos=0.3902
    session_005: n=47 acc=0.9574 err=2 tp=19 tn=26 fp=2 fn=0 pred_pos=0.4468
    session_050: n=62 acc=1.0000 err=0 tp=33 tn=29 fp=0 fn=0 pred_pos=0.5323
    session_035: n=59 acc=1.0000 err=0 tp=33 tn=26 fp=0 fn=0 pred_pos=0.5593
    session_010: n=49 acc=1.0000 err=0 tp=19 tn=30 fp=0 fn=0 pred_pos=0.3878
  [val/material]
    USB cable: n=127 acc=0.7480 err=32 tp=66 tn=29 fp=32 fn=0 pred_pos=0.7717
    A4 paper: n=114 acc=0.7807 err=25 tp=65 tn=24 fp=25 fn=0 pred_pos=0.7895
    plastic: n=137 acc=0.9635 err=5 tp=54 tn=78 fp=2 fn=3 pred_pos=0.4088
    soft foam earplug: n=120 acc=0.9750 err=3 tp=63 tn=54 fp=0 fn=3 pred_pos=0.5250
[INFO] epoch 26/40 started
  [train] batch 1/61 loss=0.0073 avg=0.0073 speed=0.23 batch/s
  [train] batch 20/61 loss=0.0375 avg=0.0356 speed=1.00 batch/s
  [train] batch 40/61 loss=0.0010 avg=0.0351 speed=1.04 batch/s
  [train] batch 60/61 loss=0.0192 avg=0.0335 speed=1.04 batch/s
  [train] batch 61/61 loss=0.1297 avg=0.0351 speed=1.03 batch/s
[Epoch 026] loss=0.0351 window=8 train_acc=0.9959 train_balanced_acc=0.9959 val_acc=0.8655 balanced_acc=0.8631 smoothed_balanced_acc=0.8647 f1=0.8814 precision=0.8006 recall=0.9803 pred_pos=0.6245 mean_p=0.6271 mean_p_pos=0.9786 mean_p_neg=0.2612 tp=249 tn=182 fp=62 fn=5 lr=2.50e-04 time=129.0s
  [val/behavior]
    constant-force pressing: n=88 acc=0.6250 err=33 tp=0 tn=55 fp=33 fn=0 pred_pos=0.3750
    static no motion: n=21 acc=0.0000 err=21 tp=0 tn=0 fp=21 fn=0 pred_pos=1.0000
    continuous variable-force pressing: n=135 acc=0.9407 err=8 tp=0 tn=127 fp=8 fn=0 pred_pos=0.0593
    rotational sliding: n=116 acc=0.9655 err=4 tp=112 tn=0 fp=0 fn=4 pred_pos=0.9655
    translational sliding: n=138 acc=0.9928 err=1 tp=137 tn=0 fp=0 fn=1 pred_pos=0.9928
  [val/motion_type]
    non-slip: n=244 acc=0.7459 err=62 tp=0 tn=182 fp=62 fn=0 pred_pos=0.2541
    rotation: n=116 acc=0.9655 err=4 tp=112 tn=0 fp=0 fn=4 pred_pos=0.9655
    translation: n=138 acc=0.9928 err=1 tp=137 tn=0 fp=0 fn=1 pred_pos=0.9928
  [val/session]
    session_045: n=65 acc=0.5077 err=32 tp=33 tn=0 fp=32 fn=0 pred_pos=1.0000
    session_025: n=55 acc=0.6182 err=21 tp=34 tn=0 fp=21 fn=0 pred_pos=1.0000
    session_030: n=59 acc=0.9153 err=5 tp=31 tn=23 fp=5 fn=0 pred_pos=0.6102
    session_050: n=62 acc=0.9516 err=3 tp=33 tn=26 fp=3 fn=0 pred_pos=0.5806
    session_020: n=41 acc=0.9268 err=3 tp=16 tn=22 fp=0 fn=3 pred_pos=0.3902
    session_040: n=61 acc=0.9836 err=1 tp=32 tn=28 fp=0 fn=1 pred_pos=0.5246
    session_035: n=59 acc=0.9831 err=1 tp=32 tn=26 fp=0 fn=1 pred_pos=0.5424
    session_010: n=49 acc=0.9796 err=1 tp=19 tn=29 fp=1 fn=0 pred_pos=0.4082
    session_005: n=47 acc=1.0000 err=0 tp=19 tn=28 fp=0 fn=0 pred_pos=0.4043
  [val/material]
    USB cable: n=127 acc=0.7244 err=35 tp=66 tn=26 fp=35 fn=0 pred_pos=0.7953
    A4 paper: n=114 acc=0.7719 err=26 tp=65 tn=23 fp=26 fn=0 pred_pos=0.7982
    plastic: n=137 acc=0.9708 err=4 tp=54 tn=79 fp=1 fn=3 pred_pos=0.4015
    soft foam earplug: n=120 acc=0.9833 err=2 tp=64 tn=54 fp=0 fn=2 pred_pos=0.5333
[INFO] epoch 27/40 started
  [train] batch 1/61 loss=0.1277 avg=0.1277 speed=0.24 batch/s
  [train] batch 20/61 loss=0.0124 avg=0.0354 speed=0.99 batch/s
  [train] batch 40/61 loss=0.0023 avg=0.0221 speed=0.99 batch/s
  [train] batch 60/61 loss=0.0013 avg=0.0211 speed=1.00 batch/s
  [train] batch 61/61 loss=0.0144 avg=0.0210 speed=0.99 batch/s
[Epoch 027] loss=0.0210 window=8 train_acc=0.9990 train_balanced_acc=0.9989 val_acc=0.8614 balanced_acc=0.8596 smoothed_balanced_acc=0.8633 f1=0.8752 precision=0.8094 recall=0.9528 pred_pos=0.6004 mean_p=0.6003 mean_p_pos=0.9521 mean_p_neg=0.2340 tp=242 tn=187 fp=57 fn=12 lr=2.50e-04 time=131.3s
  [val/behavior]
    constant-force pressing: n=88 acc=0.6364 err=32 tp=0 tn=56 fp=32 fn=0 pred_pos=0.3636
    static no motion: n=21 acc=0.0000 err=21 tp=0 tn=0 fp=21 fn=0 pred_pos=1.0000
    rotational sliding: n=116 acc=0.9138 err=10 tp=106 tn=0 fp=0 fn=10 pred_pos=0.9138
    continuous variable-force pressing: n=135 acc=0.9704 err=4 tp=0 tn=131 fp=4 fn=0 pred_pos=0.0296
    translational sliding: n=138 acc=0.9855 err=2 tp=136 tn=0 fp=0 fn=2 pred_pos=0.9855
  [val/motion_type]
    non-slip: n=244 acc=0.7664 err=57 tp=0 tn=187 fp=57 fn=0 pred_pos=0.2336
    rotation: n=116 acc=0.9138 err=10 tp=106 tn=0 fp=0 fn=10 pred_pos=0.9138
    translation: n=138 acc=0.9855 err=2 tp=136 tn=0 fp=0 fn=2 pred_pos=0.9855
  [val/session]
    session_045: n=65 acc=0.5077 err=32 tp=33 tn=0 fp=32 fn=0 pred_pos=1.0000
    session_025: n=55 acc=0.6182 err=21 tp=34 tn=0 fp=21 fn=0 pred_pos=1.0000
    session_040: n=61 acc=0.9180 err=5 tp=28 tn=28 fp=0 fn=5 pred_pos=0.4590
    session_020: n=41 acc=0.8780 err=5 tp=14 tn=22 fp=0 fn=5 pred_pos=0.3415
    session_030: n=59 acc=0.9492 err=3 tp=31 tn=25 fp=3 fn=0 pred_pos=0.5763
    session_035: n=59 acc=0.9661 err=2 tp=31 tn=26 fp=0 fn=2 pred_pos=0.5254
    session_050: n=62 acc=0.9839 err=1 tp=33 tn=28 fp=1 fn=0 pred_pos=0.5484
    session_010: n=49 acc=1.0000 err=0 tp=19 tn=30 fp=0 fn=0 pred_pos=0.3878
    session_005: n=47 acc=1.0000 err=0 tp=19 tn=28 fp=0 fn=0 pred_pos=0.4043
  [val/material]
    USB cable: n=127 acc=0.7402 err=33 tp=66 tn=28 fp=33 fn=0 pred_pos=0.7795
    A4 paper: n=114 acc=0.7895 err=24 tp=65 tn=25 fp=24 fn=0 pred_pos=0.7807
    soft foam earplug: n=120 acc=0.9417 err=7 tp=59 tn=54 fp=0 fn=7 pred_pos=0.4917
    plastic: n=137 acc=0.9635 err=5 tp=52 tn=80 fp=0 fn=5 pred_pos=0.3796
[INFO] epoch 28/40 started
  [train] batch 1/61 loss=0.1406 avg=0.1406 speed=0.24 batch/s
  [train] batch 20/61 loss=0.0028 avg=0.0162 speed=0.96 batch/s
  [train] batch 40/61 loss=0.0231 avg=0.0222 speed=0.97 batch/s
  [train] batch 60/61 loss=0.0043 avg=0.0234 speed=0.98 batch/s
  [train] batch 61/61 loss=0.0032 avg=0.0231 speed=0.98 batch/s
[Epoch 028] loss=0.0231 window=8 train_acc=0.9995 train_balanced_acc=0.9995 val_acc=0.8695 balanced_acc=0.8673 smoothed_balanced_acc=0.8633 f1=0.8841 precision=0.8078 recall=0.9764 pred_pos=0.6165 mean_p=0.6140 mean_p_pos=0.9715 mean_p_neg=0.2420 tp=248 tn=185 fp=59 fn=6 lr=2.50e-04 time=132.5s
  [val/behavior]
    constant-force pressing: n=88 acc=0.6364 err=32 tp=0 tn=56 fp=32 fn=0 pred_pos=0.3636
    static no motion: n=21 acc=0.0000 err=21 tp=0 tn=0 fp=21 fn=0 pred_pos=1.0000
    continuous variable-force pressing: n=135 acc=0.9556 err=6 tp=0 tn=129 fp=6 fn=0 pred_pos=0.0444
    rotational sliding: n=116 acc=0.9483 err=6 tp=110 tn=0 fp=0 fn=6 pred_pos=0.9483
    translational sliding: n=138 acc=1.0000 err=0 tp=138 tn=0 fp=0 fn=0 pred_pos=1.0000
  [val/motion_type]
    non-slip: n=244 acc=0.7582 err=59 tp=0 tn=185 fp=59 fn=0 pred_pos=0.2418
    rotation: n=116 acc=0.9483 err=6 tp=110 tn=0 fp=0 fn=6 pred_pos=0.9483
    translation: n=138 acc=1.0000 err=0 tp=138 tn=0 fp=0 fn=0 pred_pos=1.0000
  [val/session]
    session_045: n=65 acc=0.5077 err=32 tp=33 tn=0 fp=32 fn=0 pred_pos=1.0000
    session_025: n=55 acc=0.6182 err=21 tp=34 tn=0 fp=21 fn=0 pred_pos=1.0000
    session_040: n=61 acc=0.9344 err=4 tp=30 tn=27 fp=1 fn=3 pred_pos=0.5082
    session_020: n=41 acc=0.9268 err=3 tp=16 tn=22 fp=0 fn=3 pred_pos=0.3902
    session_030: n=59 acc=0.9661 err=2 tp=31 tn=26 fp=2 fn=0 pred_pos=0.5593
    session_005: n=47 acc=0.9574 err=2 tp=19 tn=26 fp=2 fn=0 pred_pos=0.4468
    session_050: n=62 acc=0.9839 err=1 tp=33 tn=28 fp=1 fn=0 pred_pos=0.5484
    session_035: n=59 acc=1.0000 err=0 tp=33 tn=26 fp=0 fn=0 pred_pos=0.5593
    session_010: n=49 acc=1.0000 err=0 tp=19 tn=30 fp=0 fn=0 pred_pos=0.3878
  [val/material]
    USB cable: n=127 acc=0.7402 err=33 tp=66 tn=28 fp=33 fn=0 pred_pos=0.7795
    A4 paper: n=114 acc=0.7982 err=23 tp=65 tn=26 fp=23 fn=0 pred_pos=0.7719
    plastic: n=137 acc=0.9635 err=5 tp=54 tn=78 fp=2 fn=3 pred_pos=0.4088
    soft foam earplug: n=120 acc=0.9667 err=4 tp=63 tn=53 fp=1 fn=3 pred_pos=0.5333
[INFO] epoch 29/40 started
  [train] batch 1/61 loss=0.0008 avg=0.0008 speed=0.26 batch/s
  [train] batch 20/61 loss=0.0053 avg=0.0176 speed=1.00 batch/s
  [train] batch 40/61 loss=0.0021 avg=0.0203 speed=0.99 batch/s
  [train] batch 60/61 loss=0.0023 avg=0.0336 speed=1.04 batch/s
  [train] batch 61/61 loss=0.2179 avg=0.0366 speed=1.04 batch/s
[Epoch 029] loss=0.0366 window=8 train_acc=0.9990 train_balanced_acc=0.9989 val_acc=0.8695 balanced_acc=0.8677 smoothed_balanced_acc=0.8649 f1=0.8820 precision=0.8182 recall=0.9567 pred_pos=0.5964 mean_p=0.5954 mean_p_pos=0.9517 mean_p_neg=0.2244 tp=243 tn=190 fp=54 fn=11 lr=2.50e-04 time=132.3s
  [val/behavior]
    constant-force pressing: n=88 acc=0.6364 err=32 tp=0 tn=56 fp=32 fn=0 pred_pos=0.3636
    static no motion: n=21 acc=0.0000 err=21 tp=0 tn=0 fp=21 fn=0 pred_pos=1.0000
    rotational sliding: n=116 acc=0.9052 err=11 tp=105 tn=0 fp=0 fn=11 pred_pos=0.9052
    continuous variable-force pressing: n=135 acc=0.9926 err=1 tp=0 tn=134 fp=1 fn=0 pred_pos=0.0074
    translational sliding: n=138 acc=1.0000 err=0 tp=138 tn=0 fp=0 fn=0 pred_pos=1.0000
  [val/motion_type]
    non-slip: n=244 acc=0.7787 err=54 tp=0 tn=190 fp=54 fn=0 pred_pos=0.2213
    rotation: n=116 acc=0.9052 err=11 tp=105 tn=0 fp=0 fn=11 pred_pos=0.9052
    translation: n=138 acc=1.0000 err=0 tp=138 tn=0 fp=0 fn=0 pred_pos=1.0000
  [val/session]
    session_045: n=65 acc=0.5077 err=32 tp=33 tn=0 fp=32 fn=0 pred_pos=1.0000
    session_025: n=55 acc=0.6182 err=21 tp=34 tn=0 fp=21 fn=0 pred_pos=1.0000
    session_040: n=61 acc=0.8852 err=7 tp=26 tn=28 fp=0 fn=7 pred_pos=0.4262
    session_020: n=41 acc=0.9268 err=3 tp=16 tn=22 fp=0 fn=3 pred_pos=0.3902
    session_050: n=62 acc=0.9839 err=1 tp=32 tn=29 fp=0 fn=1 pred_pos=0.5161
    session_030: n=59 acc=0.9831 err=1 tp=31 tn=27 fp=1 fn=0 pred_pos=0.5424
    session_035: n=59 acc=1.0000 err=0 tp=33 tn=26 fp=0 fn=0 pred_pos=0.5593
    session_010: n=49 acc=1.0000 err=0 tp=19 tn=30 fp=0 fn=0 pred_pos=0.3878
    session_005: n=47 acc=1.0000 err=0 tp=19 tn=28 fp=0 fn=0 pred_pos=0.4043
  [val/material]
    USB cable: n=127 acc=0.7402 err=33 tp=65 tn=29 fp=32 fn=1 pred_pos=0.7638
    A4 paper: n=114 acc=0.8070 err=22 tp=65 tn=27 fp=22 fn=0 pred_pos=0.7632
    soft foam earplug: n=120 acc=0.9417 err=7 tp=59 tn=54 fp=0 fn=7 pred_pos=0.4917
    plastic: n=137 acc=0.9781 err=3 tp=54 tn=80 fp=0 fn=3 pred_pos=0.3942
[INFO] epoch 30/40 started
  [train] batch 1/61 loss=0.0020 avg=0.0020 speed=0.30 batch/s
  [train] batch 20/61 loss=0.0008 avg=0.0053 speed=1.16 batch/s
  [train] batch 40/61 loss=0.0064 avg=0.0065 speed=1.08 batch/s
  [train] batch 60/61 loss=0.0012 avg=0.0098 speed=1.05 batch/s
  [train] batch 61/61 loss=0.0067 avg=0.0098 speed=1.05 batch/s
[Epoch 030] loss=0.0098 window=8 train_acc=0.9995 train_balanced_acc=0.9995 val_acc=0.8675 balanced_acc=0.8653 smoothed_balanced_acc=0.8668 f1=0.8821 precision=0.8072 recall=0.9724 pred_pos=0.6145 mean_p=0.6127 mean_p_pos=0.9699 mean_p_neg=0.2408 tp=247 tn=185 fp=59 fn=7 lr=1.25e-04 time=128.3s
  [val/behavior]
    constant-force pressing: n=88 acc=0.6364 err=32 tp=0 tn=56 fp=32 fn=0 pred_pos=0.3636
    static no motion: n=21 acc=0.0000 err=21 tp=0 tn=0 fp=21 fn=0 pred_pos=1.0000
    rotational sliding: n=116 acc=0.9397 err=7 tp=109 tn=0 fp=0 fn=7 pred_pos=0.9397
    continuous variable-force pressing: n=135 acc=0.9556 err=6 tp=0 tn=129 fp=6 fn=0 pred_pos=0.0444
    translational sliding: n=138 acc=1.0000 err=0 tp=138 tn=0 fp=0 fn=0 pred_pos=1.0000
  [val/motion_type]
    non-slip: n=244 acc=0.7582 err=59 tp=0 tn=185 fp=59 fn=0 pred_pos=0.2418
    rotation: n=116 acc=0.9397 err=7 tp=109 tn=0 fp=0 fn=7 pred_pos=0.9397
    translation: n=138 acc=1.0000 err=0 tp=138 tn=0 fp=0 fn=0 pred_pos=1.0000
  [val/session]
    session_045: n=65 acc=0.5077 err=32 tp=33 tn=0 fp=32 fn=0 pred_pos=1.0000
    session_025: n=55 acc=0.6182 err=21 tp=34 tn=0 fp=21 fn=0 pred_pos=1.0000
    session_040: n=61 acc=0.9180 err=5 tp=29 tn=27 fp=1 fn=4 pred_pos=0.4918
    session_030: n=59 acc=0.9322 err=4 tp=31 tn=24 fp=4 fn=0 pred_pos=0.5932
    session_020: n=41 acc=0.9268 err=3 tp=16 tn=22 fp=0 fn=3 pred_pos=0.3902
    session_005: n=47 acc=0.9787 err=1 tp=19 tn=27 fp=1 fn=0 pred_pos=0.4255
    session_050: n=62 acc=1.0000 err=0 tp=33 tn=29 fp=0 fn=0 pred_pos=0.5323
    session_035: n=59 acc=1.0000 err=0 tp=33 tn=26 fp=0 fn=0 pred_pos=0.5593
    session_010: n=49 acc=1.0000 err=0 tp=19 tn=30 fp=0 fn=0 pred_pos=0.3878
  [val/material]
    USB cable: n=127 acc=0.7480 err=32 tp=66 tn=29 fp=32 fn=0 pred_pos=0.7717
    A4 paper: n=114 acc=0.7807 err=25 tp=65 tn=24 fp=25 fn=0 pred_pos=0.7895
    soft foam earplug: n=120 acc=0.9583 err=5 tp=62 tn=53 fp=1 fn=4 pred_pos=0.5250
    plastic: n=137 acc=0.9708 err=4 tp=54 tn=79 fp=1 fn=3 pred_pos=0.4015
[EARLY-STOP] no smoothed_balanced_acc improvement for 8 epochs, stopping at epoch 30
