[INFO] device=cuda
[INFO] loading train dataset: data/raw_cnn/train_windows_multi_material.csv
[INFO] train samples=2138 window=8 input_mode=refdiff norm=batch size=320x180
[INFO] loading val dataset: data/raw_cnn/val_windows_multi_material.csv
[INFO] val samples=294
[INFO] epoch 1/40 started
  [train] batch 1/67 loss=0.6956 avg=0.6956 speed=0.15 batch/s
  [train] batch 20/67 loss=0.4919 avg=0.6155 speed=0.97 batch/s
  [train] batch 40/67 loss=0.4563 avg=0.5358 speed=1.06 batch/s
  [train] batch 60/67 loss=0.4012 avg=0.5114 speed=1.11 batch/s
  [train] batch 67/67 loss=0.3974 avg=0.5032 speed=1.13 batch/s
[BEST] epoch=1 smoothed_balanced_acc=0.5000 saved
[Epoch 001] loss=0.5032 window=8 train_acc=0.5080 train_balanced_acc=0.5080 val_acc=0.5442 balanced_acc=0.5000 smoothed_balanced_acc=0.5000 f1=0.0000 precision=0.0000 recall=0.0000 pred_pos=0.0000 mean_p=0.0207 mean_p_pos=0.0271 mean_p_neg=0.0153 tp=0 tn=160 fp=0 fn=134 lr=1.00e-03 time=123.7s
  [val/behavior]
    translational sliding: n=67 acc=0.0000 err=67 tp=0 tn=0 fp=0 fn=67 pred_pos=0.0000
    rotational sliding: n=67 acc=0.0000 err=67 tp=0 tn=0 fp=0 fn=67 pred_pos=0.0000
    continuous variable-force pressing: n=80 acc=1.0000 err=0 tp=0 tn=80 fp=0 fn=0 pred_pos=0.0000
    constant-force pressing: n=48 acc=1.0000 err=0 tp=0 tn=48 fp=0 fn=0 pred_pos=0.0000
    diagonal constant-force pressing: n=16 acc=1.0000 err=0 tp=0 tn=16 fp=0 fn=0 pred_pos=0.0000
    static no motion: n=16 acc=1.0000 err=0 tp=0 tn=16 fp=0 fn=0 pred_pos=0.0000
  [val/motion_type]
    translation: n=67 acc=0.0000 err=67 tp=0 tn=0 fp=0 fn=67 pred_pos=0.0000
    rotation: n=67 acc=0.0000 err=67 tp=0 tn=0 fp=0 fn=67 pred_pos=0.0000
    non-slip: n=160 acc=1.0000 err=0 tp=0 tn=160 fp=0 fn=0 pred_pos=0.0000
  [val/session]
    session_038: n=33 acc=0.4848 err=17 tp=0 tn=16 fp=0 fn=17 pred_pos=0.0000
    session_023: n=32 acc=0.5000 err=16 tp=0 tn=16 fp=0 fn=16 pred_pos=0.0000
    session_028: n=32 acc=0.5000 err=16 tp=0 tn=16 fp=0 fn=16 pred_pos=0.0000
    session_033: n=32 acc=0.5000 err=16 tp=0 tn=16 fp=0 fn=16 pred_pos=0.0000
    session_043: n=32 acc=0.5000 err=16 tp=0 tn=16 fp=0 fn=16 pred_pos=0.0000
    session_048: n=32 acc=0.5000 err=16 tp=0 tn=16 fp=0 fn=16 pred_pos=0.0000
    session_003: n=26 acc=0.6154 err=10 tp=0 tn=16 fp=0 fn=10 pred_pos=0.0000
    session_008: n=25 acc=0.6400 err=9 tp=0 tn=16 fp=0 fn=9 pred_pos=0.0000
    session_012: n=25 acc=0.6400 err=9 tp=0 tn=16 fp=0 fn=9 pred_pos=0.0000
    session_018: n=25 acc=0.6400 err=9 tp=0 tn=16 fp=0 fn=9 pred_pos=0.0000
  [val/material]
    plastic: n=101 acc=0.6337 err=37 tp=0 tn=64 fp=0 fn=37 pred_pos=0.0000
    soft foam earplug: n=65 acc=0.4923 err=33 tp=0 tn=32 fp=0 fn=33 pred_pos=0.0000
    A4 paper: n=64 acc=0.5000 err=32 tp=0 tn=32 fp=0 fn=32 pred_pos=0.0000
    USB cable: n=64 acc=0.5000 err=32 tp=0 tn=32 fp=0 fn=32 pred_pos=0.0000
[INFO] epoch 2/40 started
  [train] batch 1/67 loss=0.4869 avg=0.4869 speed=0.30 batch/s
  [train] batch 20/67 loss=0.6108 avg=0.4097 speed=1.30 batch/s
  [train] batch 40/67 loss=0.2825 avg=0.3863 speed=1.30 batch/s
  [train] batch 60/67 loss=0.3621 avg=0.3652 speed=1.29 batch/s
  [train] batch 67/67 loss=0.5847 avg=0.3626 speed=1.30 batch/s
[BEST] epoch=2 smoothed_balanced_acc=0.6332 saved
[Epoch 002] loss=0.3626 window=8 train_acc=0.8354 train_balanced_acc=0.8354 val_acc=0.7517 balanced_acc=0.7664 smoothed_balanced_acc=0.6332 f1=0.7740 precision=0.6614 recall=0.9328 pred_pos=0.6429 mean_p=0.6116 mean_p_pos=0.8704 mean_p_neg=0.3948 tp=125 tn=96 fp=64 fn=9 lr=1.00e-03 time=114.2s
  [val/behavior]
    continuous variable-force pressing: n=80 acc=0.6125 err=31 tp=0 tn=49 fp=31 fn=0 pred_pos=0.3875
    constant-force pressing: n=48 acc=0.6250 err=18 tp=0 tn=30 fp=18 fn=0 pred_pos=0.3750
    diagonal constant-force pressing: n=16 acc=0.1250 err=14 tp=0 tn=2 fp=14 fn=0 pred_pos=0.8750
    rotational sliding: n=67 acc=0.9254 err=5 tp=62 tn=0 fp=0 fn=5 pred_pos=0.9254
    translational sliding: n=67 acc=0.9403 err=4 tp=63 tn=0 fp=0 fn=4 pred_pos=0.9403
    static no motion: n=16 acc=0.9375 err=1 tp=0 tn=15 fp=1 fn=0 pred_pos=0.0625
  [val/motion_type]
    non-slip: n=160 acc=0.6000 err=64 tp=0 tn=96 fp=64 fn=0 pred_pos=0.4000
    rotation: n=67 acc=0.9254 err=5 tp=62 tn=0 fp=0 fn=5 pred_pos=0.9254
    translation: n=67 acc=0.9403 err=4 tp=63 tn=0 fp=0 fn=4 pred_pos=0.9403
  [val/session]
    session_038: n=33 acc=0.5152 err=16 tp=15 tn=2 fp=14 fn=2 pred_pos=0.8788
    session_033: n=32 acc=0.5312 err=15 tp=15 tn=2 fp=14 fn=1 pred_pos=0.9062
    session_012: n=25 acc=0.4400 err=14 tp=9 tn=2 fp=14 fn=0 pred_pos=0.9200
    session_018: n=25 acc=0.6800 err=8 tp=9 tn=8 fp=8 fn=0 pred_pos=0.6800
    session_028: n=32 acc=0.8125 err=6 tp=16 tn=10 fp=6 fn=0 pred_pos=0.6875
    session_048: n=32 acc=0.8750 err=4 tp=13 tn=15 fp=1 fn=3 pred_pos=0.4375
    session_043: n=32 acc=0.9062 err=3 tp=15 tn=14 fp=2 fn=1 pred_pos=0.5312
    session_003: n=26 acc=0.8846 err=3 tp=9 tn=14 fp=2 fn=1 pred_pos=0.4231
    session_008: n=25 acc=0.8800 err=3 tp=8 tn=14 fp=2 fn=1 pred_pos=0.4000
    session_023: n=32 acc=0.9688 err=1 tp=16 tn=15 fp=1 fn=0 pred_pos=0.5312
  [val/material]
    soft foam earplug: n=65 acc=0.5231 err=31 tp=30 tn=4 fp=28 fn=3 pred_pos=0.8923
    plastic: n=101 acc=0.7228 err=28 tp=35 tn=38 fp=26 fn=2 pred_pos=0.6040
    A4 paper: n=64 acc=0.8906 err=7 tp=32 tn=25 fp=7 fn=0 pred_pos=0.6094
    USB cable: n=64 acc=0.8906 err=7 tp=28 tn=29 fp=3 fn=4 pred_pos=0.4844
[INFO] epoch 3/40 started
  [train] batch 1/67 loss=0.3237 avg=0.3237 speed=0.32 batch/s
  [train] batch 20/67 loss=0.3946 avg=0.2851 speed=1.31 batch/s
  [train] batch 40/67 loss=0.2116 avg=0.2880 speed=1.32 batch/s
  [train] batch 60/67 loss=0.2202 avg=0.2709 speed=1.32 batch/s
  [train] batch 67/67 loss=0.3376 avg=0.2777 speed=1.30 batch/s
[BEST] epoch=3 smoothed_balanced_acc=0.6831 saved
[Epoch 003] loss=0.2777 window=8 train_acc=0.8442 train_balanced_acc=0.8442 val_acc=0.7993 balanced_acc=0.7829 smoothed_balanced_acc=0.6831 f1=0.7306 precision=0.9412 recall=0.5970 pred_pos=0.2891 mean_p=0.2925 mean_p_pos=0.5795 mean_p_neg=0.0521 tp=80 tn=155 fp=5 fn=54 lr=1.00e-03 time=113.7s
  [val/behavior]
    rotational sliding: n=67 acc=0.3582 err=43 tp=24 tn=0 fp=0 fn=43 pred_pos=0.3582
    translational sliding: n=67 acc=0.8358 err=11 tp=56 tn=0 fp=0 fn=11 pred_pos=0.8358
    continuous variable-force pressing: n=80 acc=0.9375 err=5 tp=0 tn=75 fp=5 fn=0 pred_pos=0.0625
    constant-force pressing: n=48 acc=1.0000 err=0 tp=0 tn=48 fp=0 fn=0 pred_pos=0.0000
    diagonal constant-force pressing: n=16 acc=1.0000 err=0 tp=0 tn=16 fp=0 fn=0 pred_pos=0.0000
    static no motion: n=16 acc=1.0000 err=0 tp=0 tn=16 fp=0 fn=0 pred_pos=0.0000
  [val/motion_type]
    rotation: n=67 acc=0.3582 err=43 tp=24 tn=0 fp=0 fn=43 pred_pos=0.3582
    translation: n=67 acc=0.8358 err=11 tp=56 tn=0 fp=0 fn=11 pred_pos=0.8358
    non-slip: n=160 acc=0.9688 err=5 tp=0 tn=155 fp=5 fn=0 pred_pos=0.0312
  [val/session]
    session_038: n=33 acc=0.5455 err=15 tp=7 tn=11 fp=5 fn=10 pred_pos=0.3636
    session_048: n=32 acc=0.5938 err=13 tp=3 tn=16 fp=0 fn=13 pred_pos=0.0938
    session_028: n=32 acc=0.6562 err=11 tp=5 tn=16 fp=0 fn=11 pred_pos=0.1562
    session_043: n=32 acc=0.7500 err=8 tp=8 tn=16 fp=0 fn=8 pred_pos=0.2500
    session_018: n=25 acc=0.7600 err=6 tp=3 tn=16 fp=0 fn=6 pred_pos=0.1200
    session_012: n=25 acc=0.8800 err=3 tp=6 tn=16 fp=0 fn=3 pred_pos=0.2400
    session_033: n=32 acc=0.9688 err=1 tp=15 tn=16 fp=0 fn=1 pred_pos=0.4688
    session_003: n=26 acc=0.9615 err=1 tp=9 tn=16 fp=0 fn=1 pred_pos=0.3462
    session_008: n=25 acc=0.9600 err=1 tp=8 tn=16 fp=0 fn=1 pred_pos=0.3200
    session_023: n=32 acc=1.0000 err=0 tp=16 tn=16 fp=0 fn=0 pred_pos=0.5000
  [val/material]
    USB cable: n=64 acc=0.6719 err=21 tp=11 tn=32 fp=0 fn=21 pred_pos=0.1719
    soft foam earplug: n=65 acc=0.7538 err=16 tp=22 tn=27 fp=5 fn=11 pred_pos=0.4154
    plastic: n=101 acc=0.8911 err=11 tp=26 tn=64 fp=0 fn=11 pred_pos=0.2574
    A4 paper: n=64 acc=0.8281 err=11 tp=21 tn=32 fp=0 fn=11 pred_pos=0.3281
[INFO] epoch 4/40 started
  [train] batch 1/67 loss=0.0560 avg=0.0560 speed=0.31 batch/s
  [train] batch 20/67 loss=0.1711 avg=0.2041 speed=1.29 batch/s
  [train] batch 40/67 loss=0.0808 avg=0.2023 speed=1.29 batch/s
  [train] batch 60/67 loss=0.1851 avg=0.2119 speed=1.30 batch/s
  [train] batch 67/67 loss=0.1148 avg=0.2099 speed=1.31 batch/s
[BEST] epoch=4 smoothed_balanced_acc=0.7803 saved
[Epoch 004] loss=0.2099 window=8 train_acc=0.8695 train_balanced_acc=0.8695 val_acc=0.8061 balanced_acc=0.7916 smoothed_balanced_acc=0.7803 f1=0.7467 precision=0.9231 recall=0.6269 pred_pos=0.3095 mean_p=0.3167 mean_p_pos=0.6280 mean_p_neg=0.0560 tp=84 tn=153 fp=7 fn=50 lr=1.00e-03 time=113.3s
  [val/behavior]
    rotational sliding: n=67 acc=0.4328 err=38 tp=29 tn=0 fp=0 fn=38 pred_pos=0.4328
    translational sliding: n=67 acc=0.8209 err=12 tp=55 tn=0 fp=0 fn=12 pred_pos=0.8209
    continuous variable-force pressing: n=80 acc=0.9125 err=7 tp=0 tn=73 fp=7 fn=0 pred_pos=0.0875
    constant-force pressing: n=48 acc=1.0000 err=0 tp=0 tn=48 fp=0 fn=0 pred_pos=0.0000
    diagonal constant-force pressing: n=16 acc=1.0000 err=0 tp=0 tn=16 fp=0 fn=0 pred_pos=0.0000
    static no motion: n=16 acc=1.0000 err=0 tp=0 tn=16 fp=0 fn=0 pred_pos=0.0000
  [val/motion_type]
    rotation: n=67 acc=0.4328 err=38 tp=29 tn=0 fp=0 fn=38 pred_pos=0.4328
    translation: n=67 acc=0.8209 err=12 tp=55 tn=0 fp=0 fn=12 pred_pos=0.8209
    non-slip: n=160 acc=0.9563 err=7 tp=0 tn=153 fp=7 fn=0 pred_pos=0.0437
  [val/session]
    session_038: n=33 acc=0.5455 err=15 tp=8 tn=10 fp=6 fn=9 pred_pos=0.4242
    session_028: n=32 acc=0.6875 err=10 tp=6 tn=16 fp=0 fn=10 pred_pos=0.1875
    session_048: n=32 acc=0.7188 err=9 tp=7 tn=16 fp=0 fn=9 pred_pos=0.2188
    session_018: n=25 acc=0.6400 err=9 tp=0 tn=16 fp=0 fn=9 pred_pos=0.0000
    session_043: n=32 acc=0.7812 err=7 tp=9 tn=16 fp=0 fn=7 pred_pos=0.2812
    session_033: n=32 acc=0.9062 err=3 tp=13 tn=16 fp=0 fn=3 pred_pos=0.4062
    session_003: n=26 acc=0.9231 err=2 tp=9 tn=15 fp=1 fn=1 pred_pos=0.3846
    session_008: n=25 acc=0.9600 err=1 tp=8 tn=16 fp=0 fn=1 pred_pos=0.3200
    session_012: n=25 acc=0.9600 err=1 tp=8 tn=16 fp=0 fn=1 pred_pos=0.3200
    session_023: n=32 acc=1.0000 err=0 tp=16 tn=16 fp=0 fn=0 pred_pos=0.5000
  [val/material]
    soft foam earplug: n=65 acc=0.7231 err=18 tp=21 tn=26 fp=6 fn=12 pred_pos=0.4154
    USB cable: n=64 acc=0.7500 err=16 tp=16 tn=32 fp=0 fn=16 pred_pos=0.2500
    plastic: n=101 acc=0.8713 err=13 tp=25 tn=63 fp=1 fn=12 pred_pos=0.2574
    A4 paper: n=64 acc=0.8438 err=10 tp=22 tn=32 fp=0 fn=10 pred_pos=0.3438
[INFO] epoch 5/40 started
  [train] batch 1/67 loss=0.1116 avg=0.1116 speed=0.32 batch/s
  [train] batch 20/67 loss=0.1297 avg=0.1960 speed=1.31 batch/s
  [train] batch 40/67 loss=0.0269 avg=0.1909 speed=1.32 batch/s
  [train] batch 60/67 loss=0.2383 avg=0.2069 speed=1.33 batch/s
  [train] batch 67/67 loss=0.1269 avg=0.2208 speed=1.31 batch/s
[BEST] epoch=5 smoothed_balanced_acc=0.8243 saved
[Epoch 005] loss=0.2208 window=8 train_acc=0.9027 train_balanced_acc=0.9027 val_acc=0.9048 balanced_acc=0.8986 smoothed_balanced_acc=0.8243 f1=0.8880 precision=0.9569 recall=0.8284 pred_pos=0.3946 mean_p=0.3942 mean_p_pos=0.7966 mean_p_neg=0.0572 tp=111 tn=155 fp=5 fn=23 lr=1.00e-03 time=114.2s
  [val/behavior]
    rotational sliding: n=67 acc=0.6567 err=23 tp=44 tn=0 fp=0 fn=23 pred_pos=0.6567
    continuous variable-force pressing: n=80 acc=0.9500 err=4 tp=0 tn=76 fp=4 fn=0 pred_pos=0.0500
    constant-force pressing: n=48 acc=0.9792 err=1 tp=0 tn=47 fp=1 fn=0 pred_pos=0.0208
    translational sliding: n=67 acc=1.0000 err=0 tp=67 tn=0 fp=0 fn=0 pred_pos=1.0000
    diagonal constant-force pressing: n=16 acc=1.0000 err=0 tp=0 tn=16 fp=0 fn=0 pred_pos=0.0000
    static no motion: n=16 acc=1.0000 err=0 tp=0 tn=16 fp=0 fn=0 pred_pos=0.0000
  [val/motion_type]
    rotation: n=67 acc=0.6567 err=23 tp=44 tn=0 fp=0 fn=23 pred_pos=0.6567
    non-slip: n=160 acc=0.9688 err=5 tp=0 tn=155 fp=5 fn=0 pred_pos=0.0312
    translation: n=67 acc=1.0000 err=0 tp=67 tn=0 fp=0 fn=0 pred_pos=1.0000
  [val/session]
    session_028: n=32 acc=0.6875 err=10 tp=6 tn=16 fp=0 fn=10 pred_pos=0.1875
    session_048: n=32 acc=0.7188 err=9 tp=7 tn=16 fp=0 fn=9 pred_pos=0.2188
    session_018: n=25 acc=0.8400 err=4 tp=7 tn=14 fp=2 fn=2 pred_pos=0.3600
    session_038: n=33 acc=0.9091 err=3 tp=16 tn=14 fp=2 fn=1 pred_pos=0.5455
    session_008: n=25 acc=0.9600 err=1 tp=9 tn=15 fp=1 fn=0 pred_pos=0.4000
    session_012: n=25 acc=0.9600 err=1 tp=8 tn=16 fp=0 fn=1 pred_pos=0.3200
    session_023: n=32 acc=1.0000 err=0 tp=16 tn=16 fp=0 fn=0 pred_pos=0.5000
    session_033: n=32 acc=1.0000 err=0 tp=16 tn=16 fp=0 fn=0 pred_pos=0.5000
    session_043: n=32 acc=1.0000 err=0 tp=16 tn=16 fp=0 fn=0 pred_pos=0.5000
    session_003: n=26 acc=1.0000 err=0 tp=10 tn=16 fp=0 fn=0 pred_pos=0.3846
  [val/material]
    A4 paper: n=64 acc=0.8438 err=10 tp=22 tn=32 fp=0 fn=10 pred_pos=0.3438
    USB cable: n=64 acc=0.8594 err=9 tp=23 tn=32 fp=0 fn=9 pred_pos=0.3594
    plastic: n=101 acc=0.9406 err=6 tp=34 tn=61 fp=3 fn=3 pred_pos=0.3663
    soft foam earplug: n=65 acc=0.9538 err=3 tp=32 tn=30 fp=2 fn=1 pred_pos=0.5231
[INFO] epoch 6/40 started
  [train] batch 1/67 loss=0.1193 avg=0.1193 speed=0.29 batch/s
  [train] batch 20/67 loss=0.2969 avg=0.1932 speed=1.28 batch/s
  [train] batch 40/67 loss=0.3147 avg=0.2096 speed=1.30 batch/s
  [train] batch 60/67 loss=0.1699 avg=0.1942 speed=1.31 batch/s
  [train] batch 67/67 loss=0.4672 avg=0.2095 speed=1.30 batch/s
[BEST] epoch=6 smoothed_balanced_acc=0.8624 saved
[Epoch 006] loss=0.2095 window=8 train_acc=0.9523 train_balanced_acc=0.9523 val_acc=0.8980 balanced_acc=0.8972 smoothed_balanced_acc=0.8624 f1=0.8881 precision=0.8881 recall=0.8881 pred_pos=0.4558 mean_p=0.4577 mean_p_pos=0.8678 mean_p_neg=0.1142 tp=119 tn=145 fp=15 fn=15 lr=1.00e-03 time=114.0s
  [val/behavior]
    rotational sliding: n=67 acc=0.7761 err=15 tp=52 tn=0 fp=0 fn=15 pred_pos=0.7761
    continuous variable-force pressing: n=80 acc=0.9000 err=8 tp=0 tn=72 fp=8 fn=0 pred_pos=0.1000
    diagonal constant-force pressing: n=16 acc=0.6875 err=5 tp=0 tn=11 fp=5 fn=0 pred_pos=0.3125
    constant-force pressing: n=48 acc=0.9792 err=1 tp=0 tn=47 fp=1 fn=0 pred_pos=0.0208
    static no motion: n=16 acc=0.9375 err=1 tp=0 tn=15 fp=1 fn=0 pred_pos=0.0625
    translational sliding: n=67 acc=1.0000 err=0 tp=67 tn=0 fp=0 fn=0 pred_pos=1.0000
  [val/motion_type]
    non-slip: n=160 acc=0.9062 err=15 tp=0 tn=145 fp=15 fn=0 pred_pos=0.0938
    rotation: n=67 acc=0.7761 err=15 tp=52 tn=0 fp=0 fn=15 pred_pos=0.7761
    translation: n=67 acc=1.0000 err=0 tp=67 tn=0 fp=0 fn=0 pred_pos=1.0000
  [val/session]
    session_038: n=33 acc=0.6970 err=10 tp=14 tn=9 fp=7 fn=3 pred_pos=0.6364
    session_048: n=32 acc=0.7500 err=8 tp=8 tn=16 fp=0 fn=8 pred_pos=0.2500
    session_012: n=25 acc=0.8000 err=5 tp=9 tn=11 fp=5 fn=0 pred_pos=0.5600
    session_018: n=25 acc=0.8800 err=3 tp=7 tn=15 fp=1 fn=2 pred_pos=0.3200
    session_028: n=32 acc=0.9375 err=2 tp=14 tn=16 fp=0 fn=2 pred_pos=0.4375
    session_023: n=32 acc=0.9688 err=1 tp=16 tn=15 fp=1 fn=0 pred_pos=0.5312
    session_008: n=25 acc=0.9600 err=1 tp=9 tn=15 fp=1 fn=0 pred_pos=0.4000
    session_033: n=32 acc=1.0000 err=0 tp=16 tn=16 fp=0 fn=0 pred_pos=0.5000
    session_043: n=32 acc=1.0000 err=0 tp=16 tn=16 fp=0 fn=0 pred_pos=0.5000
    session_003: n=26 acc=1.0000 err=0 tp=10 tn=16 fp=0 fn=0 pred_pos=0.3846
  [val/material]
    soft foam earplug: n=65 acc=0.8462 err=10 tp=30 tn=25 fp=7 fn=3 pred_pos=0.5692
    plastic: n=101 acc=0.9109 err=9 tp=35 tn=57 fp=7 fn=2 pred_pos=0.4158
    USB cable: n=64 acc=0.8750 err=8 tp=24 tn=32 fp=0 fn=8 pred_pos=0.3750
    A4 paper: n=64 acc=0.9531 err=3 tp=30 tn=31 fp=1 fn=2 pred_pos=0.4844
[INFO] epoch 7/40 started
  [train] batch 1/67 loss=0.4044 avg=0.4044 speed=0.31 batch/s
  [train] batch 20/67 loss=0.1957 avg=0.2190 speed=1.27 batch/s
  [train] batch 40/67 loss=0.3978 avg=0.2209 speed=1.28 batch/s
  [train] batch 60/67 loss=0.0664 avg=0.1790 speed=1.30 batch/s
  [train] batch 67/67 loss=0.0647 avg=0.1873 speed=1.29 batch/s
[BEST] epoch=7 smoothed_balanced_acc=0.8919 saved
[Epoch 007] loss=0.1873 window=8 train_acc=0.9532 train_balanced_acc=0.9532 val_acc=0.8741 balanced_acc=0.8801 smoothed_balanced_acc=0.8919 f1=0.8729 precision=0.8089 recall=0.9478 pred_pos=0.5340 mean_p=0.5303 mean_p_pos=0.9322 mean_p_neg=0.1937 tp=127 tn=130 fp=30 fn=7 lr=1.00e-03 time=115.3s
  [val/behavior]
    continuous variable-force pressing: n=80 acc=0.7875 err=17 tp=0 tn=63 fp=17 fn=0 pred_pos=0.2125
    diagonal constant-force pressing: n=16 acc=0.3125 err=11 tp=0 tn=5 fp=11 fn=0 pred_pos=0.6875
    translational sliding: n=67 acc=0.9403 err=4 tp=63 tn=0 fp=0 fn=4 pred_pos=0.9403
    rotational sliding: n=67 acc=0.9552 err=3 tp=64 tn=0 fp=0 fn=3 pred_pos=0.9552
    constant-force pressing: n=48 acc=0.9792 err=1 tp=0 tn=47 fp=1 fn=0 pred_pos=0.0208
    static no motion: n=16 acc=0.9375 err=1 tp=0 tn=15 fp=1 fn=0 pred_pos=0.0625
  [val/motion_type]
    non-slip: n=160 acc=0.8125 err=30 tp=0 tn=130 fp=30 fn=0 pred_pos=0.1875
    translation: n=67 acc=0.9403 err=4 tp=63 tn=0 fp=0 fn=4 pred_pos=0.9403
    rotation: n=67 acc=0.9552 err=3 tp=64 tn=0 fp=0 fn=3 pred_pos=0.9552
  [val/session]
    session_012: n=25 acc=0.5600 err=11 tp=9 tn=5 fp=11 fn=0 pred_pos=0.8000
    session_038: n=33 acc=0.7576 err=8 tp=16 tn=9 fp=7 fn=1 pred_pos=0.6970
    session_018: n=25 acc=0.6800 err=8 tp=9 tn=8 fp=8 fn=0 pred_pos=0.6800
    session_048: n=32 acc=0.9375 err=2 tp=14 tn=16 fp=0 fn=2 pred_pos=0.4375
    session_003: n=26 acc=0.9231 err=2 tp=9 tn=15 fp=1 fn=1 pred_pos=0.3846
    session_008: n=25 acc=0.9200 err=2 tp=8 tn=15 fp=1 fn=1 pred_pos=0.3600
    session_023: n=32 acc=0.9688 err=1 tp=16 tn=15 fp=1 fn=0 pred_pos=0.5312
    session_028: n=32 acc=0.9688 err=1 tp=16 tn=15 fp=1 fn=0 pred_pos=0.5312
    session_033: n=32 acc=0.9688 err=1 tp=15 tn=16 fp=0 fn=1 pred_pos=0.4688
    session_043: n=32 acc=0.9688 err=1 tp=15 tn=16 fp=0 fn=1 pred_pos=0.4688
  [val/material]
    plastic: n=101 acc=0.7723 err=23 tp=35 tn=43 fp=21 fn=2 pred_pos=0.5545
    soft foam earplug: n=65 acc=0.8615 err=9 tp=31 tn=25 fp=7 fn=2 pred_pos=0.5846
    USB cable: n=64 acc=0.9531 err=3 tp=29 tn=32 fp=0 fn=3 pred_pos=0.4531
    A4 paper: n=64 acc=0.9688 err=2 tp=32 tn=30 fp=2 fn=0 pred_pos=0.5312
[INFO] epoch 8/40 started
  [train] batch 1/67 loss=0.0907 avg=0.0907 speed=0.32 batch/s
  [train] batch 20/67 loss=0.0486 avg=0.2030 speed=1.29 batch/s
  [train] batch 40/67 loss=0.0881 avg=0.1627 speed=1.33 batch/s
  [train] batch 60/67 loss=0.0415 avg=0.1602 speed=1.30 batch/s
  [train] batch 67/67 loss=0.0525 avg=0.1590 speed=1.29 batch/s
[Epoch 008] loss=0.1590 window=8 train_acc=0.8648 train_balanced_acc=0.8648 val_acc=0.8231 balanced_acc=0.8090 smoothed_balanced_acc=0.8621 f1=0.7699 precision=0.9457 recall=0.6493 pred_pos=0.3129 mean_p=0.2987 mean_p_pos=0.6244 mean_p_neg=0.0259 tp=87 tn=155 fp=5 fn=47 lr=1.00e-03 time=121.5s
  [val/behavior]
    rotational sliding: n=67 acc=0.4478 err=37 tp=30 tn=0 fp=0 fn=37 pred_pos=0.4478
    translational sliding: n=67 acc=0.8507 err=10 tp=57 tn=0 fp=0 fn=10 pred_pos=0.8507
    continuous variable-force pressing: n=80 acc=0.9375 err=5 tp=0 tn=75 fp=5 fn=0 pred_pos=0.0625
    constant-force pressing: n=48 acc=1.0000 err=0 tp=0 tn=48 fp=0 fn=0 pred_pos=0.0000
    diagonal constant-force pressing: n=16 acc=1.0000 err=0 tp=0 tn=16 fp=0 fn=0 pred_pos=0.0000
    static no motion: n=16 acc=1.0000 err=0 tp=0 tn=16 fp=0 fn=0 pred_pos=0.0000
  [val/motion_type]
    rotation: n=67 acc=0.4478 err=37 tp=30 tn=0 fp=0 fn=37 pred_pos=0.4478
    translation: n=67 acc=0.8507 err=10 tp=57 tn=0 fp=0 fn=10 pred_pos=0.8507
    non-slip: n=160 acc=0.9688 err=5 tp=0 tn=155 fp=5 fn=0 pred_pos=0.0312
  [val/session]
    session_038: n=33 acc=0.5455 err=15 tp=7 tn=11 fp=5 fn=10 pred_pos=0.3636
    session_048: n=32 acc=0.7188 err=9 tp=7 tn=16 fp=0 fn=9 pred_pos=0.2188
    session_028: n=32 acc=0.7500 err=8 tp=8 tn=16 fp=0 fn=8 pred_pos=0.2500
    session_018: n=25 acc=0.6800 err=8 tp=1 tn=16 fp=0 fn=8 pred_pos=0.0400
    session_043: n=32 acc=0.8125 err=6 tp=10 tn=16 fp=0 fn=6 pred_pos=0.3125
    session_003: n=26 acc=0.9231 err=2 tp=8 tn=16 fp=0 fn=2 pred_pos=0.3077
    session_012: n=25 acc=0.9200 err=2 tp=7 tn=16 fp=0 fn=2 pred_pos=0.2800
    session_033: n=32 acc=0.9688 err=1 tp=15 tn=16 fp=0 fn=1 pred_pos=0.4688
    session_008: n=25 acc=0.9600 err=1 tp=8 tn=16 fp=0 fn=1 pred_pos=0.3200
    session_023: n=32 acc=1.0000 err=0 tp=16 tn=16 fp=0 fn=0 pred_pos=0.5000
  [val/material]
    soft foam earplug: n=65 acc=0.7538 err=16 tp=22 tn=27 fp=5 fn=11 pred_pos=0.4154
    USB cable: n=64 acc=0.7656 err=15 tp=17 tn=32 fp=0 fn=15 pred_pos=0.2656
    plastic: n=101 acc=0.8713 err=13 tp=24 tn=64 fp=0 fn=13 pred_pos=0.2376
    A4 paper: n=64 acc=0.8750 err=8 tp=24 tn=32 fp=0 fn=8 pred_pos=0.3750
[INFO] epoch 9/40 started
  [train] batch 1/67 loss=0.0428 avg=0.0428 speed=0.29 batch/s
  [train] batch 20/67 loss=0.1482 avg=0.1596 speed=1.18 batch/s
  [train] batch 40/67 loss=0.0354 avg=0.1509 speed=1.20 batch/s
  [train] batch 60/67 loss=0.0134 avg=0.1349 speed=1.21 batch/s
  [train] batch 67/67 loss=0.1245 avg=0.1304 speed=1.21 batch/s
[Epoch 009] loss=0.1304 window=8 train_acc=0.9799 train_balanced_acc=0.9799 val_acc=0.9388 balanced_acc=0.9365 smoothed_balanced_acc=0.8752 f1=0.9313 precision=0.9531 recall=0.9104 pred_pos=0.4354 mean_p=0.4386 mean_p_pos=0.8953 mean_p_neg=0.0560 tp=122 tn=154 fp=6 fn=12 lr=1.00e-03 time=121.6s
  [val/behavior]
    rotational sliding: n=67 acc=0.8209 err=12 tp=55 tn=0 fp=0 fn=12 pred_pos=0.8209
    continuous variable-force pressing: n=80 acc=0.9625 err=3 tp=0 tn=77 fp=3 fn=0 pred_pos=0.0375
    constant-force pressing: n=48 acc=0.9375 err=3 tp=0 tn=45 fp=3 fn=0 pred_pos=0.0625
    translational sliding: n=67 acc=1.0000 err=0 tp=67 tn=0 fp=0 fn=0 pred_pos=1.0000
    diagonal constant-force pressing: n=16 acc=1.0000 err=0 tp=0 tn=16 fp=0 fn=0 pred_pos=0.0000
    static no motion: n=16 acc=1.0000 err=0 tp=0 tn=16 fp=0 fn=0 pred_pos=0.0000
  [val/motion_type]
    rotation: n=67 acc=0.8209 err=12 tp=55 tn=0 fp=0 fn=12 pred_pos=0.8209
    non-slip: n=160 acc=0.9625 err=6 tp=0 tn=154 fp=6 fn=0 pred_pos=0.0375
    translation: n=67 acc=1.0000 err=0 tp=67 tn=0 fp=0 fn=0 pred_pos=1.0000
  [val/session]
    session_048: n=32 acc=0.8125 err=6 tp=10 tn=16 fp=0 fn=6 pred_pos=0.3125
    session_038: n=33 acc=0.8788 err=4 tp=15 tn=14 fp=2 fn=2 pred_pos=0.5152
    session_028: n=32 acc=0.8750 err=4 tp=12 tn=16 fp=0 fn=4 pred_pos=0.3750
    session_008: n=25 acc=0.9200 err=2 tp=9 tn=14 fp=2 fn=0 pred_pos=0.4400
    session_043: n=32 acc=0.9688 err=1 tp=16 tn=15 fp=1 fn=0 pred_pos=0.5312
    session_018: n=25 acc=0.9600 err=1 tp=9 tn=15 fp=1 fn=0 pred_pos=0.4000
    session_023: n=32 acc=1.0000 err=0 tp=16 tn=16 fp=0 fn=0 pred_pos=0.5000
    session_033: n=32 acc=1.0000 err=0 tp=16 tn=16 fp=0 fn=0 pred_pos=0.5000
    session_003: n=26 acc=1.0000 err=0 tp=10 tn=16 fp=0 fn=0 pred_pos=0.3846
    session_012: n=25 acc=1.0000 err=0 tp=9 tn=16 fp=0 fn=0 pred_pos=0.3600
  [val/material]
    USB cable: n=64 acc=0.8906 err=7 tp=26 tn=31 fp=1 fn=6 pred_pos=0.4219
    soft foam earplug: n=65 acc=0.9385 err=4 tp=31 tn=30 fp=2 fn=2 pred_pos=0.5077
    A4 paper: n=64 acc=0.9375 err=4 tp=28 tn=32 fp=0 fn=4 pred_pos=0.4375
    plastic: n=101 acc=0.9703 err=3 tp=37 tn=61 fp=3 fn=0 pred_pos=0.3960
[INFO] epoch 10/40 started
  [train] batch 1/67 loss=0.0148 avg=0.0148 speed=0.31 batch/s
  [train] batch 20/67 loss=0.0290 avg=0.1002 speed=1.28 batch/s
  [train] batch 40/67 loss=0.0340 avg=0.1018 speed=1.30 batch/s
  [train] batch 60/67 loss=0.0879 avg=0.1103 speed=1.30 batch/s
  [train] batch 67/67 loss=0.2000 avg=0.1141 speed=1.30 batch/s
[BEST] epoch=10 smoothed_balanced_acc=0.8992 saved
[Epoch 010] loss=0.1141 window=8 train_acc=0.9673 train_balanced_acc=0.9673 val_acc=0.9524 balanced_acc=0.9520 smoothed_balanced_acc=0.8992 f1=0.9478 precision=0.9478 recall=0.9478 pred_pos=0.4558 mean_p=0.4460 mean_p_pos=0.9155 mean_p_neg=0.0528 tp=127 tn=153 fp=7 fn=7 lr=1.00e-03 time=117.1s
  [val/behavior]
    rotational sliding: n=67 acc=0.8955 err=7 tp=60 tn=0 fp=0 fn=7 pred_pos=0.8955
    continuous variable-force pressing: n=80 acc=0.9250 err=6 tp=0 tn=74 fp=6 fn=0 pred_pos=0.0750
    constant-force pressing: n=48 acc=0.9792 err=1 tp=0 tn=47 fp=1 fn=0 pred_pos=0.0208
    translational sliding: n=67 acc=1.0000 err=0 tp=67 tn=0 fp=0 fn=0 pred_pos=1.0000
    diagonal constant-force pressing: n=16 acc=1.0000 err=0 tp=0 tn=16 fp=0 fn=0 pred_pos=0.0000
    static no motion: n=16 acc=1.0000 err=0 tp=0 tn=16 fp=0 fn=0 pred_pos=0.0000
  [val/motion_type]
    non-slip: n=160 acc=0.9563 err=7 tp=0 tn=153 fp=7 fn=0 pred_pos=0.0437
    rotation: n=67 acc=0.8955 err=7 tp=60 tn=0 fp=0 fn=7 pred_pos=0.8955
    translation: n=67 acc=1.0000 err=0 tp=67 tn=0 fp=0 fn=0 pred_pos=1.0000
  [val/session]
    session_038: n=33 acc=0.8182 err=6 tp=16 tn=11 fp=5 fn=1 pred_pos=0.6364
    session_048: n=32 acc=0.8750 err=4 tp=13 tn=15 fp=1 fn=3 pred_pos=0.4375
    session_028: n=32 acc=0.9062 err=3 tp=13 tn=16 fp=0 fn=3 pred_pos=0.4062
    session_008: n=25 acc=0.9600 err=1 tp=9 tn=15 fp=1 fn=0 pred_pos=0.4000
    session_023: n=32 acc=1.0000 err=0 tp=16 tn=16 fp=0 fn=0 pred_pos=0.5000
    session_033: n=32 acc=1.0000 err=0 tp=16 tn=16 fp=0 fn=0 pred_pos=0.5000
    session_043: n=32 acc=1.0000 err=0 tp=16 tn=16 fp=0 fn=0 pred_pos=0.5000
    session_003: n=26 acc=1.0000 err=0 tp=10 tn=16 fp=0 fn=0 pred_pos=0.3846
    session_012: n=25 acc=1.0000 err=0 tp=9 tn=16 fp=0 fn=0 pred_pos=0.3600
    session_018: n=25 acc=1.0000 err=0 tp=9 tn=16 fp=0 fn=0 pred_pos=0.3600
  [val/material]
    soft foam earplug: n=65 acc=0.9077 err=6 tp=32 tn=27 fp=5 fn=1 pred_pos=0.5692
    USB cable: n=64 acc=0.9375 err=4 tp=29 tn=31 fp=1 fn=3 pred_pos=0.4688
    A4 paper: n=64 acc=0.9531 err=3 tp=29 tn=32 fp=0 fn=3 pred_pos=0.4531
    plastic: n=101 acc=0.9901 err=1 tp=37 tn=63 fp=1 fn=0 pred_pos=0.3762
[INFO] epoch 11/40 started
  [train] batch 1/67 loss=0.0304 avg=0.0304 speed=0.28 batch/s
  [train] batch 20/67 loss=0.1455 avg=0.1388 speed=1.15 batch/s
  [train] batch 40/67 loss=0.0127 avg=0.1086 speed=1.18 batch/s
  [train] batch 60/67 loss=0.2023 avg=0.1477 speed=1.18 batch/s
  [train] batch 67/67 loss=0.0336 avg=0.1445 speed=1.18 batch/s
[BEST] epoch=11 smoothed_balanced_acc=0.9327 saved
[Epoch 011] loss=0.1445 window=8 train_acc=0.9645 train_balanced_acc=0.9645 val_acc=0.9150 balanced_acc=0.9097 smoothed_balanced_acc=0.9327 f1=0.9012 precision=0.9580 recall=0.8507 pred_pos=0.4048 mean_p=0.4074 mean_p_pos=0.8358 mean_p_neg=0.0486 tp=114 tn=155 fp=5 fn=20 lr=1.00e-03 time=126.5s
  [val/behavior]
    rotational sliding: n=67 acc=0.7761 err=15 tp=52 tn=0 fp=0 fn=15 pred_pos=0.7761
    translational sliding: n=67 acc=0.9254 err=5 tp=62 tn=0 fp=0 fn=5 pred_pos=0.9254
    continuous variable-force pressing: n=80 acc=0.9500 err=4 tp=0 tn=76 fp=4 fn=0 pred_pos=0.0500
    constant-force pressing: n=48 acc=0.9792 err=1 tp=0 tn=47 fp=1 fn=0 pred_pos=0.0208
    diagonal constant-force pressing: n=16 acc=1.0000 err=0 tp=0 tn=16 fp=0 fn=0 pred_pos=0.0000
    static no motion: n=16 acc=1.0000 err=0 tp=0 tn=16 fp=0 fn=0 pred_pos=0.0000
  [val/motion_type]
    rotation: n=67 acc=0.7761 err=15 tp=52 tn=0 fp=0 fn=15 pred_pos=0.7761
    non-slip: n=160 acc=0.9688 err=5 tp=0 tn=155 fp=5 fn=0 pred_pos=0.0312
    translation: n=67 acc=0.9254 err=5 tp=62 tn=0 fp=0 fn=5 pred_pos=0.9254
  [val/session]
    session_048: n=32 acc=0.7812 err=7 tp=9 tn=16 fp=0 fn=7 pred_pos=0.2812
    session_038: n=33 acc=0.8182 err=6 tp=15 tn=12 fp=4 fn=2 pred_pos=0.5758
    session_028: n=32 acc=0.8438 err=5 tp=11 tn=16 fp=0 fn=5 pred_pos=0.3438
    session_043: n=32 acc=0.9375 err=2 tp=14 tn=16 fp=0 fn=2 pred_pos=0.4375
    session_008: n=25 acc=0.9200 err=2 tp=8 tn=15 fp=1 fn=1 pred_pos=0.3600
    session_033: n=32 acc=0.9688 err=1 tp=15 tn=16 fp=0 fn=1 pred_pos=0.4688
    session_003: n=26 acc=0.9615 err=1 tp=9 tn=16 fp=0 fn=1 pred_pos=0.3462
    session_018: n=25 acc=0.9600 err=1 tp=8 tn=16 fp=0 fn=1 pred_pos=0.3200
    session_023: n=32 acc=1.0000 err=0 tp=16 tn=16 fp=0 fn=0 pred_pos=0.5000
    session_012: n=25 acc=1.0000 err=0 tp=9 tn=16 fp=0 fn=0 pred_pos=0.3600
  [val/material]
    USB cable: n=64 acc=0.8594 err=9 tp=23 tn=32 fp=0 fn=9 pred_pos=0.3594
    soft foam earplug: n=65 acc=0.8923 err=7 tp=30 tn=28 fp=4 fn=3 pred_pos=0.5231
    A4 paper: n=64 acc=0.9219 err=5 tp=27 tn=32 fp=0 fn=5 pred_pos=0.4219
    plastic: n=101 acc=0.9604 err=4 tp=34 tn=63 fp=1 fn=3 pred_pos=0.3465
[INFO] epoch 12/40 started
  [train] batch 1/67 loss=0.0201 avg=0.0201 speed=0.27 batch/s
  [train] batch 20/67 loss=0.0599 avg=0.1326 speed=1.07 batch/s
  [train] batch 40/67 loss=0.0115 avg=0.1162 speed=1.09 batch/s
  [train] batch 60/67 loss=0.0127 avg=0.1090 speed=1.11 batch/s
  [train] batch 67/67 loss=0.2391 avg=0.1105 speed=1.16 batch/s
[Epoch 012] loss=0.1105 window=8 train_acc=0.8457 train_balanced_acc=0.8457 val_acc=0.7585 balanced_acc=0.7769 smoothed_balanced_acc=0.8796 f1=0.7881 precision=0.6567 recall=0.9851 pred_pos=0.6837 mean_p=0.6838 mean_p_pos=0.9809 mean_p_neg=0.4350 tp=132 tn=91 fp=69 fn=2 lr=1.00e-03 time=126.3s
  [val/behavior]
    continuous variable-force pressing: n=80 acc=0.5375 err=37 tp=0 tn=43 fp=37 fn=0 pred_pos=0.4625
    diagonal constant-force pressing: n=16 acc=0.0000 err=16 tp=0 tn=0 fp=16 fn=0 pred_pos=1.0000
    constant-force pressing: n=48 acc=0.7083 err=14 tp=0 tn=34 fp=14 fn=0 pred_pos=0.2917
    rotational sliding: n=67 acc=0.9701 err=2 tp=65 tn=0 fp=0 fn=2 pred_pos=0.9701
    static no motion: n=16 acc=0.8750 err=2 tp=0 tn=14 fp=2 fn=0 pred_pos=0.1250
    translational sliding: n=67 acc=1.0000 err=0 tp=67 tn=0 fp=0 fn=0 pred_pos=1.0000
  [val/motion_type]
    non-slip: n=160 acc=0.5687 err=69 tp=0 tn=91 fp=69 fn=0 pred_pos=0.4313
    rotation: n=67 acc=0.9701 err=2 tp=65 tn=0 fp=0 fn=2 pred_pos=0.9701
    translation: n=67 acc=1.0000 err=0 tp=67 tn=0 fp=0 fn=0 pred_pos=1.0000
  [val/session]
    session_038: n=33 acc=0.5152 err=16 tp=16 tn=1 fp=15 fn=1 pred_pos=0.9394
    session_012: n=25 acc=0.3600 err=16 tp=9 tn=0 fp=16 fn=0 pred_pos=1.0000
    session_008: n=25 acc=0.4800 err=13 tp=9 tn=3 fp=13 fn=0 pred_pos=0.8800
    session_018: n=25 acc=0.6800 err=8 tp=9 tn=8 fp=8 fn=0 pred_pos=0.6800
    session_048: n=32 acc=0.8125 err=6 tp=15 tn=11 fp=5 fn=1 pred_pos=0.6250
    session_028: n=32 acc=0.8438 err=5 tp=16 tn=11 fp=5 fn=0 pred_pos=0.6562
    session_003: n=26 acc=0.8462 err=4 tp=10 tn=12 fp=4 fn=0 pred_pos=0.5385
    session_023: n=32 acc=0.9375 err=2 tp=16 tn=14 fp=2 fn=0 pred_pos=0.5625
    session_043: n=32 acc=0.9688 err=1 tp=16 tn=15 fp=1 fn=0 pred_pos=0.5312
    session_033: n=32 acc=1.0000 err=0 tp=16 tn=16 fp=0 fn=0 pred_pos=0.5000
  [val/material]
    plastic: n=101 acc=0.5941 err=41 tp=37 tn=23 fp=41 fn=0 pred_pos=0.7723
    soft foam earplug: n=65 acc=0.7538 err=16 tp=32 tn=17 fp=15 fn=1 pred_pos=0.7231
    A4 paper: n=64 acc=0.8906 err=7 tp=32 tn=25 fp=7 fn=0 pred_pos=0.6094
    USB cable: n=64 acc=0.8906 err=7 tp=31 tn=26 fp=6 fn=1 pred_pos=0.5781
[INFO] epoch 13/40 started
  [train] batch 1/67 loss=0.0433 avg=0.0433 speed=0.31 batch/s
  [train] batch 20/67 loss=0.3555 avg=0.0977 speed=1.09 batch/s
  [train] batch 40/67 loss=0.0131 avg=0.0953 speed=1.10 batch/s
  [train] batch 60/67 loss=0.0554 avg=0.0978 speed=1.11 batch/s
  [train] batch 67/67 loss=0.3371 avg=0.1262 speed=1.16 batch/s
[Epoch 013] loss=0.1262 window=8 train_acc=0.9551 train_balanced_acc=0.9551 val_acc=0.9252 balanced_acc=0.9197 smoothed_balanced_acc=0.8688 f1=0.9127 precision=0.9746 recall=0.8582 pred_pos=0.4014 mean_p=0.4002 mean_p_pos=0.8498 mean_p_neg=0.0236 tp=115 tn=157 fp=3 fn=19 lr=1.00e-03 time=128.9s
  [val/behavior]
    rotational sliding: n=67 acc=0.7313 err=18 tp=49 tn=0 fp=0 fn=18 pred_pos=0.7313
    continuous variable-force pressing: n=80 acc=0.9750 err=2 tp=0 tn=78 fp=2 fn=0 pred_pos=0.0250
    translational sliding: n=67 acc=0.9851 err=1 tp=66 tn=0 fp=0 fn=1 pred_pos=0.9851
    constant-force pressing: n=48 acc=0.9792 err=1 tp=0 tn=47 fp=1 fn=0 pred_pos=0.0208
    diagonal constant-force pressing: n=16 acc=1.0000 err=0 tp=0 tn=16 fp=0 fn=0 pred_pos=0.0000
    static no motion: n=16 acc=1.0000 err=0 tp=0 tn=16 fp=0 fn=0 pred_pos=0.0000
  [val/motion_type]
    rotation: n=67 acc=0.7313 err=18 tp=49 tn=0 fp=0 fn=18 pred_pos=0.7313
    non-slip: n=160 acc=0.9812 err=3 tp=0 tn=157 fp=3 fn=0 pred_pos=0.0187
    translation: n=67 acc=0.9851 err=1 tp=66 tn=0 fp=0 fn=1 pred_pos=0.9851
  [val/session]
    session_048: n=32 acc=0.7500 err=8 tp=8 tn=16 fp=0 fn=8 pred_pos=0.2500
    session_028: n=32 acc=0.8125 err=6 tp=10 tn=16 fp=0 fn=6 pred_pos=0.3125
    session_038: n=33 acc=0.8788 err=4 tp=15 tn=14 fp=2 fn=2 pred_pos=0.5152
    session_018: n=25 acc=0.9200 err=2 tp=7 tn=16 fp=0 fn=2 pred_pos=0.2800
    session_043: n=32 acc=0.9688 err=1 tp=15 tn=16 fp=0 fn=1 pred_pos=0.4688
    session_008: n=25 acc=0.9600 err=1 tp=9 tn=15 fp=1 fn=0 pred_pos=0.4000
    session_023: n=32 acc=1.0000 err=0 tp=16 tn=16 fp=0 fn=0 pred_pos=0.5000
    session_033: n=32 acc=1.0000 err=0 tp=16 tn=16 fp=0 fn=0 pred_pos=0.5000
    session_003: n=26 acc=1.0000 err=0 tp=10 tn=16 fp=0 fn=0 pred_pos=0.3846
    session_012: n=25 acc=1.0000 err=0 tp=9 tn=16 fp=0 fn=0 pred_pos=0.3600
  [val/material]
    USB cable: n=64 acc=0.8594 err=9 tp=23 tn=32 fp=0 fn=9 pred_pos=0.3594
    A4 paper: n=64 acc=0.9062 err=6 tp=26 tn=32 fp=0 fn=6 pred_pos=0.4062
    soft foam earplug: n=65 acc=0.9385 err=4 tp=31 tn=30 fp=2 fn=2 pred_pos=0.5077
    plastic: n=101 acc=0.9703 err=3 tp=35 tn=63 fp=1 fn=2 pred_pos=0.3564
[INFO] epoch 14/40 started
  [train] batch 1/67 loss=0.2010 avg=0.2010 speed=0.30 batch/s
  [train] batch 20/67 loss=0.0691 avg=0.1082 speed=1.08 batch/s
  [train] batch 40/67 loss=0.1784 avg=0.1214 speed=1.09 batch/s
  [train] batch 60/67 loss=0.0042 avg=0.0994 speed=1.10 batch/s
  [train] batch 67/67 loss=0.0080 avg=0.1160 speed=1.15 batch/s
[Epoch 014] loss=0.1160 window=8 train_acc=0.9738 train_balanced_acc=0.9738 val_acc=0.8673 balanced_acc=0.8745 smoothed_balanced_acc=0.8570 f1=0.8678 precision=0.7950 recall=0.9552 pred_pos=0.5476 mean_p=0.5465 mean_p_pos=0.9452 mean_p_neg=0.2126 tp=128 tn=127 fp=33 fn=6 lr=1.00e-03 time=127.4s
  [val/behavior]
    diagonal constant-force pressing: n=16 acc=0.0000 err=16 tp=0 tn=0 fp=16 fn=0 pred_pos=1.0000
    continuous variable-force pressing: n=80 acc=0.8125 err=15 tp=0 tn=65 fp=15 fn=0 pred_pos=0.1875
    rotational sliding: n=67 acc=0.9403 err=4 tp=63 tn=0 fp=0 fn=4 pred_pos=0.9403
    translational sliding: n=67 acc=0.9701 err=2 tp=65 tn=0 fp=0 fn=2 pred_pos=0.9701
    constant-force pressing: n=48 acc=0.9792 err=1 tp=0 tn=47 fp=1 fn=0 pred_pos=0.0208
    static no motion: n=16 acc=0.9375 err=1 tp=0 tn=15 fp=1 fn=0 pred_pos=0.0625
  [val/motion_type]
    non-slip: n=160 acc=0.7937 err=33 tp=0 tn=127 fp=33 fn=0 pred_pos=0.2062
    rotation: n=67 acc=0.9403 err=4 tp=63 tn=0 fp=0 fn=4 pred_pos=0.9403
    translation: n=67 acc=0.9701 err=2 tp=65 tn=0 fp=0 fn=2 pred_pos=0.9701
  [val/session]
    session_012: n=25 acc=0.3600 err=16 tp=9 tn=0 fp=16 fn=0 pred_pos=1.0000
    session_038: n=33 acc=0.6667 err=11 tp=16 tn=6 fp=10 fn=1 pred_pos=0.7879
    session_048: n=32 acc=0.9062 err=3 tp=13 tn=16 fp=0 fn=3 pred_pos=0.4062
    session_018: n=25 acc=0.8800 err=3 tp=9 tn=13 fp=3 fn=0 pred_pos=0.4800
    session_008: n=25 acc=0.9200 err=2 tp=8 tn=15 fp=1 fn=1 pred_pos=0.3600
    session_023: n=32 acc=0.9688 err=1 tp=16 tn=15 fp=1 fn=0 pred_pos=0.5312
    session_028: n=32 acc=0.9688 err=1 tp=16 tn=15 fp=1 fn=0 pred_pos=0.5312
    session_043: n=32 acc=0.9688 err=1 tp=15 tn=16 fp=0 fn=1 pred_pos=0.4688
    session_003: n=26 acc=0.9615 err=1 tp=10 tn=15 fp=1 fn=0 pred_pos=0.4231
    session_033: n=32 acc=1.0000 err=0 tp=16 tn=16 fp=0 fn=0 pred_pos=0.5000
  [val/material]
    plastic: n=101 acc=0.7822 err=22 tp=36 tn=43 fp=21 fn=1 pred_pos=0.5644
    soft foam earplug: n=65 acc=0.8308 err=11 tp=32 tn=22 fp=10 fn=1 pred_pos=0.6462
    USB cable: n=64 acc=0.9375 err=4 tp=28 tn=32 fp=0 fn=4 pred_pos=0.4375
    A4 paper: n=64 acc=0.9688 err=2 tp=32 tn=30 fp=2 fn=0 pred_pos=0.5312
[INFO] epoch 15/40 started
  [train] batch 1/67 loss=0.0572 avg=0.0572 speed=0.30 batch/s
  [train] batch 20/67 loss=0.2831 avg=0.1017 speed=1.18 batch/s
  [train] batch 40/67 loss=0.0055 avg=0.0819 speed=1.17 batch/s
  [train] batch 60/67 loss=0.0088 avg=0.0827 speed=1.14 batch/s
  [train] batch 67/67 loss=0.2391 avg=0.0894 speed=1.19 batch/s
[Epoch 015] loss=0.0894 window=8 train_acc=0.9373 train_balanced_acc=0.9373 val_acc=0.8299 balanced_acc=0.8431 smoothed_balanced_acc=0.8791 f1=0.8418 precision=0.7308 recall=0.9925 pred_pos=0.6190 mean_p=0.6209 mean_p_pos=0.9874 mean_p_neg=0.3139 tp=133 tn=111 fp=49 fn=1 lr=5.00e-04 time=126.3s
  [val/behavior]
    continuous variable-force pressing: n=80 acc=0.6875 err=25 tp=0 tn=55 fp=25 fn=0 pred_pos=0.3125
    diagonal constant-force pressing: n=16 acc=0.0000 err=16 tp=0 tn=0 fp=16 fn=0 pred_pos=1.0000
    constant-force pressing: n=48 acc=0.8542 err=7 tp=0 tn=41 fp=7 fn=0 pred_pos=0.1458
    rotational sliding: n=67 acc=0.9851 err=1 tp=66 tn=0 fp=0 fn=1 pred_pos=0.9851
    static no motion: n=16 acc=0.9375 err=1 tp=0 tn=15 fp=1 fn=0 pred_pos=0.0625
    translational sliding: n=67 acc=1.0000 err=0 tp=67 tn=0 fp=0 fn=0 pred_pos=1.0000
  [val/motion_type]
    non-slip: n=160 acc=0.6937 err=49 tp=0 tn=111 fp=49 fn=0 pred_pos=0.3063
    rotation: n=67 acc=0.9851 err=1 tp=66 tn=0 fp=0 fn=1 pred_pos=0.9851
    translation: n=67 acc=1.0000 err=0 tp=67 tn=0 fp=0 fn=0 pred_pos=1.0000
  [val/session]
    session_012: n=25 acc=0.3600 err=16 tp=9 tn=0 fp=16 fn=0 pred_pos=1.0000
    session_038: n=33 acc=0.6364 err=12 tp=16 tn=5 fp=11 fn=1 pred_pos=0.8182
    session_018: n=25 acc=0.6000 err=10 tp=9 tn=6 fp=10 fn=0 pred_pos=0.7600
    session_043: n=32 acc=0.8750 err=4 tp=16 tn=12 fp=4 fn=0 pred_pos=0.6250
    session_008: n=25 acc=0.8800 err=3 tp=9 tn=13 fp=3 fn=0 pred_pos=0.4800
    session_028: n=32 acc=0.9375 err=2 tp=16 tn=14 fp=2 fn=0 pred_pos=0.5625
    session_048: n=32 acc=0.9375 err=2 tp=16 tn=14 fp=2 fn=0 pred_pos=0.5625
    session_023: n=32 acc=0.9688 err=1 tp=16 tn=15 fp=1 fn=0 pred_pos=0.5312
    session_033: n=32 acc=1.0000 err=0 tp=16 tn=16 fp=0 fn=0 pred_pos=0.5000
    session_003: n=26 acc=1.0000 err=0 tp=10 tn=16 fp=0 fn=0 pred_pos=0.3846
  [val/material]
    plastic: n=101 acc=0.7129 err=29 tp=37 tn=35 fp=29 fn=0 pred_pos=0.6535
    soft foam earplug: n=65 acc=0.8154 err=12 tp=32 tn=21 fp=11 fn=1 pred_pos=0.6615
    USB cable: n=64 acc=0.9062 err=6 tp=32 tn=26 fp=6 fn=0 pred_pos=0.5938
    A4 paper: n=64 acc=0.9531 err=3 tp=32 tn=29 fp=3 fn=0 pred_pos=0.5469
[INFO] epoch 16/40 started
  [train] batch 1/67 loss=0.1518 avg=0.1518 speed=0.30 batch/s
  [train] batch 20/67 loss=0.0825 avg=0.0678 speed=1.18 batch/s
  [train] batch 40/67 loss=0.0158 avg=0.0522 speed=1.18 batch/s
  [train] batch 60/67 loss=0.0551 avg=0.0514 speed=1.19 batch/s
  [train] batch 67/67 loss=0.0414 avg=0.0508 speed=1.24 batch/s
[Epoch 016] loss=0.0508 window=8 train_acc=0.9415 train_balanced_acc=0.9415 val_acc=0.9252 balanced_acc=0.9185 smoothed_balanced_acc=0.8787 f1=0.9113 precision=0.9912 recall=0.8433 pred_pos=0.3878 mean_p=0.3858 mean_p_pos=0.8364 mean_p_neg=0.0084 tp=113 tn=159 fp=1 fn=21 lr=5.00e-04 time=122.1s
  [val/behavior]
    rotational sliding: n=67 acc=0.7313 err=18 tp=49 tn=0 fp=0 fn=18 pred_pos=0.7313
    translational sliding: n=67 acc=0.9552 err=3 tp=64 tn=0 fp=0 fn=3 pred_pos=0.9552
    constant-force pressing: n=48 acc=0.9792 err=1 tp=0 tn=47 fp=1 fn=0 pred_pos=0.0208
    continuous variable-force pressing: n=80 acc=1.0000 err=0 tp=0 tn=80 fp=0 fn=0 pred_pos=0.0000
    diagonal constant-force pressing: n=16 acc=1.0000 err=0 tp=0 tn=16 fp=0 fn=0 pred_pos=0.0000
    static no motion: n=16 acc=1.0000 err=0 tp=0 tn=16 fp=0 fn=0 pred_pos=0.0000
  [val/motion_type]
    rotation: n=67 acc=0.7313 err=18 tp=49 tn=0 fp=0 fn=18 pred_pos=0.7313
    translation: n=67 acc=0.9552 err=3 tp=64 tn=0 fp=0 fn=3 pred_pos=0.9552
    non-slip: n=160 acc=0.9938 err=1 tp=0 tn=159 fp=1 fn=0 pred_pos=0.0063
  [val/session]
    session_048: n=32 acc=0.7812 err=7 tp=9 tn=16 fp=0 fn=7 pred_pos=0.2812
    session_028: n=32 acc=0.8125 err=6 tp=10 tn=16 fp=0 fn=6 pred_pos=0.3125
    session_038: n=33 acc=0.9091 err=3 tp=14 tn=16 fp=0 fn=3 pred_pos=0.4242
    session_018: n=25 acc=0.9200 err=2 tp=7 tn=16 fp=0 fn=2 pred_pos=0.2800
    session_033: n=32 acc=0.9688 err=1 tp=15 tn=16 fp=0 fn=1 pred_pos=0.4688
    session_043: n=32 acc=0.9688 err=1 tp=16 tn=15 fp=1 fn=0 pred_pos=0.5312
    session_003: n=26 acc=0.9615 err=1 tp=9 tn=16 fp=0 fn=1 pred_pos=0.3462
    session_008: n=25 acc=0.9600 err=1 tp=8 tn=16 fp=0 fn=1 pred_pos=0.3200
    session_023: n=32 acc=1.0000 err=0 tp=16 tn=16 fp=0 fn=0 pred_pos=0.5000
    session_012: n=25 acc=1.0000 err=0 tp=9 tn=16 fp=0 fn=0 pred_pos=0.3600
  [val/material]
    USB cable: n=64 acc=0.8750 err=8 tp=25 tn=31 fp=1 fn=7 pred_pos=0.4062
    A4 paper: n=64 acc=0.9062 err=6 tp=26 tn=32 fp=0 fn=6 pred_pos=0.4062
    plastic: n=101 acc=0.9604 err=4 tp=33 tn=64 fp=0 fn=4 pred_pos=0.3267
    soft foam earplug: n=65 acc=0.9385 err=4 tp=29 tn=32 fp=0 fn=4 pred_pos=0.4462
[INFO] epoch 17/40 started
  [train] batch 1/67 loss=0.0428 avg=0.0428 speed=0.35 batch/s
  [train] batch 20/67 loss=0.0032 avg=0.0438 speed=1.18 batch/s
  [train] batch 40/67 loss=0.0077 avg=0.0380 speed=1.19 batch/s
  [train] batch 60/67 loss=0.0176 avg=0.0530 speed=1.19 batch/s
  [train] batch 67/67 loss=0.3906 avg=0.0550 speed=1.25 batch/s
[Epoch 017] loss=0.0550 window=8 train_acc=0.9935 train_balanced_acc=0.9935 val_acc=0.9252 balanced_acc=0.9300 smoothed_balanced_acc=0.8972 f1=0.9231 precision=0.8684 recall=0.9851 pred_pos=0.5170 mean_p=0.5172 mean_p_pos=0.9820 mean_p_neg=0.1280 tp=132 tn=140 fp=20 fn=2 lr=5.00e-04 time=120.9s
  [val/behavior]
    continuous variable-force pressing: n=80 acc=0.8250 err=14 tp=0 tn=66 fp=14 fn=0 pred_pos=0.1750
    diagonal constant-force pressing: n=16 acc=0.8125 err=3 tp=0 tn=13 fp=3 fn=0 pred_pos=0.1875
    constant-force pressing: n=48 acc=0.9583 err=2 tp=0 tn=46 fp=2 fn=0 pred_pos=0.0417
    translational sliding: n=67 acc=0.9851 err=1 tp=66 tn=0 fp=0 fn=1 pred_pos=0.9851
    rotational sliding: n=67 acc=0.9851 err=1 tp=66 tn=0 fp=0 fn=1 pred_pos=0.9851
    static no motion: n=16 acc=0.9375 err=1 tp=0 tn=15 fp=1 fn=0 pred_pos=0.0625
  [val/motion_type]
    non-slip: n=160 acc=0.8750 err=20 tp=0 tn=140 fp=20 fn=0 pred_pos=0.1250
    translation: n=67 acc=0.9851 err=1 tp=66 tn=0 fp=0 fn=1 pred_pos=0.9851
    rotation: n=67 acc=0.9851 err=1 tp=66 tn=0 fp=0 fn=1 pred_pos=0.9851
  [val/session]
    session_038: n=33 acc=0.7879 err=7 tp=16 tn=10 fp=6 fn=1 pred_pos=0.6667
    session_018: n=25 acc=0.7200 err=7 tp=9 tn=9 fp=7 fn=0 pred_pos=0.6400
    session_012: n=25 acc=0.8800 err=3 tp=9 tn=13 fp=3 fn=0 pred_pos=0.4800
    session_023: n=32 acc=0.9688 err=1 tp=16 tn=15 fp=1 fn=0 pred_pos=0.5312
    session_033: n=32 acc=0.9688 err=1 tp=15 tn=16 fp=0 fn=1 pred_pos=0.4688
    session_043: n=32 acc=0.9688 err=1 tp=16 tn=15 fp=1 fn=0 pred_pos=0.5312
    session_048: n=32 acc=0.9688 err=1 tp=16 tn=15 fp=1 fn=0 pred_pos=0.5312
    session_008: n=25 acc=0.9600 err=1 tp=9 tn=15 fp=1 fn=0 pred_pos=0.4000
    session_028: n=32 acc=1.0000 err=0 tp=16 tn=16 fp=0 fn=0 pred_pos=0.5000
    session_003: n=26 acc=1.0000 err=0 tp=10 tn=16 fp=0 fn=0 pred_pos=0.3846
  [val/material]
    plastic: n=101 acc=0.8911 err=11 tp=37 tn=53 fp=11 fn=0 pred_pos=0.4752
    soft foam earplug: n=65 acc=0.8769 err=8 tp=31 tn=26 fp=6 fn=2 pred_pos=0.5692
    USB cable: n=64 acc=0.9688 err=2 tp=32 tn=30 fp=2 fn=0 pred_pos=0.5312
    A4 paper: n=64 acc=0.9844 err=1 tp=32 tn=31 fp=1 fn=0 pred_pos=0.5156
[INFO] epoch 18/40 started
  [train] batch 1/67 loss=0.4096 avg=0.4096 speed=0.31 batch/s
  [train] batch 20/67 loss=0.1352 avg=0.0752 speed=1.12 batch/s
  [train] batch 40/67 loss=0.0315 avg=0.0667 speed=1.14 batch/s
  [train] batch 60/67 loss=0.0215 avg=0.0551 speed=1.15 batch/s
  [train] batch 67/67 loss=0.0054 avg=0.0527 speed=1.21 batch/s
[Epoch 018] loss=0.0527 window=8 train_acc=0.9864 train_balanced_acc=0.9864 val_acc=0.9218 balanced_acc=0.9275 smoothed_balanced_acc=0.9254 f1=0.9204 precision=0.8581 recall=0.9925 pred_pos=0.5272 mean_p=0.5368 mean_p_pos=0.9893 mean_p_neg=0.1579 tp=133 tn=138 fp=22 fn=1 lr=5.00e-04 time=122.0s
  [val/behavior]
    continuous variable-force pressing: n=80 acc=0.8125 err=15 tp=0 tn=65 fp=15 fn=0 pred_pos=0.1875
    diagonal constant-force pressing: n=16 acc=0.7500 err=4 tp=0 tn=12 fp=4 fn=0 pred_pos=0.2500
    constant-force pressing: n=48 acc=0.9583 err=2 tp=0 tn=46 fp=2 fn=0 pred_pos=0.0417
    rotational sliding: n=67 acc=0.9851 err=1 tp=66 tn=0 fp=0 fn=1 pred_pos=0.9851
    static no motion: n=16 acc=0.9375 err=1 tp=0 tn=15 fp=1 fn=0 pred_pos=0.0625
    translational sliding: n=67 acc=1.0000 err=0 tp=67 tn=0 fp=0 fn=0 pred_pos=1.0000
  [val/motion_type]
    non-slip: n=160 acc=0.8625 err=22 tp=0 tn=138 fp=22 fn=0 pred_pos=0.1375
    rotation: n=67 acc=0.9851 err=1 tp=66 tn=0 fp=0 fn=1 pred_pos=0.9851
    translation: n=67 acc=1.0000 err=0 tp=67 tn=0 fp=0 fn=0 pred_pos=1.0000
  [val/session]
    session_018: n=25 acc=0.6800 err=8 tp=9 tn=8 fp=8 fn=0 pred_pos=0.6800
    session_038: n=33 acc=0.8182 err=6 tp=16 tn=11 fp=5 fn=1 pred_pos=0.6364
    session_012: n=25 acc=0.8400 err=4 tp=9 tn=12 fp=4 fn=0 pred_pos=0.5200
    session_023: n=32 acc=0.9688 err=1 tp=16 tn=15 fp=1 fn=0 pred_pos=0.5312
    session_028: n=32 acc=0.9688 err=1 tp=16 tn=15 fp=1 fn=0 pred_pos=0.5312
    session_043: n=32 acc=0.9688 err=1 tp=16 tn=15 fp=1 fn=0 pred_pos=0.5312
    session_048: n=32 acc=0.9688 err=1 tp=16 tn=15 fp=1 fn=0 pred_pos=0.5312
    session_008: n=25 acc=0.9600 err=1 tp=9 tn=15 fp=1 fn=0 pred_pos=0.4000
    session_033: n=32 acc=1.0000 err=0 tp=16 tn=16 fp=0 fn=0 pred_pos=0.5000
    session_003: n=26 acc=1.0000 err=0 tp=10 tn=16 fp=0 fn=0 pred_pos=0.3846
  [val/material]
    plastic: n=101 acc=0.8713 err=13 tp=37 tn=51 fp=13 fn=0 pred_pos=0.4950
    soft foam earplug: n=65 acc=0.9077 err=6 tp=32 tn=27 fp=5 fn=1 pred_pos=0.5692
    A4 paper: n=64 acc=0.9688 err=2 tp=32 tn=30 fp=2 fn=0 pred_pos=0.5312
    USB cable: n=64 acc=0.9688 err=2 tp=32 tn=30 fp=2 fn=0 pred_pos=0.5312
[INFO] epoch 19/40 started
  [train] batch 1/67 loss=0.1244 avg=0.1244 speed=0.31 batch/s
  [train] batch 20/67 loss=0.0034 avg=0.0796 speed=1.16 batch/s
  [train] batch 40/67 loss=0.0025 avg=0.0596 speed=1.18 batch/s
  [train] batch 60/67 loss=0.1979 avg=0.0515 speed=1.18 batch/s
  [train] batch 67/67 loss=0.0237 avg=0.0498 speed=1.23 batch/s
[BEST] epoch=19 smoothed_balanced_acc=0.9354 saved
[Epoch 019] loss=0.0498 window=8 train_acc=0.9953 train_balanced_acc=0.9953 val_acc=0.9456 balanced_acc=0.9488 smoothed_balanced_acc=0.9354 f1=0.9429 precision=0.9041 recall=0.9851 pred_pos=0.4966 mean_p=0.4978 mean_p_pos=0.9817 mean_p_neg=0.0925 tp=132 tn=146 fp=14 fn=2 lr=5.00e-04 time=121.7s
  [val/behavior]
    continuous variable-force pressing: n=80 acc=0.8625 err=11 tp=0 tn=69 fp=11 fn=0 pred_pos=0.1375
    constant-force pressing: n=48 acc=0.9375 err=3 tp=0 tn=45 fp=3 fn=0 pred_pos=0.0625
    rotational sliding: n=67 acc=0.9701 err=2 tp=65 tn=0 fp=0 fn=2 pred_pos=0.9701
    translational sliding: n=67 acc=1.0000 err=0 tp=67 tn=0 fp=0 fn=0 pred_pos=1.0000
    diagonal constant-force pressing: n=16 acc=1.0000 err=0 tp=0 tn=16 fp=0 fn=0 pred_pos=0.0000
    static no motion: n=16 acc=1.0000 err=0 tp=0 tn=16 fp=0 fn=0 pred_pos=0.0000
  [val/motion_type]
    non-slip: n=160 acc=0.9125 err=14 tp=0 tn=146 fp=14 fn=0 pred_pos=0.0875
    rotation: n=67 acc=0.9701 err=2 tp=65 tn=0 fp=0 fn=2 pred_pos=0.9701
    translation: n=67 acc=1.0000 err=0 tp=67 tn=0 fp=0 fn=0 pred_pos=1.0000
  [val/session]
    session_038: n=33 acc=0.7879 err=7 tp=16 tn=10 fp=6 fn=1 pred_pos=0.6667
    session_018: n=25 acc=0.8000 err=5 tp=9 tn=11 fp=5 fn=0 pred_pos=0.5600
    session_008: n=25 acc=0.9200 err=2 tp=9 tn=14 fp=2 fn=0 pred_pos=0.4400
    session_043: n=32 acc=0.9688 err=1 tp=16 tn=15 fp=1 fn=0 pred_pos=0.5312
    session_048: n=32 acc=0.9688 err=1 tp=15 tn=16 fp=0 fn=1 pred_pos=0.4688
    session_023: n=32 acc=1.0000 err=0 tp=16 tn=16 fp=0 fn=0 pred_pos=0.5000
    session_028: n=32 acc=1.0000 err=0 tp=16 tn=16 fp=0 fn=0 pred_pos=0.5000
    session_033: n=32 acc=1.0000 err=0 tp=16 tn=16 fp=0 fn=0 pred_pos=0.5000
    session_003: n=26 acc=1.0000 err=0 tp=10 tn=16 fp=0 fn=0 pred_pos=0.3846
    session_012: n=25 acc=1.0000 err=0 tp=9 tn=16 fp=0 fn=0 pred_pos=0.3600
  [val/material]
    plastic: n=101 acc=0.9307 err=7 tp=37 tn=57 fp=7 fn=0 pred_pos=0.4356
    soft foam earplug: n=65 acc=0.8923 err=7 tp=32 tn=26 fp=6 fn=1 pred_pos=0.5846
    USB cable: n=64 acc=0.9688 err=2 tp=31 tn=31 fp=1 fn=1 pred_pos=0.5000
    A4 paper: n=64 acc=1.0000 err=0 tp=32 tn=32 fp=0 fn=0 pred_pos=0.5000
[INFO] epoch 20/40 started
  [train] batch 1/67 loss=0.2691 avg=0.2691 speed=0.32 batch/s
  [train] batch 20/67 loss=0.0023 avg=0.0473 speed=1.19 batch/s
  [train] batch 40/67 loss=0.0138 avg=0.0374 speed=1.18 batch/s
  [train] batch 60/67 loss=0.2386 avg=0.0350 speed=1.18 batch/s
  [train] batch 67/67 loss=0.0398 avg=0.0354 speed=1.24 batch/s
[BEST] epoch=20 smoothed_balanced_acc=0.9479 saved
[Epoch 020] loss=0.0354 window=8 train_acc=0.9981 train_balanced_acc=0.9981 val_acc=0.9660 balanced_acc=0.9675 smoothed_balanced_acc=0.9479 f1=0.9635 precision=0.9429 recall=0.9851 pred_pos=0.4762 mean_p=0.4784 mean_p_pos=0.9761 mean_p_neg=0.0615 tp=132 tn=152 fp=8 fn=2 lr=5.00e-04 time=120.8s
  [val/behavior]
    continuous variable-force pressing: n=80 acc=0.9375 err=5 tp=0 tn=75 fp=5 fn=0 pred_pos=0.0625
    rotational sliding: n=67 acc=0.9701 err=2 tp=65 tn=0 fp=0 fn=2 pred_pos=0.9701
    constant-force pressing: n=48 acc=0.9583 err=2 tp=0 tn=46 fp=2 fn=0 pred_pos=0.0417
    diagonal constant-force pressing: n=16 acc=0.9375 err=1 tp=0 tn=15 fp=1 fn=0 pred_pos=0.0625
    translational sliding: n=67 acc=1.0000 err=0 tp=67 tn=0 fp=0 fn=0 pred_pos=1.0000
    static no motion: n=16 acc=1.0000 err=0 tp=0 tn=16 fp=0 fn=0 pred_pos=0.0000
  [val/motion_type]
    non-slip: n=160 acc=0.9500 err=8 tp=0 tn=152 fp=8 fn=0 pred_pos=0.0500
    rotation: n=67 acc=0.9701 err=2 tp=65 tn=0 fp=0 fn=2 pred_pos=0.9701
    translation: n=67 acc=1.0000 err=0 tp=67 tn=0 fp=0 fn=0 pred_pos=1.0000
  [val/session]
    session_038: n=33 acc=0.9091 err=3 tp=16 tn=14 fp=2 fn=1 pred_pos=0.5455
    session_048: n=32 acc=0.9375 err=2 tp=15 tn=15 fp=1 fn=1 pred_pos=0.5000
    session_018: n=25 acc=0.9200 err=2 tp=9 tn=14 fp=2 fn=0 pred_pos=0.4400
    session_043: n=32 acc=0.9688 err=1 tp=16 tn=15 fp=1 fn=0 pred_pos=0.5312
    session_008: n=25 acc=0.9600 err=1 tp=9 tn=15 fp=1 fn=0 pred_pos=0.4000
    session_012: n=25 acc=0.9600 err=1 tp=9 tn=15 fp=1 fn=0 pred_pos=0.4000
    session_023: n=32 acc=1.0000 err=0 tp=16 tn=16 fp=0 fn=0 pred_pos=0.5000
    session_028: n=32 acc=1.0000 err=0 tp=16 tn=16 fp=0 fn=0 pred_pos=0.5000
    session_033: n=32 acc=1.0000 err=0 tp=16 tn=16 fp=0 fn=0 pred_pos=0.5000
    session_003: n=26 acc=1.0000 err=0 tp=10 tn=16 fp=0 fn=0 pred_pos=0.3846
  [val/material]
    plastic: n=101 acc=0.9604 err=4 tp=37 tn=60 fp=4 fn=0 pred_pos=0.4059
    soft foam earplug: n=65 acc=0.9538 err=3 tp=32 tn=30 fp=2 fn=1 pred_pos=0.5231
    USB cable: n=64 acc=0.9531 err=3 tp=31 tn=30 fp=2 fn=1 pred_pos=0.5156
    A4 paper: n=64 acc=1.0000 err=0 tp=32 tn=32 fp=0 fn=0 pred_pos=0.5000
[INFO] epoch 21/40 started
  [train] batch 1/67 loss=0.0005 avg=0.0005 speed=0.30 batch/s
  [train] batch 20/67 loss=0.0010 avg=0.0222 speed=1.17 batch/s
  [train] batch 40/67 loss=0.0134 avg=0.0330 speed=1.15 batch/s
  [train] batch 60/67 loss=0.1722 avg=0.0338 speed=1.17 batch/s
  [train] batch 67/67 loss=0.0068 avg=0.0307 speed=1.22 batch/s
[BEST] epoch=21 smoothed_balanced_acc=0.9646 saved
[Epoch 021] loss=0.0307 window=8 train_acc=0.9911 train_balanced_acc=0.9911 val_acc=0.9796 balanced_acc=0.9776 smoothed_balanced_acc=0.9646 f1=0.9771 precision=1.0000 recall=0.9552 pred_pos=0.4354 mean_p=0.4309 mean_p_pos=0.9412 mean_p_neg=0.0035 tp=128 tn=160 fp=0 fn=6 lr=5.00e-04 time=122.8s
  [val/behavior]
    rotational sliding: n=67 acc=0.9254 err=5 tp=62 tn=0 fp=0 fn=5 pred_pos=0.9254
    translational sliding: n=67 acc=0.9851 err=1 tp=66 tn=0 fp=0 fn=1 pred_pos=0.9851
    continuous variable-force pressing: n=80 acc=1.0000 err=0 tp=0 tn=80 fp=0 fn=0 pred_pos=0.0000
    constant-force pressing: n=48 acc=1.0000 err=0 tp=0 tn=48 fp=0 fn=0 pred_pos=0.0000
    diagonal constant-force pressing: n=16 acc=1.0000 err=0 tp=0 tn=16 fp=0 fn=0 pred_pos=0.0000
    static no motion: n=16 acc=1.0000 err=0 tp=0 tn=16 fp=0 fn=0 pred_pos=0.0000
  [val/motion_type]
    rotation: n=67 acc=0.9254 err=5 tp=62 tn=0 fp=0 fn=5 pred_pos=0.9254
    translation: n=67 acc=0.9851 err=1 tp=66 tn=0 fp=0 fn=1 pred_pos=0.9851
    non-slip: n=160 acc=1.0000 err=0 tp=0 tn=160 fp=0 fn=0 pred_pos=0.0000
  [val/session]
    session_048: n=32 acc=0.9062 err=3 tp=13 tn=16 fp=0 fn=3 pred_pos=0.4062
    session_038: n=33 acc=0.9394 err=2 tp=15 tn=16 fp=0 fn=2 pred_pos=0.4545
    session_033: n=32 acc=0.9688 err=1 tp=15 tn=16 fp=0 fn=1 pred_pos=0.4688
    session_023: n=32 acc=1.0000 err=0 tp=16 tn=16 fp=0 fn=0 pred_pos=0.5000
    session_028: n=32 acc=1.0000 err=0 tp=16 tn=16 fp=0 fn=0 pred_pos=0.5000
    session_043: n=32 acc=1.0000 err=0 tp=16 tn=16 fp=0 fn=0 pred_pos=0.5000
    session_003: n=26 acc=1.0000 err=0 tp=10 tn=16 fp=0 fn=0 pred_pos=0.3846
    session_008: n=25 acc=1.0000 err=0 tp=9 tn=16 fp=0 fn=0 pred_pos=0.3600
    session_012: n=25 acc=1.0000 err=0 tp=9 tn=16 fp=0 fn=0 pred_pos=0.3600
    session_018: n=25 acc=1.0000 err=0 tp=9 tn=16 fp=0 fn=0 pred_pos=0.3600
  [val/material]
    soft foam earplug: n=65 acc=0.9538 err=3 tp=30 tn=32 fp=0 fn=3 pred_pos=0.4615
    USB cable: n=64 acc=0.9531 err=3 tp=29 tn=32 fp=0 fn=3 pred_pos=0.4531
    plastic: n=101 acc=1.0000 err=0 tp=37 tn=64 fp=0 fn=0 pred_pos=0.3663
    A4 paper: n=64 acc=1.0000 err=0 tp=32 tn=32 fp=0 fn=0 pred_pos=0.5000
[INFO] epoch 22/40 started
  [train] batch 1/67 loss=0.0007 avg=0.0007 speed=0.33 batch/s
  [train] batch 20/67 loss=0.1807 avg=0.0233 speed=1.15 batch/s
  [train] batch 40/67 loss=0.0076 avg=0.0360 speed=1.18 batch/s
  [train] batch 60/67 loss=0.1270 avg=0.0368 speed=1.15 batch/s
  [train] batch 67/67 loss=0.0225 avg=0.0346 speed=1.21 batch/s
[BEST] epoch=22 smoothed_balanced_acc=0.9659 saved
[Epoch 022] loss=0.0346 window=8 train_acc=0.9939 train_balanced_acc=0.9939 val_acc=0.9524 balanced_acc=0.9526 smoothed_balanced_acc=0.9659 f1=0.9481 precision=0.9412 recall=0.9552 pred_pos=0.4626 mean_p=0.4593 mean_p_pos=0.9477 mean_p_neg=0.0503 tp=128 tn=152 fp=8 fn=6 lr=5.00e-04 time=121.0s
  [val/behavior]
    continuous variable-force pressing: n=80 acc=0.9125 err=7 tp=0 tn=73 fp=7 fn=0 pred_pos=0.0875
    rotational sliding: n=67 acc=0.9254 err=5 tp=62 tn=0 fp=0 fn=5 pred_pos=0.9254
    translational sliding: n=67 acc=0.9851 err=1 tp=66 tn=0 fp=0 fn=1 pred_pos=0.9851
    constant-force pressing: n=48 acc=0.9792 err=1 tp=0 tn=47 fp=1 fn=0 pred_pos=0.0208
    diagonal constant-force pressing: n=16 acc=1.0000 err=0 tp=0 tn=16 fp=0 fn=0 pred_pos=0.0000
    static no motion: n=16 acc=1.0000 err=0 tp=0 tn=16 fp=0 fn=0 pred_pos=0.0000
  [val/motion_type]
    non-slip: n=160 acc=0.9500 err=8 tp=0 tn=152 fp=8 fn=0 pred_pos=0.0500
    rotation: n=67 acc=0.9254 err=5 tp=62 tn=0 fp=0 fn=5 pred_pos=0.9254
    translation: n=67 acc=0.9851 err=1 tp=66 tn=0 fp=0 fn=1 pred_pos=0.9851
  [val/session]
    session_018: n=25 acc=0.8000 err=5 tp=9 tn=11 fp=5 fn=0 pred_pos=0.5600
    session_048: n=32 acc=0.8750 err=4 tp=12 tn=16 fp=0 fn=4 pred_pos=0.3750
    session_038: n=33 acc=0.9091 err=3 tp=16 tn=14 fp=2 fn=1 pred_pos=0.5455
    session_033: n=32 acc=0.9688 err=1 tp=15 tn=16 fp=0 fn=1 pred_pos=0.4688
    session_043: n=32 acc=0.9688 err=1 tp=16 tn=15 fp=1 fn=0 pred_pos=0.5312
    session_023: n=32 acc=1.0000 err=0 tp=16 tn=16 fp=0 fn=0 pred_pos=0.5000
    session_028: n=32 acc=1.0000 err=0 tp=16 tn=16 fp=0 fn=0 pred_pos=0.5000
    session_003: n=26 acc=1.0000 err=0 tp=10 tn=16 fp=0 fn=0 pred_pos=0.3846
    session_008: n=25 acc=1.0000 err=0 tp=9 tn=16 fp=0 fn=0 pred_pos=0.3600
    session_012: n=25 acc=1.0000 err=0 tp=9 tn=16 fp=0 fn=0 pred_pos=0.3600
  [val/material]
    plastic: n=101 acc=0.9505 err=5 tp=37 tn=59 fp=5 fn=0 pred_pos=0.4158
    USB cable: n=64 acc=0.9219 err=5 tp=28 tn=31 fp=1 fn=4 pred_pos=0.4531
    soft foam earplug: n=65 acc=0.9385 err=4 tp=31 tn=30 fp=2 fn=2 pred_pos=0.5077
    A4 paper: n=64 acc=1.0000 err=0 tp=32 tn=32 fp=0 fn=0 pred_pos=0.5000
[INFO] epoch 23/40 started
  [train] batch 1/67 loss=0.0010 avg=0.0010 speed=0.30 batch/s
  [train] batch 20/67 loss=0.1231 avg=0.0776 speed=1.16 batch/s
  [train] batch 40/67 loss=0.0034 avg=0.0499 speed=1.16 batch/s
  [train] batch 60/67 loss=0.3469 avg=0.0460 speed=1.16 batch/s
  [train] batch 67/67 loss=0.0010 avg=0.0459 speed=1.21 batch/s
[Epoch 023] loss=0.0459 window=8 train_acc=0.9995 train_balanced_acc=0.9995 val_acc=0.9524 balanced_acc=0.9550 smoothed_balanced_acc=0.9618 f1=0.9496 precision=0.9167 recall=0.9851 pred_pos=0.4898 mean_p=0.4984 mean_p_pos=0.9818 mean_p_neg=0.0935 tp=132 tn=148 fp=12 fn=2 lr=5.00e-04 time=125.7s
  [val/behavior]
    continuous variable-force pressing: n=80 acc=0.9125 err=7 tp=0 tn=73 fp=7 fn=0 pred_pos=0.0875
    constant-force pressing: n=48 acc=0.9375 err=3 tp=0 tn=45 fp=3 fn=0 pred_pos=0.0625
    rotational sliding: n=67 acc=0.9701 err=2 tp=65 tn=0 fp=0 fn=2 pred_pos=0.9701
    diagonal constant-force pressing: n=16 acc=0.8750 err=2 tp=0 tn=14 fp=2 fn=0 pred_pos=0.1250
    translational sliding: n=67 acc=1.0000 err=0 tp=67 tn=0 fp=0 fn=0 pred_pos=1.0000
    static no motion: n=16 acc=1.0000 err=0 tp=0 tn=16 fp=0 fn=0 pred_pos=0.0000
  [val/motion_type]
    non-slip: n=160 acc=0.9250 err=12 tp=0 tn=148 fp=12 fn=0 pred_pos=0.0750
    rotation: n=67 acc=0.9701 err=2 tp=65 tn=0 fp=0 fn=2 pred_pos=0.9701
    translation: n=67 acc=1.0000 err=0 tp=67 tn=0 fp=0 fn=0 pred_pos=1.0000
  [val/session]
    session_038: n=33 acc=0.8788 err=4 tp=16 tn=13 fp=3 fn=1 pred_pos=0.5758
    session_018: n=25 acc=0.8800 err=3 tp=9 tn=13 fp=3 fn=0 pred_pos=0.4800
    session_048: n=32 acc=0.9375 err=2 tp=15 tn=15 fp=1 fn=1 pred_pos=0.5000
    session_008: n=25 acc=0.9200 err=2 tp=9 tn=14 fp=2 fn=0 pred_pos=0.4400
    session_012: n=25 acc=0.9200 err=2 tp=9 tn=14 fp=2 fn=0 pred_pos=0.4400
    session_043: n=32 acc=0.9688 err=1 tp=16 tn=15 fp=1 fn=0 pred_pos=0.5312
    session_023: n=32 acc=1.0000 err=0 tp=16 tn=16 fp=0 fn=0 pred_pos=0.5000
    session_028: n=32 acc=1.0000 err=0 tp=16 tn=16 fp=0 fn=0 pred_pos=0.5000
    session_033: n=32 acc=1.0000 err=0 tp=16 tn=16 fp=0 fn=0 pred_pos=0.5000
    session_003: n=26 acc=1.0000 err=0 tp=10 tn=16 fp=0 fn=0 pred_pos=0.3846
  [val/material]
    plastic: n=101 acc=0.9307 err=7 tp=37 tn=57 fp=7 fn=0 pred_pos=0.4356
    soft foam earplug: n=65 acc=0.9385 err=4 tp=32 tn=29 fp=3 fn=1 pred_pos=0.5385
    USB cable: n=64 acc=0.9531 err=3 tp=31 tn=30 fp=2 fn=1 pred_pos=0.5156
    A4 paper: n=64 acc=1.0000 err=0 tp=32 tn=32 fp=0 fn=0 pred_pos=0.5000
[INFO] epoch 24/40 started
  [train] batch 1/67 loss=0.0106 avg=0.0106 speed=0.33 batch/s
  [train] batch 20/67 loss=0.0010 avg=0.0274 speed=1.10 batch/s
  [train] batch 40/67 loss=0.0281 avg=0.0371 speed=1.12 batch/s
  [train] batch 60/67 loss=0.0148 avg=0.0358 speed=1.13 batch/s
  [train] batch 67/67 loss=0.0049 avg=0.0331 speed=1.19 batch/s
[Epoch 024] loss=0.0331 window=8 train_acc=0.9981 train_balanced_acc=0.9981 val_acc=0.9490 balanced_acc=0.9489 smoothed_balanced_acc=0.9522 f1=0.9442 precision=0.9407 recall=0.9478 pred_pos=0.4592 mean_p=0.4580 mean_p_pos=0.9449 mean_p_neg=0.0503 tp=127 tn=152 fp=8 fn=7 lr=5.00e-04 time=127.4s
  [val/behavior]
    continuous variable-force pressing: n=80 acc=0.9125 err=7 tp=0 tn=73 fp=7 fn=0 pred_pos=0.0875
    translational sliding: n=67 acc=0.9403 err=4 tp=63 tn=0 fp=0 fn=4 pred_pos=0.9403
    rotational sliding: n=67 acc=0.9552 err=3 tp=64 tn=0 fp=0 fn=3 pred_pos=0.9552
    constant-force pressing: n=48 acc=0.9792 err=1 tp=0 tn=47 fp=1 fn=0 pred_pos=0.0208
    diagonal constant-force pressing: n=16 acc=1.0000 err=0 tp=0 tn=16 fp=0 fn=0 pred_pos=0.0000
    static no motion: n=16 acc=1.0000 err=0 tp=0 tn=16 fp=0 fn=0 pred_pos=0.0000
  [val/motion_type]
    non-slip: n=160 acc=0.9500 err=8 tp=0 tn=152 fp=8 fn=0 pred_pos=0.0500
    translation: n=67 acc=0.9403 err=4 tp=63 tn=0 fp=0 fn=4 pred_pos=0.9403
    rotation: n=67 acc=0.9552 err=3 tp=64 tn=0 fp=0 fn=3 pred_pos=0.9552
  [val/session]
    session_038: n=33 acc=0.8182 err=6 tp=15 tn=12 fp=4 fn=2 pred_pos=0.5758
    session_018: n=25 acc=0.8800 err=3 tp=9 tn=13 fp=3 fn=0 pred_pos=0.4800
    session_043: n=32 acc=0.9375 err=2 tp=15 tn=15 fp=1 fn=1 pred_pos=0.5000
    session_033: n=32 acc=0.9688 err=1 tp=15 tn=16 fp=0 fn=1 pred_pos=0.4688
    session_048: n=32 acc=0.9688 err=1 tp=15 tn=16 fp=0 fn=1 pred_pos=0.4688
    session_003: n=26 acc=0.9615 err=1 tp=9 tn=16 fp=0 fn=1 pred_pos=0.3462
    session_008: n=25 acc=0.9600 err=1 tp=8 tn=16 fp=0 fn=1 pred_pos=0.3200
    session_023: n=32 acc=1.0000 err=0 tp=16 tn=16 fp=0 fn=0 pred_pos=0.5000
    session_028: n=32 acc=1.0000 err=0 tp=16 tn=16 fp=0 fn=0 pred_pos=0.5000
    session_012: n=25 acc=1.0000 err=0 tp=9 tn=16 fp=0 fn=0 pred_pos=0.3600
  [val/material]
    soft foam earplug: n=65 acc=0.8923 err=7 tp=30 tn=28 fp=4 fn=3 pred_pos=0.5231
    plastic: n=101 acc=0.9505 err=5 tp=35 tn=61 fp=3 fn=2 pred_pos=0.3762
    USB cable: n=64 acc=0.9531 err=3 tp=30 tn=31 fp=1 fn=2 pred_pos=0.4844
    A4 paper: n=64 acc=1.0000 err=0 tp=32 tn=32 fp=0 fn=0 pred_pos=0.5000
[INFO] epoch 25/40 started
  [train] batch 1/67 loss=0.0373 avg=0.0373 speed=0.26 batch/s
  [train] batch 20/67 loss=0.0875 avg=0.0535 speed=1.11 batch/s
  [train] batch 40/67 loss=0.0341 avg=0.0516 speed=1.12 batch/s
  [train] batch 60/67 loss=0.0818 avg=0.0505 speed=1.14 batch/s
  [train] batch 67/67 loss=0.0007 avg=0.0531 speed=1.14 batch/s
[Epoch 025] loss=0.0531 window=8 train_acc=0.9967 train_balanced_acc=0.9967 val_acc=0.9864 balanced_acc=0.9857 smoothed_balanced_acc=0.9632 f1=0.9850 precision=0.9924 recall=0.9776 pred_pos=0.4490 mean_p=0.4466 mean_p_pos=0.9623 mean_p_neg=0.0147 tp=131 tn=159 fp=1 fn=3 lr=5.00e-04 time=128.1s
  [val/behavior]
    rotational sliding: n=67 acc=0.9552 err=3 tp=64 tn=0 fp=0 fn=3 pred_pos=0.9552
    constant-force pressing: n=48 acc=0.9792 err=1 tp=0 tn=47 fp=1 fn=0 pred_pos=0.0208
    continuous variable-force pressing: n=80 acc=1.0000 err=0 tp=0 tn=80 fp=0 fn=0 pred_pos=0.0000
    translational sliding: n=67 acc=1.0000 err=0 tp=67 tn=0 fp=0 fn=0 pred_pos=1.0000
    diagonal constant-force pressing: n=16 acc=1.0000 err=0 tp=0 tn=16 fp=0 fn=0 pred_pos=0.0000
    static no motion: n=16 acc=1.0000 err=0 tp=0 tn=16 fp=0 fn=0 pred_pos=0.0000
  [val/motion_type]
    rotation: n=67 acc=0.9552 err=3 tp=64 tn=0 fp=0 fn=3 pred_pos=0.9552
    non-slip: n=160 acc=0.9938 err=1 tp=0 tn=159 fp=1 fn=0 pred_pos=0.0063
    translation: n=67 acc=1.0000 err=0 tp=67 tn=0 fp=0 fn=0 pred_pos=1.0000
  [val/session]
    session_048: n=32 acc=0.9375 err=2 tp=14 tn=16 fp=0 fn=2 pred_pos=0.4375
    session_038: n=33 acc=0.9697 err=1 tp=16 tn=16 fp=0 fn=1 pred_pos=0.4848
    session_043: n=32 acc=0.9688 err=1 tp=16 tn=15 fp=1 fn=0 pred_pos=0.5312
    session_023: n=32 acc=1.0000 err=0 tp=16 tn=16 fp=0 fn=0 pred_pos=0.5000
    session_028: n=32 acc=1.0000 err=0 tp=16 tn=16 fp=0 fn=0 pred_pos=0.5000
    session_033: n=32 acc=1.0000 err=0 tp=16 tn=16 fp=0 fn=0 pred_pos=0.5000
    session_003: n=26 acc=1.0000 err=0 tp=10 tn=16 fp=0 fn=0 pred_pos=0.3846
    session_008: n=25 acc=1.0000 err=0 tp=9 tn=16 fp=0 fn=0 pred_pos=0.3600
    session_012: n=25 acc=1.0000 err=0 tp=9 tn=16 fp=0 fn=0 pred_pos=0.3600
    session_018: n=25 acc=1.0000 err=0 tp=9 tn=16 fp=0 fn=0 pred_pos=0.3600
  [val/material]
    USB cable: n=64 acc=0.9531 err=3 tp=30 tn=31 fp=1 fn=2 pred_pos=0.4844
    soft foam earplug: n=65 acc=0.9846 err=1 tp=32 tn=32 fp=0 fn=1 pred_pos=0.4923
    plastic: n=101 acc=1.0000 err=0 tp=37 tn=64 fp=0 fn=0 pred_pos=0.3663
    A4 paper: n=64 acc=1.0000 err=0 tp=32 tn=32 fp=0 fn=0 pred_pos=0.5000
[INFO] epoch 26/40 started
  [train] batch 1/67 loss=0.0042 avg=0.0042 speed=0.28 batch/s
  [train] batch 20/67 loss=0.0010 avg=0.0321 speed=1.22 batch/s
  [train] batch 40/67 loss=0.0015 avg=0.0313 speed=1.22 batch/s
  [train] batch 60/67 loss=0.0003 avg=0.0279 speed=1.21 batch/s
  [train] batch 67/67 loss=0.0040 avg=0.0265 speed=1.25 batch/s
[Epoch 026] loss=0.0265 window=8 train_acc=0.9925 train_balanced_acc=0.9925 val_acc=0.8912 balanced_acc=0.8988 smoothed_balanced_acc=0.9444 f1=0.8919 precision=0.8148 recall=0.9851 pred_pos=0.5510 mean_p=0.5510 mean_p_pos=0.9838 mean_p_neg=0.1886 tp=132 tn=130 fp=30 fn=2 lr=2.50e-04 time=122.7s
  [val/behavior]
    continuous variable-force pressing: n=80 acc=0.8250 err=14 tp=0 tn=66 fp=14 fn=0 pred_pos=0.1750
    diagonal constant-force pressing: n=16 acc=0.1875 err=13 tp=0 tn=3 fp=13 fn=0 pred_pos=0.8125
    constant-force pressing: n=48 acc=0.9583 err=2 tp=0 tn=46 fp=2 fn=0 pred_pos=0.0417
    translational sliding: n=67 acc=0.9851 err=1 tp=66 tn=0 fp=0 fn=1 pred_pos=0.9851
    rotational sliding: n=67 acc=0.9851 err=1 tp=66 tn=0 fp=0 fn=1 pred_pos=0.9851
    static no motion: n=16 acc=0.9375 err=1 tp=0 tn=15 fp=1 fn=0 pred_pos=0.0625
  [val/motion_type]
    non-slip: n=160 acc=0.8125 err=30 tp=0 tn=130 fp=30 fn=0 pred_pos=0.1875
    translation: n=67 acc=0.9851 err=1 tp=66 tn=0 fp=0 fn=1 pred_pos=0.9851
    rotation: n=67 acc=0.9851 err=1 tp=66 tn=0 fp=0 fn=1 pred_pos=0.9851
  [val/session]
    session_012: n=25 acc=0.4800 err=13 tp=9 tn=3 fp=13 fn=0 pred_pos=0.8800
    session_038: n=33 acc=0.7576 err=8 tp=16 tn=9 fp=7 fn=1 pred_pos=0.6970
    session_018: n=25 acc=0.7600 err=6 tp=9 tn=10 fp=6 fn=0 pred_pos=0.6000
    session_023: n=32 acc=0.9688 err=1 tp=16 tn=15 fp=1 fn=0 pred_pos=0.5312
    session_043: n=32 acc=0.9688 err=1 tp=16 tn=15 fp=1 fn=0 pred_pos=0.5312
    session_048: n=32 acc=0.9688 err=1 tp=16 tn=15 fp=1 fn=0 pred_pos=0.5312
    session_003: n=26 acc=0.9615 err=1 tp=9 tn=16 fp=0 fn=1 pred_pos=0.3462
    session_008: n=25 acc=0.9600 err=1 tp=9 tn=15 fp=1 fn=0 pred_pos=0.4000
    session_028: n=32 acc=1.0000 err=0 tp=16 tn=16 fp=0 fn=0 pred_pos=0.5000
    session_033: n=32 acc=1.0000 err=0 tp=16 tn=16 fp=0 fn=0 pred_pos=0.5000
  [val/material]
    plastic: n=101 acc=0.7921 err=21 tp=36 tn=44 fp=20 fn=1 pred_pos=0.5545
    soft foam earplug: n=65 acc=0.8769 err=8 tp=32 tn=25 fp=7 fn=1 pred_pos=0.6000
    USB cable: n=64 acc=0.9688 err=2 tp=32 tn=30 fp=2 fn=0 pred_pos=0.5312
    A4 paper: n=64 acc=0.9844 err=1 tp=32 tn=31 fp=1 fn=0 pred_pos=0.5156
[INFO] epoch 27/40 started
  [train] batch 1/67 loss=0.0018 avg=0.0018 speed=0.28 batch/s
  [train] batch 20/67 loss=0.0732 avg=0.0144 speed=1.17 batch/s
  [train] batch 40/67 loss=0.0366 avg=0.0260 speed=1.21 batch/s
  [train] batch 60/67 loss=0.0068 avg=0.0221 speed=1.19 batch/s
  [train] batch 67/67 loss=0.0002 avg=0.0215 speed=1.23 batch/s
[Epoch 027] loss=0.0215 window=8 train_acc=1.0000 train_balanced_acc=1.0000 val_acc=0.9728 balanced_acc=0.9744 smoothed_balanced_acc=0.9530 f1=0.9708 precision=0.9500 recall=0.9925 pred_pos=0.4762 mean_p=0.4733 mean_p_pos=0.9841 mean_p_neg=0.0456 tp=133 tn=153 fp=7 fn=1 lr=2.50e-04 time=122.6s
  [val/behavior]
    continuous variable-force pressing: n=80 acc=0.9500 err=4 tp=0 tn=76 fp=4 fn=0 pred_pos=0.0500
    constant-force pressing: n=48 acc=0.9583 err=2 tp=0 tn=46 fp=2 fn=0 pred_pos=0.0417
    rotational sliding: n=67 acc=0.9851 err=1 tp=66 tn=0 fp=0 fn=1 pred_pos=0.9851
    diagonal constant-force pressing: n=16 acc=0.9375 err=1 tp=0 tn=15 fp=1 fn=0 pred_pos=0.0625
    translational sliding: n=67 acc=1.0000 err=0 tp=67 tn=0 fp=0 fn=0 pred_pos=1.0000
    static no motion: n=16 acc=1.0000 err=0 tp=0 tn=16 fp=0 fn=0 pred_pos=0.0000
  [val/motion_type]
    non-slip: n=160 acc=0.9563 err=7 tp=0 tn=153 fp=7 fn=0 pred_pos=0.0437
    rotation: n=67 acc=0.9851 err=1 tp=66 tn=0 fp=0 fn=1 pred_pos=0.9851
    translation: n=67 acc=1.0000 err=0 tp=67 tn=0 fp=0 fn=0 pred_pos=1.0000
  [val/session]
    session_018: n=25 acc=0.8800 err=3 tp=9 tn=13 fp=3 fn=0 pred_pos=0.4800
    session_038: n=33 acc=0.9394 err=2 tp=16 tn=15 fp=1 fn=1 pred_pos=0.5152
    session_043: n=32 acc=0.9688 err=1 tp=16 tn=15 fp=1 fn=0 pred_pos=0.5312
    session_008: n=25 acc=0.9600 err=1 tp=9 tn=15 fp=1 fn=0 pred_pos=0.4000
    session_012: n=25 acc=0.9600 err=1 tp=9 tn=15 fp=1 fn=0 pred_pos=0.4000
    session_023: n=32 acc=1.0000 err=0 tp=16 tn=16 fp=0 fn=0 pred_pos=0.5000
    session_028: n=32 acc=1.0000 err=0 tp=16 tn=16 fp=0 fn=0 pred_pos=0.5000
    session_033: n=32 acc=1.0000 err=0 tp=16 tn=16 fp=0 fn=0 pred_pos=0.5000
    session_048: n=32 acc=1.0000 err=0 tp=16 tn=16 fp=0 fn=0 pred_pos=0.5000
    session_003: n=26 acc=1.0000 err=0 tp=10 tn=16 fp=0 fn=0 pred_pos=0.3846
  [val/material]
    plastic: n=101 acc=0.9505 err=5 tp=37 tn=59 fp=5 fn=0 pred_pos=0.4158
    soft foam earplug: n=65 acc=0.9692 err=2 tp=32 tn=31 fp=1 fn=1 pred_pos=0.5077
    USB cable: n=64 acc=0.9844 err=1 tp=32 tn=31 fp=1 fn=0 pred_pos=0.5156
    A4 paper: n=64 acc=1.0000 err=0 tp=32 tn=32 fp=0 fn=0 pred_pos=0.5000
[INFO] epoch 28/40 started
  [train] batch 1/67 loss=0.0012 avg=0.0012 speed=0.28 batch/s
  [train] batch 20/67 loss=0.0027 avg=0.0100 speed=1.17 batch/s
  [train] batch 40/67 loss=0.0512 avg=0.0107 speed=1.19 batch/s
  [train] batch 60/67 loss=0.0005 avg=0.0093 speed=1.20 batch/s
  [train] batch 67/67 loss=0.0012 avg=0.0090 speed=1.21 batch/s
[Epoch 028] loss=0.0090 window=8 train_acc=1.0000 train_balanced_acc=1.0000 val_acc=0.9660 balanced_acc=0.9681 smoothed_balanced_acc=0.9471 f1=0.9638 precision=0.9366 recall=0.9925 pred_pos=0.4830 mean_p=0.4866 mean_p_pos=0.9874 mean_p_neg=0.0671 tp=133 tn=151 fp=9 fn=1 lr=2.50e-04 time=124.4s
  [val/behavior]
    continuous variable-force pressing: n=80 acc=0.9125 err=7 tp=0 tn=73 fp=7 fn=0 pred_pos=0.0875
    rotational sliding: n=67 acc=0.9851 err=1 tp=66 tn=0 fp=0 fn=1 pred_pos=0.9851
    constant-force pressing: n=48 acc=0.9792 err=1 tp=0 tn=47 fp=1 fn=0 pred_pos=0.0208
    diagonal constant-force pressing: n=16 acc=0.9375 err=1 tp=0 tn=15 fp=1 fn=0 pred_pos=0.0625
    translational sliding: n=67 acc=1.0000 err=0 tp=67 tn=0 fp=0 fn=0 pred_pos=1.0000
    static no motion: n=16 acc=1.0000 err=0 tp=0 tn=16 fp=0 fn=0 pred_pos=0.0000
  [val/motion_type]
    non-slip: n=160 acc=0.9437 err=9 tp=0 tn=151 fp=9 fn=0 pred_pos=0.0563
    rotation: n=67 acc=0.9851 err=1 tp=66 tn=0 fp=0 fn=1 pred_pos=0.9851
    translation: n=67 acc=1.0000 err=0 tp=67 tn=0 fp=0 fn=0 pred_pos=1.0000
  [val/session]
    session_038: n=33 acc=0.8485 err=5 tp=16 tn=12 fp=4 fn=1 pred_pos=0.6061
    session_018: n=25 acc=0.8800 err=3 tp=9 tn=13 fp=3 fn=0 pred_pos=0.4800
    session_043: n=32 acc=0.9688 err=1 tp=16 tn=15 fp=1 fn=0 pred_pos=0.5312
    session_012: n=25 acc=0.9600 err=1 tp=9 tn=15 fp=1 fn=0 pred_pos=0.4000
    session_023: n=32 acc=1.0000 err=0 tp=16 tn=16 fp=0 fn=0 pred_pos=0.5000
    session_028: n=32 acc=1.0000 err=0 tp=16 tn=16 fp=0 fn=0 pred_pos=0.5000
    session_033: n=32 acc=1.0000 err=0 tp=16 tn=16 fp=0 fn=0 pred_pos=0.5000
    session_048: n=32 acc=1.0000 err=0 tp=16 tn=16 fp=0 fn=0 pred_pos=0.5000
    session_003: n=26 acc=1.0000 err=0 tp=10 tn=16 fp=0 fn=0 pred_pos=0.3846
    session_008: n=25 acc=1.0000 err=0 tp=9 tn=16 fp=0 fn=0 pred_pos=0.3600
  [val/material]
    soft foam earplug: n=65 acc=0.9231 err=5 tp=32 tn=28 fp=4 fn=1 pred_pos=0.5538
    plastic: n=101 acc=0.9604 err=4 tp=37 tn=60 fp=4 fn=0 pred_pos=0.4059
    USB cable: n=64 acc=0.9844 err=1 tp=32 tn=31 fp=1 fn=0 pred_pos=0.5156
    A4 paper: n=64 acc=1.0000 err=0 tp=32 tn=32 fp=0 fn=0 pred_pos=0.5000
[INFO] epoch 29/40 started
  [train] batch 1/67 loss=0.0026 avg=0.0026 speed=0.30 batch/s
  [train] batch 20/67 loss=0.0004 avg=0.0171 speed=1.06 batch/s
  [train] batch 40/67 loss=0.0001 avg=0.0267 speed=1.08 batch/s
  [train] batch 60/67 loss=0.0003 avg=0.0182 speed=1.09 batch/s
  [train] batch 67/67 loss=0.0001 avg=0.0204 speed=1.14 batch/s
[Epoch 029] loss=0.0204 window=8 train_acc=1.0000 train_balanced_acc=1.0000 val_acc=0.9388 balanced_acc=0.9431 smoothed_balanced_acc=0.9619 f1=0.9366 precision=0.8867 recall=0.9925 pred_pos=0.5102 mean_p=0.5100 mean_p_pos=0.9899 mean_p_neg=0.1081 tp=133 tn=143 fp=17 fn=1 lr=2.50e-04 time=130.8s
  [val/behavior]
    continuous variable-force pressing: n=80 acc=0.8625 err=11 tp=0 tn=69 fp=11 fn=0 pred_pos=0.1375
    diagonal constant-force pressing: n=16 acc=0.7500 err=4 tp=0 tn=12 fp=4 fn=0 pred_pos=0.2500
    constant-force pressing: n=48 acc=0.9583 err=2 tp=0 tn=46 fp=2 fn=0 pred_pos=0.0417
    rotational sliding: n=67 acc=0.9851 err=1 tp=66 tn=0 fp=0 fn=1 pred_pos=0.9851
    translational sliding: n=67 acc=1.0000 err=0 tp=67 tn=0 fp=0 fn=0 pred_pos=1.0000
    static no motion: n=16 acc=1.0000 err=0 tp=0 tn=16 fp=0 fn=0 pred_pos=0.0000
  [val/motion_type]
    non-slip: n=160 acc=0.8938 err=17 tp=0 tn=143 fp=17 fn=0 pred_pos=0.1062
    rotation: n=67 acc=0.9851 err=1 tp=66 tn=0 fp=0 fn=1 pred_pos=0.9851
    translation: n=67 acc=1.0000 err=0 tp=67 tn=0 fp=0 fn=0 pred_pos=1.0000
  [val/session]
    session_018: n=25 acc=0.7200 err=7 tp=9 tn=9 fp=7 fn=0 pred_pos=0.6400
    session_038: n=33 acc=0.8485 err=5 tp=16 tn=12 fp=4 fn=1 pred_pos=0.6061
    session_012: n=25 acc=0.8400 err=4 tp=9 tn=12 fp=4 fn=0 pred_pos=0.5200
    session_043: n=32 acc=0.9688 err=1 tp=16 tn=15 fp=1 fn=0 pred_pos=0.5312
    session_008: n=25 acc=0.9600 err=1 tp=9 tn=15 fp=1 fn=0 pred_pos=0.4000
    session_023: n=32 acc=1.0000 err=0 tp=16 tn=16 fp=0 fn=0 pred_pos=0.5000
    session_028: n=32 acc=1.0000 err=0 tp=16 tn=16 fp=0 fn=0 pred_pos=0.5000
    session_033: n=32 acc=1.0000 err=0 tp=16 tn=16 fp=0 fn=0 pred_pos=0.5000
    session_048: n=32 acc=1.0000 err=0 tp=16 tn=16 fp=0 fn=0 pred_pos=0.5000
    session_003: n=26 acc=1.0000 err=0 tp=10 tn=16 fp=0 fn=0 pred_pos=0.3846
  [val/material]
    plastic: n=101 acc=0.8812 err=12 tp=37 tn=52 fp=12 fn=0 pred_pos=0.4851
    soft foam earplug: n=65 acc=0.9231 err=5 tp=32 tn=28 fp=4 fn=1 pred_pos=0.5538
    USB cable: n=64 acc=0.9844 err=1 tp=32 tn=31 fp=1 fn=0 pred_pos=0.5156
    A4 paper: n=64 acc=1.0000 err=0 tp=32 tn=32 fp=0 fn=0 pred_pos=0.5000
[INFO] epoch 30/40 started
  [train] batch 1/67 loss=0.0002 avg=0.0002 speed=0.30 batch/s
  [train] batch 20/67 loss=0.0179 avg=0.0093 speed=1.08 batch/s
  [train] batch 40/67 loss=0.0001 avg=0.0100 speed=1.09 batch/s
  [train] batch 60/67 loss=0.0003 avg=0.0081 speed=1.10 batch/s
  [train] batch 67/67 loss=0.0003 avg=0.0494 speed=1.15 batch/s
[Epoch 030] loss=0.0494 window=8 train_acc=1.0000 train_balanced_acc=1.0000 val_acc=0.9490 balanced_acc=0.9507 smoothed_balanced_acc=0.9540 f1=0.9455 precision=0.9220 recall=0.9701 pred_pos=0.4796 mean_p=0.4818 mean_p_pos=0.9719 mean_p_neg=0.0714 tp=130 tn=149 fp=11 fn=4 lr=1.25e-04 time=129.2s
  [val/behavior]
    continuous variable-force pressing: n=80 acc=0.9000 err=8 tp=0 tn=72 fp=8 fn=0 pred_pos=0.1000
    rotational sliding: n=67 acc=0.9403 err=4 tp=63 tn=0 fp=0 fn=4 pred_pos=0.9403
    diagonal constant-force pressing: n=16 acc=0.8750 err=2 tp=0 tn=14 fp=2 fn=0 pred_pos=0.1250
    constant-force pressing: n=48 acc=0.9792 err=1 tp=0 tn=47 fp=1 fn=0 pred_pos=0.0208
    translational sliding: n=67 acc=1.0000 err=0 tp=67 tn=0 fp=0 fn=0 pred_pos=1.0000
    static no motion: n=16 acc=1.0000 err=0 tp=0 tn=16 fp=0 fn=0 pred_pos=0.0000
  [val/motion_type]
    non-slip: n=160 acc=0.9313 err=11 tp=0 tn=149 fp=11 fn=0 pred_pos=0.0688
    rotation: n=67 acc=0.9403 err=4 tp=63 tn=0 fp=0 fn=4 pred_pos=0.9403
    translation: n=67 acc=1.0000 err=0 tp=67 tn=0 fp=0 fn=0 pred_pos=1.0000
  [val/session]
    session_038: n=33 acc=0.8182 err=6 tp=16 tn=11 fp=5 fn=1 pred_pos=0.6364
    session_048: n=32 acc=0.9062 err=3 tp=13 tn=16 fp=0 fn=3 pred_pos=0.4062
    session_018: n=25 acc=0.8800 err=3 tp=9 tn=13 fp=3 fn=0 pred_pos=0.4800
    session_012: n=25 acc=0.9200 err=2 tp=9 tn=14 fp=2 fn=0 pred_pos=0.4400
    session_043: n=32 acc=0.9688 err=1 tp=16 tn=15 fp=1 fn=0 pred_pos=0.5312
    session_023: n=32 acc=1.0000 err=0 tp=16 tn=16 fp=0 fn=0 pred_pos=0.5000
    session_028: n=32 acc=1.0000 err=0 tp=16 tn=16 fp=0 fn=0 pred_pos=0.5000
    session_033: n=32 acc=1.0000 err=0 tp=16 tn=16 fp=0 fn=0 pred_pos=0.5000
    session_003: n=26 acc=1.0000 err=0 tp=10 tn=16 fp=0 fn=0 pred_pos=0.3846
    session_008: n=25 acc=1.0000 err=0 tp=9 tn=16 fp=0 fn=0 pred_pos=0.3600
  [val/material]
    soft foam earplug: n=65 acc=0.9077 err=6 tp=32 tn=27 fp=5 fn=1 pred_pos=0.5692
    plastic: n=101 acc=0.9505 err=5 tp=37 tn=59 fp=5 fn=0 pred_pos=0.4158
    USB cable: n=64 acc=0.9375 err=4 tp=29 tn=31 fp=1 fn=3 pred_pos=0.4688
    A4 paper: n=64 acc=1.0000 err=0 tp=32 tn=32 fp=0 fn=0 pred_pos=0.5000
[EARLY-STOP] no smoothed_balanced_acc improvement for 8 epochs, stopping at epoch 30
