[INFO] device=cuda
[INFO] loading train dataset: data/raw_cnn/cv_multi_material_49/fold_00_train.csv
[INFO] train samples=1884 window=8 input_mode=refdiff norm=batch size=320x180
[INFO] loading val dataset: data/raw_cnn/cv_multi_material_49/fold_00_val.csv
[INFO] val samples=548
[INFO] epoch 1/40 started
  [train] batch 1/59 loss=0.6899 avg=0.6899 speed=0.16 batch/s
  [train] batch 20/59 loss=0.6013 avg=0.6237 speed=0.98 batch/s
  [train] batch 40/59 loss=0.3670 avg=0.5591 speed=1.03 batch/s
  [train] batch 59/59 loss=0.4591 avg=0.5251 speed=1.05 batch/s
[BEST] epoch=1 smoothed_balanced_acc=0.5221 saved
[Epoch 001] loss=0.5251 window=8 train_acc=0.5212 train_balanced_acc=0.5156 val_acc=0.5255 balanced_acc=0.5221 smoothed_balanced_acc=0.5221 f1=0.0845 precision=1.0000 recall=0.0441 pred_pos=0.0219 mean_p=0.0735 mean_p_pos=0.1177 mean_p_neg=0.0300 tp=12 tn=276 fp=0 fn=260 lr=1.00e-03 time=124.0s
  [val/behavior]
    rotational sliding: n=136 acc=0.0000 err=136 tp=0 tn=0 fp=0 fn=136 pred_pos=0.0000
    translational sliding: n=136 acc=0.0882 err=124 tp=12 tn=0 fp=0 fn=124 pred_pos=0.0882
    continuous variable-force pressing: n=141 acc=1.0000 err=0 tp=0 tn=141 fp=0 fn=0 pred_pos=0.0000
    constant-force pressing: n=83 acc=1.0000 err=0 tp=0 tn=83 fp=0 fn=0 pred_pos=0.0000
    static no motion: n=29 acc=1.0000 err=0 tp=0 tn=29 fp=0 fn=0 pred_pos=0.0000
    diagonal constant-force pressing: n=23 acc=1.0000 err=0 tp=0 tn=23 fp=0 fn=0 pred_pos=0.0000
  [val/motion_type]
    rotation: n=136 acc=0.0000 err=136 tp=0 tn=0 fp=0 fn=136 pred_pos=0.0000
    translation: n=136 acc=0.0882 err=124 tp=12 tn=0 fp=0 fn=124 pred_pos=0.0882
    non-slip: n=276 acc=1.0000 err=0 tp=0 tn=276 fp=0 fn=0 pred_pos=0.0000
  [val/session]
    session_021: n=62 acc=0.4677 err=33 tp=0 tn=29 fp=0 fn=33 pred_pos=0.0000
    session_046: n=62 acc=0.4677 err=33 tp=0 tn=29 fp=0 fn=33 pred_pos=0.0000
    session_041: n=60 acc=0.4500 err=33 tp=0 tn=27 fp=0 fn=33 pred_pos=0.0000
    session_036: n=59 acc=0.4407 err=33 tp=0 tn=26 fp=0 fn=33 pred_pos=0.0000
    session_026: n=60 acc=0.4667 err=32 tp=0 tn=28 fp=0 fn=32 pred_pos=0.0000
    session_031: n=57 acc=0.4737 err=30 tp=1 tn=26 fp=0 fn=30 pred_pos=0.0175
    session_016: n=48 acc=0.6042 err=19 tp=0 tn=29 fp=0 fn=19 pred_pos=0.0000
    session_011: n=42 acc=0.5476 err=19 tp=0 tn=23 fp=0 fn=19 pred_pos=0.0000
    session_006: n=50 acc=0.6800 err=16 tp=4 tn=30 fp=0 fn=16 pred_pos=0.0800
    session_001: n=48 acc=0.7500 err=12 tp=7 tn=29 fp=0 fn=12 pred_pos=0.1458
  [val/material]
    plastic: n=188 acc=0.6489 err=66 tp=11 tn=111 fp=0 fn=66 pred_pos=0.0585
    USB cable: n=122 acc=0.4590 err=66 tp=0 tn=56 fp=0 fn=66 pred_pos=0.0000
    A4 paper: n=122 acc=0.4672 err=65 tp=0 tn=57 fp=0 fn=65 pred_pos=0.0000
    soft foam earplug: n=116 acc=0.4569 err=63 tp=1 tn=52 fp=0 fn=63 pred_pos=0.0086
[INFO] epoch 2/40 started
  [train] batch 1/59 loss=0.2122 avg=0.2122 speed=0.28 batch/s
  [train] batch 20/59 loss=0.6006 avg=0.4118 speed=1.12 batch/s
  [train] batch 40/59 loss=0.3487 avg=0.3971 speed=1.11 batch/s
  [train] batch 59/59 loss=0.4248 avg=0.3955 speed=1.16 batch/s
[BEST] epoch=2 smoothed_balanced_acc=0.5862 saved
[Epoch 002] loss=0.3955 window=8 train_acc=0.6492 train_balanced_acc=0.6531 val_acc=0.6478 balanced_acc=0.6503 smoothed_balanced_acc=0.5862 f1=0.7374 precision=0.5853 recall=0.9963 pred_pos=0.8449 mean_p=0.7748 mean_p_pos=0.9523 mean_p_neg=0.5999 tp=271 tn=84 fp=192 fn=1 lr=1.00e-03 time=114.6s
  [val/behavior]
    continuous variable-force pressing: n=141 acc=0.2908 err=100 tp=0 tn=41 fp=100 fn=0 pred_pos=0.7092
    constant-force pressing: n=83 acc=0.5181 err=40 tp=0 tn=43 fp=40 fn=0 pred_pos=0.4819
    static no motion: n=29 acc=0.0000 err=29 tp=0 tn=0 fp=29 fn=0 pred_pos=1.0000
    diagonal constant-force pressing: n=23 acc=0.0000 err=23 tp=0 tn=0 fp=23 fn=0 pred_pos=1.0000
    rotational sliding: n=136 acc=0.9926 err=1 tp=135 tn=0 fp=0 fn=1 pred_pos=0.9926
    translational sliding: n=136 acc=1.0000 err=0 tp=136 tn=0 fp=0 fn=0 pred_pos=1.0000
  [val/motion_type]
    non-slip: n=276 acc=0.3043 err=192 tp=0 tn=84 fp=192 fn=0 pred_pos=0.6957
    rotation: n=136 acc=0.9926 err=1 tp=135 tn=0 fp=0 fn=1 pred_pos=0.9926
    translation: n=136 acc=1.0000 err=0 tp=136 tn=0 fp=0 fn=0 pred_pos=1.0000
  [val/session]
    session_021: n=62 acc=0.5323 err=29 tp=33 tn=0 fp=29 fn=0 pred_pos=1.0000
    session_041: n=60 acc=0.5500 err=27 tp=33 tn=0 fp=27 fn=0 pred_pos=1.0000
    session_026: n=60 acc=0.5500 err=27 tp=32 tn=1 fp=27 fn=0 pred_pos=0.9833
    session_011: n=42 acc=0.4286 err=24 tp=18 tn=0 fp=23 fn=1 pred_pos=0.9762
    session_046: n=62 acc=0.6290 err=23 tp=33 tn=6 fp=23 fn=0 pred_pos=0.9032
    session_016: n=48 acc=0.5417 err=22 tp=19 tn=7 fp=22 fn=0 pred_pos=0.8542
    session_036: n=59 acc=0.7119 err=17 tp=33 tn=9 fp=17 fn=0 pred_pos=0.8475
    session_031: n=57 acc=0.7895 err=12 tp=31 tn=14 fp=12 fn=0 pred_pos=0.7544
    session_001: n=48 acc=0.7708 err=11 tp=19 tn=18 fp=11 fn=0 pred_pos=0.6250
    session_006: n=50 acc=0.9800 err=1 tp=20 tn=29 fp=1 fn=0 pred_pos=0.4200
  [val/material]
    plastic: n=188 acc=0.6915 err=58 tp=76 tn=54 fp=57 fn=1 pred_pos=0.7074
    A4 paper: n=122 acc=0.5410 err=56 tp=65 tn=1 fp=56 fn=0 pred_pos=0.9918
    USB cable: n=122 acc=0.5902 err=50 tp=66 tn=6 fp=50 fn=0 pred_pos=0.9508
    soft foam earplug: n=116 acc=0.7500 err=29 tp=64 tn=23 fp=29 fn=0 pred_pos=0.8017
[INFO] epoch 3/40 started
  [train] batch 1/59 loss=0.3259 avg=0.3259 speed=0.28 batch/s
  [train] batch 20/59 loss=0.2515 avg=0.3758 speed=1.15 batch/s
  [train] batch 40/59 loss=0.3704 avg=0.3681 speed=1.13 batch/s
  [train] batch 59/59 loss=0.4742 avg=0.3615 speed=1.16 batch/s
[BEST] epoch=3 smoothed_balanced_acc=0.6558 saved
[Epoch 003] loss=0.3615 window=8 train_acc=0.7818 train_balanced_acc=0.7795 val_acc=0.7956 balanced_acc=0.7949 smoothed_balanced_acc=0.6558 f1=0.7705 precision=0.8704 recall=0.6912 pred_pos=0.3942 mean_p=0.3866 mean_p_pos=0.6723 mean_p_neg=0.1050 tp=188 tn=248 fp=28 fn=84 lr=1.00e-03 time=116.8s
  [val/behavior]
    rotational sliding: n=136 acc=0.3897 err=83 tp=53 tn=0 fp=0 fn=83 pred_pos=0.3897
    diagonal constant-force pressing: n=23 acc=0.0000 err=23 tp=0 tn=0 fp=23 fn=0 pred_pos=1.0000
    continuous variable-force pressing: n=141 acc=0.9645 err=5 tp=0 tn=136 fp=5 fn=0 pred_pos=0.0355
    translational sliding: n=136 acc=0.9926 err=1 tp=135 tn=0 fp=0 fn=1 pred_pos=0.9926
    constant-force pressing: n=83 acc=1.0000 err=0 tp=0 tn=83 fp=0 fn=0 pred_pos=0.0000
    static no motion: n=29 acc=1.0000 err=0 tp=0 tn=29 fp=0 fn=0 pred_pos=0.0000
  [val/motion_type]
    rotation: n=136 acc=0.3897 err=83 tp=53 tn=0 fp=0 fn=83 pred_pos=0.3897
    non-slip: n=276 acc=0.8986 err=28 tp=0 tn=248 fp=28 fn=0 pred_pos=0.1014
    translation: n=136 acc=0.9926 err=1 tp=135 tn=0 fp=0 fn=1 pred_pos=0.9926
  [val/session]
    session_011: n=42 acc=0.0000 err=42 tp=0 tn=0 fp=23 fn=19 pred_pos=0.5476
    session_046: n=62 acc=0.5806 err=26 tp=7 tn=29 fp=0 fn=26 pred_pos=0.1129
    session_016: n=48 acc=0.6042 err=19 tp=0 tn=29 fp=0 fn=19 pred_pos=0.0000
    session_036: n=59 acc=0.7797 err=13 tp=24 tn=22 fp=4 fn=9 pred_pos=0.4746
    session_026: n=60 acc=0.8167 err=11 tp=22 tn=27 fp=1 fn=10 pred_pos=0.3833
    session_041: n=60 acc=0.9833 err=1 tp=32 tn=27 fp=0 fn=1 pred_pos=0.5333
    session_021: n=62 acc=1.0000 err=0 tp=33 tn=29 fp=0 fn=0 pred_pos=0.5323
    session_031: n=57 acc=1.0000 err=0 tp=31 tn=26 fp=0 fn=0 pred_pos=0.5439
    session_006: n=50 acc=1.0000 err=0 tp=20 tn=30 fp=0 fn=0 pred_pos=0.4000
    session_001: n=48 acc=1.0000 err=0 tp=19 tn=29 fp=0 fn=0 pred_pos=0.3958
  [val/material]
    plastic: n=188 acc=0.6755 err=61 tp=39 tn=88 fp=23 fn=38 pred_pos=0.3298
    USB cable: n=122 acc=0.7787 err=27 tp=39 tn=56 fp=0 fn=27 pred_pos=0.3197
    soft foam earplug: n=116 acc=0.8879 err=13 tp=55 tn=48 fp=4 fn=9 pred_pos=0.5086
    A4 paper: n=122 acc=0.9098 err=11 tp=55 tn=56 fp=1 fn=10 pred_pos=0.4590
[INFO] epoch 4/40 started
  [train] batch 1/59 loss=0.3256 avg=0.3256 speed=0.29 batch/s
  [train] batch 20/59 loss=0.1475 avg=0.3518 speed=1.12 batch/s
  [train] batch 40/59 loss=0.5785 avg=0.3450 speed=1.17 batch/s
  [train] batch 59/59 loss=0.2257 avg=0.3271 speed=1.18 batch/s
[BEST] epoch=4 smoothed_balanced_acc=0.7215 saved
[Epoch 004] loss=0.3271 window=8 train_acc=0.7261 train_balanced_acc=0.7292 val_acc=0.7172 balanced_acc=0.7192 smoothed_balanced_acc=0.7215 f1=0.7776 precision=0.6376 recall=0.9963 pred_pos=0.7755 mean_p=0.7259 mean_p_pos=0.9508 mean_p_neg=0.5042 tp=271 tn=122 fp=154 fn=1 lr=1.00e-03 time=113.3s
  [val/behavior]
    continuous variable-force pressing: n=141 acc=0.4539 err=77 tp=0 tn=64 fp=77 fn=0 pred_pos=0.5461
    constant-force pressing: n=83 acc=0.6506 err=29 tp=0 tn=54 fp=29 fn=0 pred_pos=0.3494
    static no motion: n=29 acc=0.1379 err=25 tp=0 tn=4 fp=25 fn=0 pred_pos=0.8621
    diagonal constant-force pressing: n=23 acc=0.0000 err=23 tp=0 tn=0 fp=23 fn=0 pred_pos=1.0000
    rotational sliding: n=136 acc=0.9926 err=1 tp=135 tn=0 fp=0 fn=1 pred_pos=0.9926
    translational sliding: n=136 acc=1.0000 err=0 tp=136 tn=0 fp=0 fn=0 pred_pos=1.0000
  [val/motion_type]
    non-slip: n=276 acc=0.4420 err=154 tp=0 tn=122 fp=154 fn=0 pred_pos=0.5580
    rotation: n=136 acc=0.9926 err=1 tp=135 tn=0 fp=0 fn=1 pred_pos=0.9926
    translation: n=136 acc=1.0000 err=0 tp=136 tn=0 fp=0 fn=0 pred_pos=1.0000
  [val/session]
    session_026: n=60 acc=0.5667 err=26 tp=32 tn=2 fp=26 fn=0 pred_pos=0.9667
    session_021: n=62 acc=0.5968 err=25 tp=33 tn=4 fp=25 fn=0 pred_pos=0.9355
    session_011: n=42 acc=0.4524 err=23 tp=19 tn=0 fp=23 fn=0 pred_pos=1.0000
    session_046: n=62 acc=0.6613 err=21 tp=33 tn=8 fp=21 fn=0 pred_pos=0.8710
    session_041: n=60 acc=0.6667 err=20 tp=33 tn=7 fp=20 fn=0 pred_pos=0.8833
    session_036: n=59 acc=0.7119 err=17 tp=33 tn=9 fp=17 fn=0 pred_pos=0.8475
    session_016: n=48 acc=0.7708 err=11 tp=18 tn=19 fp=10 fn=1 pred_pos=0.5833
    session_031: n=57 acc=0.8421 err=9 tp=31 tn=17 fp=9 fn=0 pred_pos=0.7018
    session_001: n=48 acc=0.9375 err=3 tp=19 tn=26 fp=3 fn=0 pred_pos=0.4583
    session_006: n=50 acc=1.0000 err=0 tp=20 tn=30 fp=0 fn=0 pred_pos=0.4000
  [val/material]
    A4 paper: n=122 acc=0.5820 err=51 tp=65 tn=6 fp=51 fn=0 pred_pos=0.9508
    USB cable: n=122 acc=0.6639 err=41 tp=66 tn=15 fp=41 fn=0 pred_pos=0.8770
    plastic: n=188 acc=0.8032 err=37 tp=76 tn=75 fp=36 fn=1 pred_pos=0.5957
    soft foam earplug: n=116 acc=0.7759 err=26 tp=64 tn=26 fp=26 fn=0 pred_pos=0.7759
[INFO] epoch 5/40 started
  [train] batch 1/59 loss=0.2998 avg=0.2998 speed=0.27 batch/s
  [train] batch 20/59 loss=0.2193 avg=0.2839 speed=1.12 batch/s
  [train] batch 40/59 loss=0.5824 avg=0.2791 speed=1.11 batch/s
  [train] batch 59/59 loss=0.2614 avg=0.2887 speed=1.18 batch/s
[BEST] epoch=5 smoothed_balanced_acc=0.7968 saved
[Epoch 005] loss=0.2887 window=8 train_acc=0.9124 train_balanced_acc=0.9131 val_acc=0.8759 balanced_acc=0.8764 smoothed_balanced_acc=0.7968 f1=0.8836 precision=0.8269 recall=0.9485 pred_pos=0.5693 mean_p=0.5672 mean_p_pos=0.9212 mean_p_neg=0.2182 tp=258 tn=222 fp=54 fn=14 lr=1.00e-03 time=112.3s
  [val/behavior]
    continuous variable-force pressing: n=141 acc=0.7660 err=33 tp=0 tn=108 fp=33 fn=0 pred_pos=0.2340
    diagonal constant-force pressing: n=23 acc=0.0870 err=21 tp=0 tn=2 fp=21 fn=0 pred_pos=0.9130
    rotational sliding: n=136 acc=0.8971 err=14 tp=122 tn=0 fp=0 fn=14 pred_pos=0.8971
    translational sliding: n=136 acc=1.0000 err=0 tp=136 tn=0 fp=0 fn=0 pred_pos=1.0000
    constant-force pressing: n=83 acc=1.0000 err=0 tp=0 tn=83 fp=0 fn=0 pred_pos=0.0000
    static no motion: n=29 acc=1.0000 err=0 tp=0 tn=29 fp=0 fn=0 pred_pos=0.0000
  [val/motion_type]
    non-slip: n=276 acc=0.8043 err=54 tp=0 tn=222 fp=54 fn=0 pred_pos=0.1957
    rotation: n=136 acc=0.8971 err=14 tp=122 tn=0 fp=0 fn=14 pred_pos=0.8971
    translation: n=136 acc=1.0000 err=0 tp=136 tn=0 fp=0 fn=0 pred_pos=1.0000
  [val/session]
    session_011: n=42 acc=0.2857 err=30 tp=10 tn=2 fp=21 fn=9 pred_pos=0.7381
    session_026: n=60 acc=0.7667 err=14 tp=32 tn=14 fp=14 fn=0 pred_pos=0.7667
    session_046: n=62 acc=0.8548 err=9 tp=33 tn=20 fp=9 fn=0 pred_pos=0.6774
    session_036: n=59 acc=0.8644 err=8 tp=33 tn=18 fp=8 fn=0 pred_pos=0.6949
    session_016: n=48 acc=0.8750 err=6 tp=14 tn=28 fp=1 fn=5 pred_pos=0.3125
    session_001: n=48 acc=0.9792 err=1 tp=19 tn=28 fp=1 fn=0 pred_pos=0.4167
    session_021: n=62 acc=1.0000 err=0 tp=33 tn=29 fp=0 fn=0 pred_pos=0.5323
    session_041: n=60 acc=1.0000 err=0 tp=33 tn=27 fp=0 fn=0 pred_pos=0.5500
    session_031: n=57 acc=1.0000 err=0 tp=31 tn=26 fp=0 fn=0 pred_pos=0.5439
    session_006: n=50 acc=1.0000 err=0 tp=20 tn=30 fp=0 fn=0 pred_pos=0.4000
  [val/material]
    plastic: n=188 acc=0.8032 err=37 tp=63 tn=88 fp=23 fn=14 pred_pos=0.4574
    A4 paper: n=122 acc=0.8852 err=14 tp=65 tn=43 fp=14 fn=0 pred_pos=0.6475
    USB cable: n=122 acc=0.9262 err=9 tp=66 tn=47 fp=9 fn=0 pred_pos=0.6148
    soft foam earplug: n=116 acc=0.9310 err=8 tp=64 tn=44 fp=8 fn=0 pred_pos=0.6207
[INFO] epoch 6/40 started
  [train] batch 1/59 loss=0.0842 avg=0.0842 speed=0.30 batch/s
  [train] batch 20/59 loss=0.1524 avg=0.2353 speed=1.15 batch/s
  [train] batch 40/59 loss=0.4439 avg=0.2428 speed=1.13 batch/s
  [train] batch 59/59 loss=0.3684 avg=0.2403 speed=1.12 batch/s
[BEST] epoch=6 smoothed_balanced_acc=0.8048 saved
[Epoch 006] loss=0.2403 window=8 train_acc=0.8153 train_balanced_acc=0.8172 val_acc=0.8175 balanced_acc=0.8188 smoothed_balanced_acc=0.8048 f1=0.8438 precision=0.7337 recall=0.9926 pred_pos=0.6715 mean_p=0.6840 mean_p_pos=0.9834 mean_p_neg=0.3889 tp=270 tn=178 fp=98 fn=2 lr=1.00e-03 time=115.4s
  [val/behavior]
    continuous variable-force pressing: n=141 acc=0.5532 err=63 tp=0 tn=78 fp=63 fn=0 pred_pos=0.4468
    diagonal constant-force pressing: n=23 acc=0.0000 err=23 tp=0 tn=0 fp=23 fn=0 pred_pos=1.0000
    constant-force pressing: n=83 acc=0.9157 err=7 tp=0 tn=76 fp=7 fn=0 pred_pos=0.0843
    static no motion: n=29 acc=0.8276 err=5 tp=0 tn=24 fp=5 fn=0 pred_pos=0.1724
    rotational sliding: n=136 acc=0.9853 err=2 tp=134 tn=0 fp=0 fn=2 pred_pos=0.9853
    translational sliding: n=136 acc=1.0000 err=0 tp=136 tn=0 fp=0 fn=0 pred_pos=1.0000
  [val/motion_type]
    non-slip: n=276 acc=0.6449 err=98 tp=0 tn=178 fp=98 fn=0 pred_pos=0.3551
    rotation: n=136 acc=0.9853 err=2 tp=134 tn=0 fp=0 fn=2 pred_pos=0.9853
    translation: n=136 acc=1.0000 err=0 tp=136 tn=0 fp=0 fn=0 pred_pos=1.0000
  [val/session]
    session_011: n=42 acc=0.4524 err=23 tp=19 tn=0 fp=23 fn=0 pred_pos=1.0000
    session_046: n=62 acc=0.6452 err=22 tp=33 tn=7 fp=22 fn=0 pred_pos=0.8871
    session_026: n=60 acc=0.6500 err=21 tp=32 tn=7 fp=21 fn=0 pred_pos=0.8833
    session_036: n=59 acc=0.7288 err=16 tp=33 tn=10 fp=16 fn=0 pred_pos=0.8305
    session_021: n=62 acc=0.9194 err=5 tp=33 tn=24 fp=5 fn=0 pred_pos=0.6129
    session_031: n=57 acc=0.9123 err=5 tp=31 tn=21 fp=5 fn=0 pred_pos=0.6316
    session_016: n=48 acc=0.8958 err=5 tp=17 tn=26 fp=3 fn=2 pred_pos=0.4167
    session_041: n=60 acc=0.9667 err=2 tp=33 tn=25 fp=2 fn=0 pred_pos=0.5833
    session_001: n=48 acc=0.9792 err=1 tp=19 tn=28 fp=1 fn=0 pred_pos=0.4167
    session_006: n=50 acc=1.0000 err=0 tp=20 tn=30 fp=0 fn=0 pred_pos=0.4000
  [val/material]
    plastic: n=188 acc=0.8457 err=29 tp=75 tn=84 fp=27 fn=2 pred_pos=0.5426
    A4 paper: n=122 acc=0.7869 err=26 tp=65 tn=31 fp=26 fn=0 pred_pos=0.7459
    USB cable: n=122 acc=0.8033 err=24 tp=66 tn=32 fp=24 fn=0 pred_pos=0.7377
    soft foam earplug: n=116 acc=0.8190 err=21 tp=64 tn=31 fp=21 fn=0 pred_pos=0.7328
[INFO] epoch 7/40 started
  [train] batch 1/59 loss=0.1031 avg=0.1031 speed=0.30 batch/s
  [train] batch 20/59 loss=0.0556 avg=0.1725 speed=1.15 batch/s
  [train] batch 40/59 loss=0.3414 avg=0.2302 speed=1.13 batch/s
  [train] batch 59/59 loss=0.1403 avg=0.2252 speed=1.15 batch/s
[BEST] epoch=7 smoothed_balanced_acc=0.8687 saved
[Epoch 007] loss=0.2252 window=8 train_acc=0.9406 train_balanced_acc=0.9408 val_acc=0.9106 balanced_acc=0.9108 smoothed_balanced_acc=0.8687 f1=0.9127 precision=0.8858 recall=0.9412 pred_pos=0.5274 mean_p=0.5386 mean_p_pos=0.9157 mean_p_neg=0.1669 tp=256 tn=243 fp=33 fn=16 lr=1.00e-03 time=113.4s
  [val/behavior]
    continuous variable-force pressing: n=141 acc=0.7943 err=29 tp=0 tn=112 fp=29 fn=0 pred_pos=0.2057
    rotational sliding: n=136 acc=0.8824 err=16 tp=120 tn=0 fp=0 fn=16 pred_pos=0.8824
    diagonal constant-force pressing: n=23 acc=0.8261 err=4 tp=0 tn=19 fp=4 fn=0 pred_pos=0.1739
    translational sliding: n=136 acc=1.0000 err=0 tp=136 tn=0 fp=0 fn=0 pred_pos=1.0000
    constant-force pressing: n=83 acc=1.0000 err=0 tp=0 tn=83 fp=0 fn=0 pred_pos=0.0000
    static no motion: n=29 acc=1.0000 err=0 tp=0 tn=29 fp=0 fn=0 pred_pos=0.0000
  [val/motion_type]
    non-slip: n=276 acc=0.8804 err=33 tp=0 tn=243 fp=33 fn=0 pred_pos=0.1196
    rotation: n=136 acc=0.8824 err=16 tp=120 tn=0 fp=0 fn=16 pred_pos=0.8824
    translation: n=136 acc=1.0000 err=0 tp=136 tn=0 fp=0 fn=0 pred_pos=1.0000
  [val/session]
    session_026: n=60 acc=0.7167 err=17 tp=32 tn=11 fp=17 fn=0 pred_pos=0.8167
    session_011: n=42 acc=0.6905 err=13 tp=10 tn=19 fp=4 fn=9 pred_pos=0.3333
    session_046: n=62 acc=0.8548 err=9 tp=30 tn=23 fp=6 fn=3 pred_pos=0.5806
    session_036: n=59 acc=0.8814 err=7 tp=32 tn=20 fp=6 fn=1 pred_pos=0.6441
    session_016: n=48 acc=0.9375 err=3 tp=16 tn=29 fp=0 fn=3 pred_pos=0.3333
    session_021: n=62 acc=1.0000 err=0 tp=33 tn=29 fp=0 fn=0 pred_pos=0.5323
    session_041: n=60 acc=1.0000 err=0 tp=33 tn=27 fp=0 fn=0 pred_pos=0.5500
    session_031: n=57 acc=1.0000 err=0 tp=31 tn=26 fp=0 fn=0 pred_pos=0.5439
    session_006: n=50 acc=1.0000 err=0 tp=20 tn=30 fp=0 fn=0 pred_pos=0.4000
    session_001: n=48 acc=1.0000 err=0 tp=19 tn=29 fp=0 fn=0 pred_pos=0.3958
  [val/material]
    A4 paper: n=122 acc=0.8607 err=17 tp=65 tn=40 fp=17 fn=0 pred_pos=0.6721
    plastic: n=188 acc=0.9149 err=16 tp=65 tn=107 fp=4 fn=12 pred_pos=0.3670
    USB cable: n=122 acc=0.9262 err=9 tp=63 tn=50 fp=6 fn=3 pred_pos=0.5656
    soft foam earplug: n=116 acc=0.9397 err=7 tp=63 tn=46 fp=6 fn=1 pred_pos=0.5948
[INFO] epoch 8/40 started
  [train] batch 1/59 loss=0.2632 avg=0.2632 speed=0.28 batch/s
  [train] batch 20/59 loss=0.2450 avg=0.1760 speed=1.22 batch/s
  [train] batch 40/59 loss=0.2672 avg=0.2018 speed=1.22 batch/s
  [train] batch 59/59 loss=0.1463 avg=0.1861 speed=1.20 batch/s
[Epoch 008] loss=0.1861 window=8 train_acc=0.9018 train_balanced_acc=0.9028 val_acc=0.8595 balanced_acc=0.8603 smoothed_balanced_acc=0.8633 f1=0.8727 precision=0.7928 recall=0.9706 pred_pos=0.6077 mean_p=0.6199 mean_p_pos=0.9582 mean_p_neg=0.2864 tp=264 tn=207 fp=69 fn=8 lr=1.00e-03 time=112.0s
  [val/behavior]
    continuous variable-force pressing: n=141 acc=0.6809 err=45 tp=0 tn=96 fp=45 fn=0 pred_pos=0.3191
    diagonal constant-force pressing: n=23 acc=0.0000 err=23 tp=0 tn=0 fp=23 fn=0 pred_pos=1.0000
    rotational sliding: n=136 acc=0.9412 err=8 tp=128 tn=0 fp=0 fn=8 pred_pos=0.9412
    constant-force pressing: n=83 acc=0.9880 err=1 tp=0 tn=82 fp=1 fn=0 pred_pos=0.0120
    translational sliding: n=136 acc=1.0000 err=0 tp=136 tn=0 fp=0 fn=0 pred_pos=1.0000
    static no motion: n=29 acc=1.0000 err=0 tp=0 tn=29 fp=0 fn=0 pred_pos=0.0000
  [val/motion_type]
    non-slip: n=276 acc=0.7500 err=69 tp=0 tn=207 fp=69 fn=0 pred_pos=0.2500
    rotation: n=136 acc=0.9412 err=8 tp=128 tn=0 fp=0 fn=8 pred_pos=0.9412
    translation: n=136 acc=1.0000 err=0 tp=136 tn=0 fp=0 fn=0 pred_pos=1.0000
  [val/session]
    session_011: n=42 acc=0.3333 err=28 tp=14 tn=0 fp=23 fn=5 pred_pos=0.8810
    session_026: n=60 acc=0.6667 err=20 tp=32 tn=8 fp=20 fn=0 pred_pos=0.8667
    session_046: n=62 acc=0.7097 err=18 tp=33 tn=11 fp=18 fn=0 pred_pos=0.8226
    session_036: n=59 acc=0.9322 err=4 tp=32 tn=23 fp=3 fn=1 pred_pos=0.5932
    session_016: n=48 acc=0.9167 err=4 tp=17 tn=27 fp=2 fn=2 pred_pos=0.3958
    session_001: n=48 acc=0.9583 err=2 tp=19 tn=27 fp=2 fn=0 pred_pos=0.4375
    session_041: n=60 acc=0.9833 err=1 tp=33 tn=26 fp=1 fn=0 pred_pos=0.5667
    session_021: n=62 acc=1.0000 err=0 tp=33 tn=29 fp=0 fn=0 pred_pos=0.5323
    session_031: n=57 acc=1.0000 err=0 tp=31 tn=26 fp=0 fn=0 pred_pos=0.5439
    session_006: n=50 acc=1.0000 err=0 tp=20 tn=30 fp=0 fn=0 pred_pos=0.4000
  [val/material]
    plastic: n=188 acc=0.8191 err=34 tp=70 tn=84 fp=27 fn=7 pred_pos=0.5160
    A4 paper: n=122 acc=0.8361 err=20 tp=65 tn=37 fp=20 fn=0 pred_pos=0.6967
    USB cable: n=122 acc=0.8443 err=19 tp=66 tn=37 fp=19 fn=0 pred_pos=0.6967
    soft foam earplug: n=116 acc=0.9655 err=4 tp=63 tn=49 fp=3 fn=1 pred_pos=0.5690
[INFO] epoch 9/40 started
  [train] batch 1/59 loss=0.1966 avg=0.1966 speed=0.28 batch/s
  [train] batch 20/59 loss=0.0490 avg=0.1165 speed=1.16 batch/s
  [train] batch 40/59 loss=0.4642 avg=0.1512 speed=1.16 batch/s
  [train] batch 59/59 loss=0.2040 avg=0.1494 speed=1.16 batch/s
[BEST] epoch=9 smoothed_balanced_acc=0.8876 saved
[Epoch 009] loss=0.1494 window=8 train_acc=0.9337 train_balanced_acc=0.9334 val_acc=0.8923 balanced_acc=0.8916 smoothed_balanced_acc=0.8876 f1=0.8798 precision=0.9863 recall=0.7941 pred_pos=0.3996 mean_p=0.4089 mean_p_pos=0.7921 mean_p_neg=0.0311 tp=216 tn=273 fp=3 fn=56 lr=1.00e-03 time=112.8s
  [val/behavior]
    rotational sliding: n=136 acc=0.5882 err=56 tp=80 tn=0 fp=0 fn=56 pred_pos=0.5882
    continuous variable-force pressing: n=141 acc=0.9787 err=3 tp=0 tn=138 fp=3 fn=0 pred_pos=0.0213
    translational sliding: n=136 acc=1.0000 err=0 tp=136 tn=0 fp=0 fn=0 pred_pos=1.0000
    constant-force pressing: n=83 acc=1.0000 err=0 tp=0 tn=83 fp=0 fn=0 pred_pos=0.0000
    static no motion: n=29 acc=1.0000 err=0 tp=0 tn=29 fp=0 fn=0 pred_pos=0.0000
    diagonal constant-force pressing: n=23 acc=1.0000 err=0 tp=0 tn=23 fp=0 fn=0 pred_pos=0.0000
  [val/motion_type]
    rotation: n=136 acc=0.5882 err=56 tp=80 tn=0 fp=0 fn=56 pred_pos=0.5882
    non-slip: n=276 acc=0.9891 err=3 tp=0 tn=273 fp=3 fn=0 pred_pos=0.0109
    translation: n=136 acc=1.0000 err=0 tp=136 tn=0 fp=0 fn=0 pred_pos=1.0000
  [val/session]
    session_011: n=42 acc=0.5952 err=17 tp=2 tn=23 fp=0 fn=17 pred_pos=0.0476
    session_026: n=60 acc=0.7500 err=15 tp=20 tn=25 fp=3 fn=12 pred_pos=0.3833
    session_046: n=62 acc=0.8387 err=10 tp=23 tn=29 fp=0 fn=10 pred_pos=0.3710
    session_036: n=59 acc=0.8475 err=9 tp=24 tn=26 fp=0 fn=9 pred_pos=0.4068
    session_016: n=48 acc=0.8333 err=8 tp=11 tn=29 fp=0 fn=8 pred_pos=0.2292
    session_021: n=62 acc=1.0000 err=0 tp=33 tn=29 fp=0 fn=0 pred_pos=0.5323
    session_041: n=60 acc=1.0000 err=0 tp=33 tn=27 fp=0 fn=0 pred_pos=0.5500
    session_031: n=57 acc=1.0000 err=0 tp=31 tn=26 fp=0 fn=0 pred_pos=0.5439
    session_006: n=50 acc=1.0000 err=0 tp=20 tn=30 fp=0 fn=0 pred_pos=0.4000
    session_001: n=48 acc=1.0000 err=0 tp=19 tn=29 fp=0 fn=0 pred_pos=0.3958
  [val/material]
    plastic: n=188 acc=0.8670 err=25 tp=52 tn=111 fp=0 fn=25 pred_pos=0.2766
    A4 paper: n=122 acc=0.8770 err=15 tp=53 tn=54 fp=3 fn=12 pred_pos=0.4590
    USB cable: n=122 acc=0.9180 err=10 tp=56 tn=56 fp=0 fn=10 pred_pos=0.4590
    soft foam earplug: n=116 acc=0.9224 err=9 tp=55 tn=52 fp=0 fn=9 pred_pos=0.4741
[INFO] epoch 10/40 started
  [train] batch 1/59 loss=0.0240 avg=0.0240 speed=0.32 batch/s
  [train] batch 20/59 loss=0.0873 avg=0.1187 speed=1.34 batch/s
  [train] batch 40/59 loss=0.2403 avg=0.1210 speed=1.30 batch/s
  [train] batch 59/59 loss=0.0516 avg=0.1295 speed=1.28 batch/s
[BEST] epoch=10 smoothed_balanced_acc=0.8971 saved
[Epoch 010] loss=0.1295 window=8 train_acc=0.9782 train_balanced_acc=0.9780 val_acc=0.9398 balanced_acc=0.9394 smoothed_balanced_acc=0.8971 f1=0.9362 precision=0.9878 recall=0.8897 pred_pos=0.4471 mean_p=0.4573 mean_p_pos=0.8904 mean_p_neg=0.0306 tp=242 tn=273 fp=3 fn=30 lr=1.00e-03 time=107.5s
  [val/behavior]
    rotational sliding: n=136 acc=0.7794 err=30 tp=106 tn=0 fp=0 fn=30 pred_pos=0.7794
    continuous variable-force pressing: n=141 acc=0.9787 err=3 tp=0 tn=138 fp=3 fn=0 pred_pos=0.0213
    translational sliding: n=136 acc=1.0000 err=0 tp=136 tn=0 fp=0 fn=0 pred_pos=1.0000
    constant-force pressing: n=83 acc=1.0000 err=0 tp=0 tn=83 fp=0 fn=0 pred_pos=0.0000
    static no motion: n=29 acc=1.0000 err=0 tp=0 tn=29 fp=0 fn=0 pred_pos=0.0000
    diagonal constant-force pressing: n=23 acc=1.0000 err=0 tp=0 tn=23 fp=0 fn=0 pred_pos=0.0000
  [val/motion_type]
    rotation: n=136 acc=0.7794 err=30 tp=106 tn=0 fp=0 fn=30 pred_pos=0.7794
    non-slip: n=276 acc=0.9891 err=3 tp=0 tn=273 fp=3 fn=0 pred_pos=0.0109
    translation: n=136 acc=1.0000 err=0 tp=136 tn=0 fp=0 fn=0 pred_pos=1.0000
  [val/session]
    session_011: n=42 acc=0.6905 err=13 tp=6 tn=23 fp=0 fn=13 pred_pos=0.1429
    session_016: n=48 acc=0.8542 err=7 tp=12 tn=29 fp=0 fn=7 pred_pos=0.2500
    session_046: n=62 acc=0.9032 err=6 tp=27 tn=29 fp=0 fn=6 pred_pos=0.4355
    session_026: n=60 acc=0.9000 err=6 tp=29 tn=25 fp=3 fn=3 pred_pos=0.5333
    session_036: n=59 acc=0.9831 err=1 tp=32 tn=26 fp=0 fn=1 pred_pos=0.5424
    session_021: n=62 acc=1.0000 err=0 tp=33 tn=29 fp=0 fn=0 pred_pos=0.5323
    session_041: n=60 acc=1.0000 err=0 tp=33 tn=27 fp=0 fn=0 pred_pos=0.5500
    session_031: n=57 acc=1.0000 err=0 tp=31 tn=26 fp=0 fn=0 pred_pos=0.5439
    session_006: n=50 acc=1.0000 err=0 tp=20 tn=30 fp=0 fn=0 pred_pos=0.4000
    session_001: n=48 acc=1.0000 err=0 tp=19 tn=29 fp=0 fn=0 pred_pos=0.3958
  [val/material]
    plastic: n=188 acc=0.8936 err=20 tp=57 tn=111 fp=0 fn=20 pred_pos=0.3032
    USB cable: n=122 acc=0.9508 err=6 tp=60 tn=56 fp=0 fn=6 pred_pos=0.4918
    A4 paper: n=122 acc=0.9508 err=6 tp=62 tn=54 fp=3 fn=3 pred_pos=0.5328
    soft foam earplug: n=116 acc=0.9914 err=1 tp=63 tn=52 fp=0 fn=1 pred_pos=0.5431
[INFO] epoch 11/40 started
  [train] batch 1/59 loss=0.2516 avg=0.2516 speed=0.29 batch/s
  [train] batch 20/59 loss=0.1374 avg=0.0833 speed=1.20 batch/s
  [train] batch 40/59 loss=0.0438 avg=0.1321 speed=1.21 batch/s
  [train] batch 59/59 loss=0.1718 avg=0.1440 speed=1.20 batch/s
[BEST] epoch=11 smoothed_balanced_acc=0.9260 saved
[Epoch 011] loss=0.1440 window=8 train_acc=0.9740 train_balanced_acc=0.9741 val_acc=0.9471 balanced_acc=0.9468 smoothed_balanced_acc=0.9260 f1=0.9448 precision=0.9802 recall=0.9118 pred_pos=0.4617 mean_p=0.4755 mean_p_pos=0.9046 mean_p_neg=0.0526 tp=248 tn=271 fp=5 fn=24 lr=1.00e-03 time=111.4s
  [val/behavior]
    rotational sliding: n=136 acc=0.8235 err=24 tp=112 tn=0 fp=0 fn=24 pred_pos=0.8235
    continuous variable-force pressing: n=141 acc=0.9645 err=5 tp=0 tn=136 fp=5 fn=0 pred_pos=0.0355
    translational sliding: n=136 acc=1.0000 err=0 tp=136 tn=0 fp=0 fn=0 pred_pos=1.0000
    constant-force pressing: n=83 acc=1.0000 err=0 tp=0 tn=83 fp=0 fn=0 pred_pos=0.0000
    static no motion: n=29 acc=1.0000 err=0 tp=0 tn=29 fp=0 fn=0 pred_pos=0.0000
    diagonal constant-force pressing: n=23 acc=1.0000 err=0 tp=0 tn=23 fp=0 fn=0 pred_pos=0.0000
  [val/motion_type]
    rotation: n=136 acc=0.8235 err=24 tp=112 tn=0 fp=0 fn=24 pred_pos=0.8235
    non-slip: n=276 acc=0.9819 err=5 tp=0 tn=271 fp=5 fn=0 pred_pos=0.0181
    translation: n=136 acc=1.0000 err=0 tp=136 tn=0 fp=0 fn=0 pred_pos=1.0000
  [val/session]
    session_026: n=60 acc=0.8167 err=11 tp=26 tn=23 fp=5 fn=6 pred_pos=0.5167
    session_011: n=42 acc=0.8095 err=8 tp=11 tn=23 fp=0 fn=8 pred_pos=0.2619
    session_046: n=62 acc=0.9194 err=5 tp=28 tn=29 fp=0 fn=5 pred_pos=0.4516
    session_016: n=48 acc=0.9167 err=4 tp=15 tn=29 fp=0 fn=4 pred_pos=0.3125
    session_036: n=59 acc=0.9831 err=1 tp=32 tn=26 fp=0 fn=1 pred_pos=0.5424
    session_021: n=62 acc=1.0000 err=0 tp=33 tn=29 fp=0 fn=0 pred_pos=0.5323
    session_041: n=60 acc=1.0000 err=0 tp=33 tn=27 fp=0 fn=0 pred_pos=0.5500
    session_031: n=57 acc=1.0000 err=0 tp=31 tn=26 fp=0 fn=0 pred_pos=0.5439
    session_006: n=50 acc=1.0000 err=0 tp=20 tn=30 fp=0 fn=0 pred_pos=0.4000
    session_001: n=48 acc=1.0000 err=0 tp=19 tn=29 fp=0 fn=0 pred_pos=0.3958
  [val/material]
    plastic: n=188 acc=0.9362 err=12 tp=65 tn=111 fp=0 fn=12 pred_pos=0.3457
    A4 paper: n=122 acc=0.9098 err=11 tp=59 tn=52 fp=5 fn=6 pred_pos=0.5246
    USB cable: n=122 acc=0.9590 err=5 tp=61 tn=56 fp=0 fn=5 pred_pos=0.5000
    soft foam earplug: n=116 acc=0.9914 err=1 tp=63 tn=52 fp=0 fn=1 pred_pos=0.5431
[INFO] epoch 12/40 started
  [train] batch 1/59 loss=0.1075 avg=0.1075 speed=0.30 batch/s
  [train] batch 20/59 loss=0.0977 avg=0.0795 speed=1.23 batch/s
  [train] batch 40/59 loss=0.0356 avg=0.1049 speed=1.24 batch/s
  [train] batch 59/59 loss=0.0525 avg=0.1285 speed=1.23 batch/s
[BEST] epoch=12 smoothed_balanced_acc=0.9296 saved
[Epoch 012] loss=0.1285 window=8 train_acc=0.9554 train_balanced_acc=0.9549 val_acc=0.9033 balanced_acc=0.9026 smoothed_balanced_acc=0.9296 f1=0.8921 precision=1.0000 recall=0.8051 pred_pos=0.3996 mean_p=0.4012 mean_p_pos=0.8009 mean_p_neg=0.0074 tp=219 tn=276 fp=0 fn=53 lr=1.00e-03 time=110.6s
  [val/behavior]
    rotational sliding: n=136 acc=0.6103 err=53 tp=83 tn=0 fp=0 fn=53 pred_pos=0.6103
    continuous variable-force pressing: n=141 acc=1.0000 err=0 tp=0 tn=141 fp=0 fn=0 pred_pos=0.0000
    translational sliding: n=136 acc=1.0000 err=0 tp=136 tn=0 fp=0 fn=0 pred_pos=1.0000
    constant-force pressing: n=83 acc=1.0000 err=0 tp=0 tn=83 fp=0 fn=0 pred_pos=0.0000
    static no motion: n=29 acc=1.0000 err=0 tp=0 tn=29 fp=0 fn=0 pred_pos=0.0000
    diagonal constant-force pressing: n=23 acc=1.0000 err=0 tp=0 tn=23 fp=0 fn=0 pred_pos=0.0000
  [val/motion_type]
    rotation: n=136 acc=0.6103 err=53 tp=83 tn=0 fp=0 fn=53 pred_pos=0.6103
    non-slip: n=276 acc=1.0000 err=0 tp=0 tn=276 fp=0 fn=0 pred_pos=0.0000
    translation: n=136 acc=1.0000 err=0 tp=136 tn=0 fp=0 fn=0 pred_pos=1.0000
  [val/session]
    session_026: n=60 acc=0.7000 err=18 tp=14 tn=28 fp=0 fn=18 pred_pos=0.2333
    session_011: n=42 acc=0.5952 err=17 tp=2 tn=23 fp=0 fn=17 pred_pos=0.0476
    session_046: n=62 acc=0.8548 err=9 tp=24 tn=29 fp=0 fn=9 pred_pos=0.3871
    session_016: n=48 acc=0.8542 err=7 tp=12 tn=29 fp=0 fn=7 pred_pos=0.2500
    session_036: n=59 acc=0.9661 err=2 tp=31 tn=26 fp=0 fn=2 pred_pos=0.5254
    session_021: n=62 acc=1.0000 err=0 tp=33 tn=29 fp=0 fn=0 pred_pos=0.5323
    session_041: n=60 acc=1.0000 err=0 tp=33 tn=27 fp=0 fn=0 pred_pos=0.5500
    session_031: n=57 acc=1.0000 err=0 tp=31 tn=26 fp=0 fn=0 pred_pos=0.5439
    session_006: n=50 acc=1.0000 err=0 tp=20 tn=30 fp=0 fn=0 pred_pos=0.4000
    session_001: n=48 acc=1.0000 err=0 tp=19 tn=29 fp=0 fn=0 pred_pos=0.3958
  [val/material]
    plastic: n=188 acc=0.8723 err=24 tp=53 tn=111 fp=0 fn=24 pred_pos=0.2819
    A4 paper: n=122 acc=0.8525 err=18 tp=47 tn=57 fp=0 fn=18 pred_pos=0.3852
    USB cable: n=122 acc=0.9262 err=9 tp=57 tn=56 fp=0 fn=9 pred_pos=0.4672
    soft foam earplug: n=116 acc=0.9828 err=2 tp=62 tn=52 fp=0 fn=2 pred_pos=0.5345
[INFO] epoch 13/40 started
  [train] batch 1/59 loss=0.0962 avg=0.0962 speed=0.29 batch/s
  [train] batch 20/59 loss=0.2129 avg=0.0874 speed=1.25 batch/s
  [train] batch 40/59 loss=0.3914 avg=0.0785 speed=1.25 batch/s
  [train] batch 59/59 loss=0.1099 avg=0.0797 speed=1.23 batch/s
[Epoch 013] loss=0.0797 window=8 train_acc=0.9597 train_balanced_acc=0.9592 val_acc=0.9179 balanced_acc=0.9173 smoothed_balanced_acc=0.9222 f1=0.9098 precision=1.0000 recall=0.8346 pred_pos=0.4142 mean_p=0.4134 mean_p_pos=0.8257 mean_p_neg=0.0072 tp=227 tn=276 fp=0 fn=45 lr=1.00e-03 time=109.6s
  [val/behavior]
    rotational sliding: n=136 acc=0.6912 err=42 tp=94 tn=0 fp=0 fn=42 pred_pos=0.6912
    translational sliding: n=136 acc=0.9779 err=3 tp=133 tn=0 fp=0 fn=3 pred_pos=0.9779
    continuous variable-force pressing: n=141 acc=1.0000 err=0 tp=0 tn=141 fp=0 fn=0 pred_pos=0.0000
    constant-force pressing: n=83 acc=1.0000 err=0 tp=0 tn=83 fp=0 fn=0 pred_pos=0.0000
    static no motion: n=29 acc=1.0000 err=0 tp=0 tn=29 fp=0 fn=0 pred_pos=0.0000
    diagonal constant-force pressing: n=23 acc=1.0000 err=0 tp=0 tn=23 fp=0 fn=0 pred_pos=0.0000
  [val/motion_type]
    rotation: n=136 acc=0.6912 err=42 tp=94 tn=0 fp=0 fn=42 pred_pos=0.6912
    translation: n=136 acc=0.9779 err=3 tp=133 tn=0 fp=0 fn=3 pred_pos=0.9779
    non-slip: n=276 acc=1.0000 err=0 tp=0 tn=276 fp=0 fn=0 pred_pos=0.0000
  [val/session]
    session_026: n=60 acc=0.7333 err=16 tp=16 tn=28 fp=0 fn=16 pred_pos=0.2667
    session_011: n=42 acc=0.7381 err=11 tp=8 tn=23 fp=0 fn=11 pred_pos=0.1905
    session_046: n=62 acc=0.8871 err=7 tp=26 tn=29 fp=0 fn=7 pred_pos=0.4194
    session_016: n=48 acc=0.8542 err=7 tp=12 tn=29 fp=0 fn=7 pred_pos=0.2500
    session_041: n=60 acc=0.9500 err=3 tp=30 tn=27 fp=0 fn=3 pred_pos=0.5000
    session_036: n=59 acc=0.9831 err=1 tp=32 tn=26 fp=0 fn=1 pred_pos=0.5424
    session_021: n=62 acc=1.0000 err=0 tp=33 tn=29 fp=0 fn=0 pred_pos=0.5323
    session_031: n=57 acc=1.0000 err=0 tp=31 tn=26 fp=0 fn=0 pred_pos=0.5439
    session_006: n=50 acc=1.0000 err=0 tp=20 tn=30 fp=0 fn=0 pred_pos=0.4000
    session_001: n=48 acc=1.0000 err=0 tp=19 tn=29 fp=0 fn=0 pred_pos=0.3958
  [val/material]
    plastic: n=188 acc=0.9043 err=18 tp=59 tn=111 fp=0 fn=18 pred_pos=0.3138
    A4 paper: n=122 acc=0.8689 err=16 tp=49 tn=57 fp=0 fn=16 pred_pos=0.4016
    USB cable: n=122 acc=0.9180 err=10 tp=56 tn=56 fp=0 fn=10 pred_pos=0.4590
    soft foam earplug: n=116 acc=0.9914 err=1 tp=63 tn=52 fp=0 fn=1 pred_pos=0.5431
[INFO] epoch 14/40 started
  [train] batch 1/59 loss=0.0066 avg=0.0066 speed=0.28 batch/s
  [train] batch 20/59 loss=0.1705 avg=0.0410 speed=1.21 batch/s
  [train] batch 40/59 loss=0.0098 avg=0.0619 speed=1.22 batch/s
  [train] batch 59/59 loss=0.1546 avg=0.0792 speed=1.20 batch/s
[Epoch 014] loss=0.0792 window=8 train_acc=0.9586 train_balanced_acc=0.9590 val_acc=0.9489 balanced_acc=0.9492 smoothed_balanced_acc=0.9230 f1=0.9504 precision=0.9178 recall=0.9853 pred_pos=0.5328 mean_p=0.5437 mean_p_pos=0.9831 mean_p_neg=0.1107 tp=268 tn=252 fp=24 fn=4 lr=1.00e-03 time=111.0s
  [val/behavior]
    continuous variable-force pressing: n=141 acc=0.8369 err=23 tp=0 tn=118 fp=23 fn=0 pred_pos=0.1631
    rotational sliding: n=136 acc=0.9706 err=4 tp=132 tn=0 fp=0 fn=4 pred_pos=0.9706
    constant-force pressing: n=83 acc=0.9880 err=1 tp=0 tn=82 fp=1 fn=0 pred_pos=0.0120
    translational sliding: n=136 acc=1.0000 err=0 tp=136 tn=0 fp=0 fn=0 pred_pos=1.0000
    static no motion: n=29 acc=1.0000 err=0 tp=0 tn=29 fp=0 fn=0 pred_pos=0.0000
    diagonal constant-force pressing: n=23 acc=1.0000 err=0 tp=0 tn=23 fp=0 fn=0 pred_pos=0.0000
  [val/motion_type]
    non-slip: n=276 acc=0.9130 err=24 tp=0 tn=252 fp=24 fn=0 pred_pos=0.0870
    rotation: n=136 acc=0.9706 err=4 tp=132 tn=0 fp=0 fn=4 pred_pos=0.9706
    translation: n=136 acc=1.0000 err=0 tp=136 tn=0 fp=0 fn=0 pred_pos=1.0000
  [val/session]
    session_026: n=60 acc=0.7833 err=13 tp=30 tn=17 fp=11 fn=2 pred_pos=0.6833
    session_046: n=62 acc=0.8387 err=10 tp=33 tn=19 fp=10 fn=0 pred_pos=0.6935
    session_016: n=48 acc=0.9375 err=3 tp=17 tn=28 fp=1 fn=2 pred_pos=0.3750
    session_036: n=59 acc=0.9831 err=1 tp=33 tn=25 fp=1 fn=0 pred_pos=0.5763
    session_006: n=50 acc=0.9800 err=1 tp=20 tn=29 fp=1 fn=0 pred_pos=0.4200
    session_021: n=62 acc=1.0000 err=0 tp=33 tn=29 fp=0 fn=0 pred_pos=0.5323
    session_041: n=60 acc=1.0000 err=0 tp=33 tn=27 fp=0 fn=0 pred_pos=0.5500
    session_031: n=57 acc=1.0000 err=0 tp=31 tn=26 fp=0 fn=0 pred_pos=0.5439
    session_001: n=48 acc=1.0000 err=0 tp=19 tn=29 fp=0 fn=0 pred_pos=0.3958
    session_011: n=42 acc=1.0000 err=0 tp=19 tn=23 fp=0 fn=0 pred_pos=0.4524
  [val/material]
    A4 paper: n=122 acc=0.8934 err=13 tp=63 tn=46 fp=11 fn=2 pred_pos=0.6066
    USB cable: n=122 acc=0.9180 err=10 tp=66 tn=46 fp=10 fn=0 pred_pos=0.6230
    plastic: n=188 acc=0.9787 err=4 tp=75 tn=109 fp=2 fn=2 pred_pos=0.4096
    soft foam earplug: n=116 acc=0.9914 err=1 tp=64 tn=51 fp=1 fn=0 pred_pos=0.5603
[INFO] epoch 15/40 started
  [train] batch 1/59 loss=0.0093 avg=0.0093 speed=0.28 batch/s
  [train] batch 20/59 loss=0.1317 avg=0.1112 speed=1.17 batch/s
  [train] batch 40/59 loss=0.0260 avg=0.0876 speed=1.16 batch/s
  [train] batch 59/59 loss=0.0052 avg=0.1057 speed=1.14 batch/s
[Epoch 015] loss=0.1057 window=8 train_acc=0.8901 train_balanced_acc=0.8913 val_acc=0.8832 balanced_acc=0.8840 smoothed_balanced_acc=0.9168 f1=0.8940 precision=0.8133 recall=0.9926 pred_pos=0.6058 mean_p=0.6185 mean_p_pos=0.9928 mean_p_neg=0.2496 tp=270 tn=214 fp=62 fn=2 lr=1.00e-03 time=113.0s
  [val/behavior]
    continuous variable-force pressing: n=141 acc=0.6170 err=54 tp=0 tn=87 fp=54 fn=0 pred_pos=0.3830
    constant-force pressing: n=83 acc=0.9036 err=8 tp=0 tn=75 fp=8 fn=0 pred_pos=0.0964
    rotational sliding: n=136 acc=0.9853 err=2 tp=134 tn=0 fp=0 fn=2 pred_pos=0.9853
    translational sliding: n=136 acc=1.0000 err=0 tp=136 tn=0 fp=0 fn=0 pred_pos=1.0000
    static no motion: n=29 acc=1.0000 err=0 tp=0 tn=29 fp=0 fn=0 pred_pos=0.0000
    diagonal constant-force pressing: n=23 acc=1.0000 err=0 tp=0 tn=23 fp=0 fn=0 pred_pos=0.0000
  [val/motion_type]
    non-slip: n=276 acc=0.7754 err=62 tp=0 tn=214 fp=62 fn=0 pred_pos=0.2246
    rotation: n=136 acc=0.9853 err=2 tp=134 tn=0 fp=0 fn=2 pred_pos=0.9853
    translation: n=136 acc=1.0000 err=0 tp=136 tn=0 fp=0 fn=0 pred_pos=1.0000
  [val/session]
    session_046: n=62 acc=0.7258 err=17 tp=33 tn=12 fp=17 fn=0 pred_pos=0.8065
    session_016: n=48 acc=0.6458 err=17 tp=17 tn=14 fp=15 fn=2 pred_pos=0.6667
    session_026: n=60 acc=0.7667 err=14 tp=32 tn=14 fp=14 fn=0 pred_pos=0.7667
    session_006: n=50 acc=0.8600 err=7 tp=20 tn=23 fp=7 fn=0 pred_pos=0.5400
    session_036: n=59 acc=0.9322 err=4 tp=33 tn=22 fp=4 fn=0 pred_pos=0.6271
    session_001: n=48 acc=0.9167 err=4 tp=19 tn=25 fp=4 fn=0 pred_pos=0.4792
    session_031: n=57 acc=0.9825 err=1 tp=31 tn=25 fp=1 fn=0 pred_pos=0.5614
    session_021: n=62 acc=1.0000 err=0 tp=33 tn=29 fp=0 fn=0 pred_pos=0.5323
    session_041: n=60 acc=1.0000 err=0 tp=33 tn=27 fp=0 fn=0 pred_pos=0.5500
    session_011: n=42 acc=1.0000 err=0 tp=19 tn=23 fp=0 fn=0 pred_pos=0.4524
  [val/material]
    plastic: n=188 acc=0.8511 err=28 tp=75 tn=85 fp=26 fn=2 pred_pos=0.5372
    USB cable: n=122 acc=0.8607 err=17 tp=66 tn=39 fp=17 fn=0 pred_pos=0.6803
    A4 paper: n=122 acc=0.8852 err=14 tp=65 tn=43 fp=14 fn=0 pred_pos=0.6475
    soft foam earplug: n=116 acc=0.9569 err=5 tp=64 tn=47 fp=5 fn=0 pred_pos=0.5948
[INFO] epoch 16/40 started
  [train] batch 1/59 loss=0.2455 avg=0.2455 speed=0.27 batch/s
  [train] batch 20/59 loss=0.0815 avg=0.1165 speed=1.20 batch/s
  [train] batch 40/59 loss=0.0118 avg=0.1087 speed=1.19 batch/s
  [train] batch 59/59 loss=0.0158 avg=0.0906 speed=1.17 batch/s
[Epoch 016] loss=0.0906 window=8 train_acc=0.9835 train_balanced_acc=0.9836 val_acc=0.9489 balanced_acc=0.9490 smoothed_balanced_acc=0.9274 f1=0.9495 precision=0.9326 recall=0.9669 pred_pos=0.5146 mean_p=0.5231 mean_p_pos=0.9620 mean_p_neg=0.0907 tp=263 tn=257 fp=19 fn=9 lr=5.00e-04 time=113.2s
  [val/behavior]
    continuous variable-force pressing: n=141 acc=0.8652 err=19 tp=0 tn=122 fp=19 fn=0 pred_pos=0.1348
    rotational sliding: n=136 acc=0.9412 err=8 tp=128 tn=0 fp=0 fn=8 pred_pos=0.9412
    translational sliding: n=136 acc=0.9926 err=1 tp=135 tn=0 fp=0 fn=1 pred_pos=0.9926
    constant-force pressing: n=83 acc=1.0000 err=0 tp=0 tn=83 fp=0 fn=0 pred_pos=0.0000
    static no motion: n=29 acc=1.0000 err=0 tp=0 tn=29 fp=0 fn=0 pred_pos=0.0000
    diagonal constant-force pressing: n=23 acc=1.0000 err=0 tp=0 tn=23 fp=0 fn=0 pred_pos=0.0000
  [val/motion_type]
    non-slip: n=276 acc=0.9312 err=19 tp=0 tn=257 fp=19 fn=0 pred_pos=0.0688
    rotation: n=136 acc=0.9412 err=8 tp=128 tn=0 fp=0 fn=8 pred_pos=0.9412
    translation: n=136 acc=0.9926 err=1 tp=135 tn=0 fp=0 fn=1 pred_pos=0.9926
  [val/session]
    session_026: n=60 acc=0.7500 err=15 tp=32 tn=13 fp=15 fn=0 pred_pos=0.7833
    session_016: n=48 acc=0.8958 err=5 tp=16 tn=27 fp=2 fn=3 pred_pos=0.3750
    session_011: n=42 acc=0.9048 err=4 tp=15 tn=23 fp=0 fn=4 pred_pos=0.3571
    session_046: n=62 acc=0.9516 err=3 tp=32 tn=27 fp=2 fn=1 pred_pos=0.5484
    session_041: n=60 acc=0.9833 err=1 tp=32 tn=27 fp=0 fn=1 pred_pos=0.5333
    session_021: n=62 acc=1.0000 err=0 tp=33 tn=29 fp=0 fn=0 pred_pos=0.5323
    session_036: n=59 acc=1.0000 err=0 tp=33 tn=26 fp=0 fn=0 pred_pos=0.5593
    session_031: n=57 acc=1.0000 err=0 tp=31 tn=26 fp=0 fn=0 pred_pos=0.5439
    session_006: n=50 acc=1.0000 err=0 tp=20 tn=30 fp=0 fn=0 pred_pos=0.4000
    session_001: n=48 acc=1.0000 err=0 tp=19 tn=29 fp=0 fn=0 pred_pos=0.3958
  [val/material]
    A4 paper: n=122 acc=0.8770 err=15 tp=65 tn=42 fp=15 fn=0 pred_pos=0.6557
    plastic: n=188 acc=0.9521 err=9 tp=70 tn=109 fp=2 fn=7 pred_pos=0.3830
    USB cable: n=122 acc=0.9672 err=4 tp=64 tn=54 fp=2 fn=2 pred_pos=0.5410
    soft foam earplug: n=116 acc=1.0000 err=0 tp=64 tn=52 fp=0 fn=0 pred_pos=0.5517
[INFO] epoch 17/40 started
  [train] batch 1/59 loss=0.0706 avg=0.0706 speed=0.28 batch/s
  [train] batch 20/59 loss=0.2468 avg=0.0480 speed=1.20 batch/s
  [train] batch 40/59 loss=0.1430 avg=0.0434 speed=1.17 batch/s
  [train] batch 59/59 loss=0.0014 avg=0.0414 speed=1.15 batch/s
[BEST] epoch=17 smoothed_balanced_acc=0.9321 saved
[Epoch 017] loss=0.0414 window=8 train_acc=0.9973 train_balanced_acc=0.9973 val_acc=0.9635 balanced_acc=0.9633 smoothed_balanced_acc=0.9321 f1=0.9623 precision=0.9884 recall=0.9375 pred_pos=0.4708 mean_p=0.4763 mean_p_pos=0.9351 mean_p_neg=0.0241 tp=255 tn=273 fp=3 fn=17 lr=5.00e-04 time=115.4s
  [val/behavior]
    rotational sliding: n=136 acc=0.8750 err=17 tp=119 tn=0 fp=0 fn=17 pred_pos=0.8750
    continuous variable-force pressing: n=141 acc=0.9787 err=3 tp=0 tn=138 fp=3 fn=0 pred_pos=0.0213
    translational sliding: n=136 acc=1.0000 err=0 tp=136 tn=0 fp=0 fn=0 pred_pos=1.0000
    constant-force pressing: n=83 acc=1.0000 err=0 tp=0 tn=83 fp=0 fn=0 pred_pos=0.0000
    static no motion: n=29 acc=1.0000 err=0 tp=0 tn=29 fp=0 fn=0 pred_pos=0.0000
    diagonal constant-force pressing: n=23 acc=1.0000 err=0 tp=0 tn=23 fp=0 fn=0 pred_pos=0.0000
  [val/motion_type]
    rotation: n=136 acc=0.8750 err=17 tp=119 tn=0 fp=0 fn=17 pred_pos=0.8750
    non-slip: n=276 acc=0.9891 err=3 tp=0 tn=273 fp=3 fn=0 pred_pos=0.0109
    translation: n=136 acc=1.0000 err=0 tp=136 tn=0 fp=0 fn=0 pred_pos=1.0000
  [val/session]
    session_011: n=42 acc=0.8095 err=8 tp=11 tn=23 fp=0 fn=8 pred_pos=0.2619
    session_046: n=62 acc=0.9194 err=5 tp=30 tn=27 fp=2 fn=3 pred_pos=0.5161
    session_026: n=60 acc=0.9167 err=5 tp=28 tn=27 fp=1 fn=4 pred_pos=0.4833
    session_016: n=48 acc=0.9583 err=2 tp=17 tn=29 fp=0 fn=2 pred_pos=0.3542
    session_021: n=62 acc=1.0000 err=0 tp=33 tn=29 fp=0 fn=0 pred_pos=0.5323
    session_041: n=60 acc=1.0000 err=0 tp=33 tn=27 fp=0 fn=0 pred_pos=0.5500
    session_036: n=59 acc=1.0000 err=0 tp=33 tn=26 fp=0 fn=0 pred_pos=0.5593
    session_031: n=57 acc=1.0000 err=0 tp=31 tn=26 fp=0 fn=0 pred_pos=0.5439
    session_006: n=50 acc=1.0000 err=0 tp=20 tn=30 fp=0 fn=0 pred_pos=0.4000
    session_001: n=48 acc=1.0000 err=0 tp=19 tn=29 fp=0 fn=0 pred_pos=0.3958
  [val/material]
    plastic: n=188 acc=0.9468 err=10 tp=67 tn=111 fp=0 fn=10 pred_pos=0.3564
    USB cable: n=122 acc=0.9590 err=5 tp=63 tn=54 fp=2 fn=3 pred_pos=0.5328
    A4 paper: n=122 acc=0.9590 err=5 tp=61 tn=56 fp=1 fn=4 pred_pos=0.5082
    soft foam earplug: n=116 acc=1.0000 err=0 tp=64 tn=52 fp=0 fn=0 pred_pos=0.5517
[INFO] epoch 18/40 started
  [train] batch 1/59 loss=0.0469 avg=0.0469 speed=0.28 batch/s
  [train] batch 20/59 loss=0.0877 avg=0.0377 speed=1.16 batch/s
  [train] batch 40/59 loss=0.0039 avg=0.0302 speed=1.16 batch/s
  [train] batch 59/59 loss=0.0783 avg=0.0297 speed=1.17 batch/s
[BEST] epoch=18 smoothed_balanced_acc=0.9580 saved
[Epoch 018] loss=0.0297 window=8 train_acc=0.9968 train_balanced_acc=0.9968 val_acc=0.9617 balanced_acc=0.9617 smoothed_balanced_acc=0.9580 f1=0.9615 precision=0.9597 recall=0.9632 pred_pos=0.4982 mean_p=0.4989 mean_p_pos=0.9569 mean_p_neg=0.0475 tp=262 tn=265 fp=11 fn=10 lr=5.00e-04 time=115.4s
  [val/behavior]
    continuous variable-force pressing: n=141 acc=0.9291 err=10 tp=0 tn=131 fp=10 fn=0 pred_pos=0.0709
    rotational sliding: n=136 acc=0.9265 err=10 tp=126 tn=0 fp=0 fn=10 pred_pos=0.9265
    constant-force pressing: n=83 acc=0.9880 err=1 tp=0 tn=82 fp=1 fn=0 pred_pos=0.0120
    translational sliding: n=136 acc=1.0000 err=0 tp=136 tn=0 fp=0 fn=0 pred_pos=1.0000
    static no motion: n=29 acc=1.0000 err=0 tp=0 tn=29 fp=0 fn=0 pred_pos=0.0000
    diagonal constant-force pressing: n=23 acc=1.0000 err=0 tp=0 tn=23 fp=0 fn=0 pred_pos=0.0000
  [val/motion_type]
    non-slip: n=276 acc=0.9601 err=11 tp=0 tn=265 fp=11 fn=0 pred_pos=0.0399
    rotation: n=136 acc=0.9265 err=10 tp=126 tn=0 fp=0 fn=10 pred_pos=0.9265
    translation: n=136 acc=1.0000 err=0 tp=136 tn=0 fp=0 fn=0 pred_pos=1.0000
  [val/session]
    session_046: n=62 acc=0.8710 err=8 tp=32 tn=22 fp=7 fn=1 pred_pos=0.6290
    session_026: n=60 acc=0.9167 err=5 tp=30 tn=25 fp=3 fn=2 pred_pos=0.5500
    session_011: n=42 acc=0.9048 err=4 tp=15 tn=23 fp=0 fn=4 pred_pos=0.3571
    session_016: n=48 acc=0.9375 err=3 tp=16 tn=29 fp=0 fn=3 pred_pos=0.3333
    session_031: n=57 acc=0.9825 err=1 tp=31 tn=25 fp=1 fn=0 pred_pos=0.5614
    session_021: n=62 acc=1.0000 err=0 tp=33 tn=29 fp=0 fn=0 pred_pos=0.5323
    session_041: n=60 acc=1.0000 err=0 tp=33 tn=27 fp=0 fn=0 pred_pos=0.5500
    session_036: n=59 acc=1.0000 err=0 tp=33 tn=26 fp=0 fn=0 pred_pos=0.5593
    session_006: n=50 acc=1.0000 err=0 tp=20 tn=30 fp=0 fn=0 pred_pos=0.4000
    session_001: n=48 acc=1.0000 err=0 tp=19 tn=29 fp=0 fn=0 pred_pos=0.3958
  [val/material]
    USB cable: n=122 acc=0.9344 err=8 tp=65 tn=49 fp=7 fn=1 pred_pos=0.5902
    plastic: n=188 acc=0.9628 err=7 tp=70 tn=111 fp=0 fn=7 pred_pos=0.3723
    A4 paper: n=122 acc=0.9590 err=5 tp=63 tn=54 fp=3 fn=2 pred_pos=0.5410
    soft foam earplug: n=116 acc=0.9914 err=1 tp=64 tn=51 fp=1 fn=0 pred_pos=0.5603
[INFO] epoch 19/40 started
  [train] batch 1/59 loss=0.0035 avg=0.0035 speed=0.31 batch/s
  [train] batch 20/59 loss=0.0963 avg=0.0649 speed=1.18 batch/s
  [train] batch 40/59 loss=0.0433 avg=0.0422 speed=1.19 batch/s
  [train] batch 59/59 loss=0.0010 avg=0.0381 speed=1.14 batch/s
[Epoch 019] loss=0.0381 window=8 train_acc=0.9920 train_balanced_acc=0.9920 val_acc=0.9416 balanced_acc=0.9412 smoothed_balanced_acc=0.9554 f1=0.9375 precision=1.0000 recall=0.8824 pred_pos=0.4380 mean_p=0.4364 mean_p_pos=0.8779 mean_p_neg=0.0014 tp=240 tn=276 fp=0 fn=32 lr=5.00e-04 time=114.8s
  [val/behavior]
    rotational sliding: n=136 acc=0.7647 err=32 tp=104 tn=0 fp=0 fn=32 pred_pos=0.7647
    continuous variable-force pressing: n=141 acc=1.0000 err=0 tp=0 tn=141 fp=0 fn=0 pred_pos=0.0000
    translational sliding: n=136 acc=1.0000 err=0 tp=136 tn=0 fp=0 fn=0 pred_pos=1.0000
    constant-force pressing: n=83 acc=1.0000 err=0 tp=0 tn=83 fp=0 fn=0 pred_pos=0.0000
    static no motion: n=29 acc=1.0000 err=0 tp=0 tn=29 fp=0 fn=0 pred_pos=0.0000
    diagonal constant-force pressing: n=23 acc=1.0000 err=0 tp=0 tn=23 fp=0 fn=0 pred_pos=0.0000
  [val/motion_type]
    rotation: n=136 acc=0.7647 err=32 tp=104 tn=0 fp=0 fn=32 pred_pos=0.7647
    non-slip: n=276 acc=1.0000 err=0 tp=0 tn=276 fp=0 fn=0 pred_pos=0.0000
    translation: n=136 acc=1.0000 err=0 tp=136 tn=0 fp=0 fn=0 pred_pos=1.0000
  [val/session]
    session_011: n=42 acc=0.6905 err=13 tp=6 tn=23 fp=0 fn=13 pred_pos=0.1429
    session_026: n=60 acc=0.8333 err=10 tp=22 tn=28 fp=0 fn=10 pred_pos=0.3667
    session_016: n=48 acc=0.8958 err=5 tp=14 tn=29 fp=0 fn=5 pred_pos=0.2917
    session_046: n=62 acc=0.9516 err=3 tp=30 tn=29 fp=0 fn=3 pred_pos=0.4839
    session_036: n=59 acc=0.9831 err=1 tp=32 tn=26 fp=0 fn=1 pred_pos=0.5424
    session_021: n=62 acc=1.0000 err=0 tp=33 tn=29 fp=0 fn=0 pred_pos=0.5323
    session_041: n=60 acc=1.0000 err=0 tp=33 tn=27 fp=0 fn=0 pred_pos=0.5500
    session_031: n=57 acc=1.0000 err=0 tp=31 tn=26 fp=0 fn=0 pred_pos=0.5439
    session_006: n=50 acc=1.0000 err=0 tp=20 tn=30 fp=0 fn=0 pred_pos=0.4000
    session_001: n=48 acc=1.0000 err=0 tp=19 tn=29 fp=0 fn=0 pred_pos=0.3958
  [val/material]
    plastic: n=188 acc=0.9043 err=18 tp=59 tn=111 fp=0 fn=18 pred_pos=0.3138
    A4 paper: n=122 acc=0.9180 err=10 tp=55 tn=57 fp=0 fn=10 pred_pos=0.4508
    USB cable: n=122 acc=0.9754 err=3 tp=63 tn=56 fp=0 fn=3 pred_pos=0.5164
    soft foam earplug: n=116 acc=0.9914 err=1 tp=63 tn=52 fp=0 fn=1 pred_pos=0.5431
[INFO] epoch 20/40 started
  [train] batch 1/59 loss=0.0687 avg=0.0687 speed=0.27 batch/s
  [train] batch 20/59 loss=0.0071 avg=0.0411 speed=1.12 batch/s
  [train] batch 40/59 loss=0.0068 avg=0.0277 speed=1.14 batch/s
  [train] batch 59/59 loss=0.0015 avg=0.0308 speed=1.14 batch/s
[Epoch 020] loss=0.0308 window=8 train_acc=0.9984 train_balanced_acc=0.9984 val_acc=0.9562 balanced_acc=0.9560 smoothed_balanced_acc=0.9529 f1=0.9544 precision=0.9882 recall=0.9228 pred_pos=0.4635 mean_p=0.4634 mean_p_pos=0.9197 mean_p_neg=0.0138 tp=251 tn=273 fp=3 fn=21 lr=5.00e-04 time=116.2s
  [val/behavior]
    rotational sliding: n=136 acc=0.8456 err=21 tp=115 tn=0 fp=0 fn=21 pred_pos=0.8456
    continuous variable-force pressing: n=141 acc=0.9787 err=3 tp=0 tn=138 fp=3 fn=0 pred_pos=0.0213
    translational sliding: n=136 acc=1.0000 err=0 tp=136 tn=0 fp=0 fn=0 pred_pos=1.0000
    constant-force pressing: n=83 acc=1.0000 err=0 tp=0 tn=83 fp=0 fn=0 pred_pos=0.0000
    static no motion: n=29 acc=1.0000 err=0 tp=0 tn=29 fp=0 fn=0 pred_pos=0.0000
    diagonal constant-force pressing: n=23 acc=1.0000 err=0 tp=0 tn=23 fp=0 fn=0 pred_pos=0.0000
  [val/motion_type]
    rotation: n=136 acc=0.8456 err=21 tp=115 tn=0 fp=0 fn=21 pred_pos=0.8456
    non-slip: n=276 acc=0.9891 err=3 tp=0 tn=273 fp=3 fn=0 pred_pos=0.0109
    translation: n=136 acc=1.0000 err=0 tp=136 tn=0 fp=0 fn=0 pred_pos=1.0000
  [val/session]
    session_011: n=42 acc=0.7857 err=9 tp=10 tn=23 fp=0 fn=9 pred_pos=0.2381
    session_026: n=60 acc=0.8667 err=8 tp=27 tn=25 fp=3 fn=5 pred_pos=0.5000
    session_046: n=62 acc=0.9194 err=5 tp=28 tn=29 fp=0 fn=5 pred_pos=0.4516
    session_016: n=48 acc=0.9583 err=2 tp=17 tn=29 fp=0 fn=2 pred_pos=0.3542
    session_021: n=62 acc=1.0000 err=0 tp=33 tn=29 fp=0 fn=0 pred_pos=0.5323
    session_041: n=60 acc=1.0000 err=0 tp=33 tn=27 fp=0 fn=0 pred_pos=0.5500
    session_036: n=59 acc=1.0000 err=0 tp=33 tn=26 fp=0 fn=0 pred_pos=0.5593
    session_031: n=57 acc=1.0000 err=0 tp=31 tn=26 fp=0 fn=0 pred_pos=0.5439
    session_006: n=50 acc=1.0000 err=0 tp=20 tn=30 fp=0 fn=0 pred_pos=0.4000
    session_001: n=48 acc=1.0000 err=0 tp=19 tn=29 fp=0 fn=0 pred_pos=0.3958
  [val/material]
    plastic: n=188 acc=0.9415 err=11 tp=66 tn=111 fp=0 fn=11 pred_pos=0.3511
    A4 paper: n=122 acc=0.9344 err=8 tp=60 tn=54 fp=3 fn=5 pred_pos=0.5164
    USB cable: n=122 acc=0.9590 err=5 tp=61 tn=56 fp=0 fn=5 pred_pos=0.5000
    soft foam earplug: n=116 acc=1.0000 err=0 tp=64 tn=52 fp=0 fn=0 pred_pos=0.5517
[INFO] epoch 21/40 started
  [train] batch 1/59 loss=0.0015 avg=0.0015 speed=0.27 batch/s
  [train] batch 20/59 loss=0.0010 avg=0.0176 speed=1.17 batch/s
  [train] batch 40/59 loss=0.0007 avg=0.0206 speed=1.17 batch/s
  [train] batch 59/59 loss=0.0011 avg=0.0179 speed=1.15 batch/s
[Epoch 021] loss=0.0179 window=8 train_acc=0.9984 train_balanced_acc=0.9984 val_acc=0.9708 balanced_acc=0.9706 smoothed_balanced_acc=0.9559 f1=0.9697 precision=1.0000 recall=0.9412 pred_pos=0.4672 mean_p=0.4626 mean_p_pos=0.9290 mean_p_neg=0.0030 tp=256 tn=276 fp=0 fn=16 lr=5.00e-04 time=112.6s
  [val/behavior]
    rotational sliding: n=136 acc=0.8824 err=16 tp=120 tn=0 fp=0 fn=16 pred_pos=0.8824
    continuous variable-force pressing: n=141 acc=1.0000 err=0 tp=0 tn=141 fp=0 fn=0 pred_pos=0.0000
    translational sliding: n=136 acc=1.0000 err=0 tp=136 tn=0 fp=0 fn=0 pred_pos=1.0000
    constant-force pressing: n=83 acc=1.0000 err=0 tp=0 tn=83 fp=0 fn=0 pred_pos=0.0000
    static no motion: n=29 acc=1.0000 err=0 tp=0 tn=29 fp=0 fn=0 pred_pos=0.0000
    diagonal constant-force pressing: n=23 acc=1.0000 err=0 tp=0 tn=23 fp=0 fn=0 pred_pos=0.0000
  [val/motion_type]
    rotation: n=136 acc=0.8824 err=16 tp=120 tn=0 fp=0 fn=16 pred_pos=0.8824
    non-slip: n=276 acc=1.0000 err=0 tp=0 tn=276 fp=0 fn=0 pred_pos=0.0000
    translation: n=136 acc=1.0000 err=0 tp=136 tn=0 fp=0 fn=0 pred_pos=1.0000
  [val/session]
    session_026: n=60 acc=0.8833 err=7 tp=25 tn=28 fp=0 fn=7 pred_pos=0.4167
    session_011: n=42 acc=0.9048 err=4 tp=15 tn=23 fp=0 fn=4 pred_pos=0.3571
    session_046: n=62 acc=0.9516 err=3 tp=30 tn=29 fp=0 fn=3 pred_pos=0.4839
    session_016: n=48 acc=0.9583 err=2 tp=17 tn=29 fp=0 fn=2 pred_pos=0.3542
    session_021: n=62 acc=1.0000 err=0 tp=33 tn=29 fp=0 fn=0 pred_pos=0.5323
    session_041: n=60 acc=1.0000 err=0 tp=33 tn=27 fp=0 fn=0 pred_pos=0.5500
    session_036: n=59 acc=1.0000 err=0 tp=33 tn=26 fp=0 fn=0 pred_pos=0.5593
    session_031: n=57 acc=1.0000 err=0 tp=31 tn=26 fp=0 fn=0 pred_pos=0.5439
    session_006: n=50 acc=1.0000 err=0 tp=20 tn=30 fp=0 fn=0 pred_pos=0.4000
    session_001: n=48 acc=1.0000 err=0 tp=19 tn=29 fp=0 fn=0 pred_pos=0.3958
  [val/material]
    A4 paper: n=122 acc=0.9426 err=7 tp=58 tn=57 fp=0 fn=7 pred_pos=0.4754
    plastic: n=188 acc=0.9681 err=6 tp=71 tn=111 fp=0 fn=6 pred_pos=0.3777
    USB cable: n=122 acc=0.9754 err=3 tp=63 tn=56 fp=0 fn=3 pred_pos=0.5164
    soft foam earplug: n=116 acc=1.0000 err=0 tp=64 tn=52 fp=0 fn=0 pred_pos=0.5517
[INFO] epoch 22/40 started
  [train] batch 1/59 loss=0.0094 avg=0.0094 speed=0.28 batch/s
  [train] batch 20/59 loss=0.0007 avg=0.0126 speed=1.16 batch/s
  [train] batch 40/59 loss=0.0595 avg=0.0150 speed=1.15 batch/s
  [train] batch 59/59 loss=0.0029 avg=0.0187 speed=1.17 batch/s
[BEST] epoch=22 smoothed_balanced_acc=0.9652 saved
[Epoch 022] loss=0.0187 window=8 train_acc=0.9926 train_balanced_acc=0.9926 val_acc=0.9690 balanced_acc=0.9690 smoothed_balanced_acc=0.9652 f1=0.9689 precision=0.9636 recall=0.9743 pred_pos=0.5018 mean_p=0.5060 mean_p_pos=0.9717 mean_p_neg=0.0470 tp=265 tn=266 fp=10 fn=7 lr=5.00e-04 time=113.4s
  [val/behavior]
    continuous variable-force pressing: n=141 acc=0.9291 err=10 tp=0 tn=131 fp=10 fn=0 pred_pos=0.0709
    rotational sliding: n=136 acc=0.9485 err=7 tp=129 tn=0 fp=0 fn=7 pred_pos=0.9485
    translational sliding: n=136 acc=1.0000 err=0 tp=136 tn=0 fp=0 fn=0 pred_pos=1.0000
    constant-force pressing: n=83 acc=1.0000 err=0 tp=0 tn=83 fp=0 fn=0 pred_pos=0.0000
    static no motion: n=29 acc=1.0000 err=0 tp=0 tn=29 fp=0 fn=0 pred_pos=0.0000
    diagonal constant-force pressing: n=23 acc=1.0000 err=0 tp=0 tn=23 fp=0 fn=0 pred_pos=0.0000
  [val/motion_type]
    non-slip: n=276 acc=0.9638 err=10 tp=0 tn=266 fp=10 fn=0 pred_pos=0.0362
    rotation: n=136 acc=0.9485 err=7 tp=129 tn=0 fp=0 fn=7 pred_pos=0.9485
    translation: n=136 acc=1.0000 err=0 tp=136 tn=0 fp=0 fn=0 pred_pos=1.0000
  [val/session]
    session_026: n=60 acc=0.8667 err=8 tp=31 tn=21 fp=7 fn=1 pred_pos=0.6333
    session_046: n=62 acc=0.9516 err=3 tp=32 tn=27 fp=2 fn=1 pred_pos=0.5484
    session_011: n=42 acc=0.9286 err=3 tp=16 tn=23 fp=0 fn=3 pred_pos=0.3810
    session_016: n=48 acc=0.9583 err=2 tp=17 tn=29 fp=0 fn=2 pred_pos=0.3542
    session_001: n=48 acc=0.9792 err=1 tp=19 tn=28 fp=1 fn=0 pred_pos=0.4167
    session_021: n=62 acc=1.0000 err=0 tp=33 tn=29 fp=0 fn=0 pred_pos=0.5323
    session_041: n=60 acc=1.0000 err=0 tp=33 tn=27 fp=0 fn=0 pred_pos=0.5500
    session_036: n=59 acc=1.0000 err=0 tp=33 tn=26 fp=0 fn=0 pred_pos=0.5593
    session_031: n=57 acc=1.0000 err=0 tp=31 tn=26 fp=0 fn=0 pred_pos=0.5439
    session_006: n=50 acc=1.0000 err=0 tp=20 tn=30 fp=0 fn=0 pred_pos=0.4000
  [val/material]
    A4 paper: n=122 acc=0.9344 err=8 tp=64 tn=50 fp=7 fn=1 pred_pos=0.5820
    plastic: n=188 acc=0.9681 err=6 tp=72 tn=110 fp=1 fn=5 pred_pos=0.3883
    USB cable: n=122 acc=0.9754 err=3 tp=65 tn=54 fp=2 fn=1 pred_pos=0.5492
    soft foam earplug: n=116 acc=1.0000 err=0 tp=64 tn=52 fp=0 fn=0 pred_pos=0.5517
[INFO] epoch 23/40 started
  [train] batch 1/59 loss=0.0808 avg=0.0808 speed=0.29 batch/s
  [train] batch 20/59 loss=0.0198 avg=0.0437 speed=1.18 batch/s
  [train] batch 40/59 loss=0.0003 avg=0.0469 speed=1.18 batch/s
  [train] batch 59/59 loss=0.0443 avg=0.0446 speed=1.16 batch/s
[BEST] epoch=23 smoothed_balanced_acc=0.9683 saved
[Epoch 023] loss=0.0446 window=8 train_acc=0.9989 train_balanced_acc=0.9990 val_acc=0.9653 balanced_acc=0.9652 smoothed_balanced_acc=0.9683 f1=0.9644 precision=0.9847 recall=0.9449 pred_pos=0.4763 mean_p=0.4793 mean_p_pos=0.9466 mean_p_neg=0.0188 tp=257 tn=272 fp=4 fn=15 lr=5.00e-04 time=116.0s
  [val/behavior]
    rotational sliding: n=136 acc=0.8897 err=15 tp=121 tn=0 fp=0 fn=15 pred_pos=0.8897
    continuous variable-force pressing: n=141 acc=0.9716 err=4 tp=0 tn=137 fp=4 fn=0 pred_pos=0.0284
    translational sliding: n=136 acc=1.0000 err=0 tp=136 tn=0 fp=0 fn=0 pred_pos=1.0000
    constant-force pressing: n=83 acc=1.0000 err=0 tp=0 tn=83 fp=0 fn=0 pred_pos=0.0000
    static no motion: n=29 acc=1.0000 err=0 tp=0 tn=29 fp=0 fn=0 pred_pos=0.0000
    diagonal constant-force pressing: n=23 acc=1.0000 err=0 tp=0 tn=23 fp=0 fn=0 pred_pos=0.0000
  [val/motion_type]
    rotation: n=136 acc=0.8897 err=15 tp=121 tn=0 fp=0 fn=15 pred_pos=0.8897
    non-slip: n=276 acc=0.9855 err=4 tp=0 tn=272 fp=4 fn=0 pred_pos=0.0145
    translation: n=136 acc=1.0000 err=0 tp=136 tn=0 fp=0 fn=0 pred_pos=1.0000
  [val/session]
    session_011: n=42 acc=0.8095 err=8 tp=11 tn=23 fp=0 fn=8 pred_pos=0.2619
    session_026: n=60 acc=0.9000 err=6 tp=30 tn=24 fp=4 fn=2 pred_pos=0.5667
    session_046: n=62 acc=0.9516 err=3 tp=30 tn=29 fp=0 fn=3 pred_pos=0.4839
    session_016: n=48 acc=0.9583 err=2 tp=17 tn=29 fp=0 fn=2 pred_pos=0.3542
    session_021: n=62 acc=1.0000 err=0 tp=33 tn=29 fp=0 fn=0 pred_pos=0.5323
    session_041: n=60 acc=1.0000 err=0 tp=33 tn=27 fp=0 fn=0 pred_pos=0.5500
    session_036: n=59 acc=1.0000 err=0 tp=33 tn=26 fp=0 fn=0 pred_pos=0.5593
    session_031: n=57 acc=1.0000 err=0 tp=31 tn=26 fp=0 fn=0 pred_pos=0.5439
    session_006: n=50 acc=1.0000 err=0 tp=20 tn=30 fp=0 fn=0 pred_pos=0.4000
    session_001: n=48 acc=1.0000 err=0 tp=19 tn=29 fp=0 fn=0 pred_pos=0.3958
  [val/material]
    plastic: n=188 acc=0.9468 err=10 tp=67 tn=111 fp=0 fn=10 pred_pos=0.3564
    A4 paper: n=122 acc=0.9508 err=6 tp=63 tn=53 fp=4 fn=2 pred_pos=0.5492
    USB cable: n=122 acc=0.9754 err=3 tp=63 tn=56 fp=0 fn=3 pred_pos=0.5164
    soft foam earplug: n=116 acc=1.0000 err=0 tp=64 tn=52 fp=0 fn=0 pred_pos=0.5517
[INFO] epoch 24/40 started
  [train] batch 1/59 loss=0.0128 avg=0.0128 speed=0.28 batch/s
  [train] batch 20/59 loss=0.0008 avg=0.0153 speed=1.19 batch/s
  [train] batch 40/59 loss=0.0084 avg=0.0239 speed=1.17 batch/s
  [train] batch 59/59 loss=0.0720 avg=0.0236 speed=1.14 batch/s
[Epoch 024] loss=0.0236 window=8 train_acc=0.9989 train_balanced_acc=0.9989 val_acc=0.9580 balanced_acc=0.9580 smoothed_balanced_acc=0.9641 f1=0.9576 precision=0.9594 recall=0.9559 pred_pos=0.4945 mean_p=0.4940 mean_p_pos=0.9518 mean_p_neg=0.0427 tp=260 tn=265 fp=11 fn=12 lr=5.00e-04 time=113.5s
  [val/behavior]
    rotational sliding: n=136 acc=0.9118 err=12 tp=124 tn=0 fp=0 fn=12 pred_pos=0.9118
    continuous variable-force pressing: n=141 acc=0.9220 err=11 tp=0 tn=130 fp=11 fn=0 pred_pos=0.0780
    translational sliding: n=136 acc=1.0000 err=0 tp=136 tn=0 fp=0 fn=0 pred_pos=1.0000
    constant-force pressing: n=83 acc=1.0000 err=0 tp=0 tn=83 fp=0 fn=0 pred_pos=0.0000
    static no motion: n=29 acc=1.0000 err=0 tp=0 tn=29 fp=0 fn=0 pred_pos=0.0000
    diagonal constant-force pressing: n=23 acc=1.0000 err=0 tp=0 tn=23 fp=0 fn=0 pred_pos=0.0000
  [val/motion_type]
    rotation: n=136 acc=0.9118 err=12 tp=124 tn=0 fp=0 fn=12 pred_pos=0.9118
    non-slip: n=276 acc=0.9601 err=11 tp=0 tn=265 fp=11 fn=0 pred_pos=0.0399
    translation: n=136 acc=1.0000 err=0 tp=136 tn=0 fp=0 fn=0 pred_pos=1.0000
  [val/session]
    session_026: n=60 acc=0.8500 err=9 tp=30 tn=21 fp=7 fn=2 pred_pos=0.6167
    session_046: n=62 acc=0.8871 err=7 tp=30 tn=25 fp=4 fn=3 pred_pos=0.5484
    session_011: n=42 acc=0.9048 err=4 tp=15 tn=23 fp=0 fn=4 pred_pos=0.3571
    session_016: n=48 acc=0.9583 err=2 tp=17 tn=29 fp=0 fn=2 pred_pos=0.3542
    session_036: n=59 acc=0.9831 err=1 tp=32 tn=26 fp=0 fn=1 pred_pos=0.5424
    session_021: n=62 acc=1.0000 err=0 tp=33 tn=29 fp=0 fn=0 pred_pos=0.5323
    session_041: n=60 acc=1.0000 err=0 tp=33 tn=27 fp=0 fn=0 pred_pos=0.5500
    session_031: n=57 acc=1.0000 err=0 tp=31 tn=26 fp=0 fn=0 pred_pos=0.5439
    session_006: n=50 acc=1.0000 err=0 tp=20 tn=30 fp=0 fn=0 pred_pos=0.4000
    session_001: n=48 acc=1.0000 err=0 tp=19 tn=29 fp=0 fn=0 pred_pos=0.3958
  [val/material]
    A4 paper: n=122 acc=0.9262 err=9 tp=63 tn=50 fp=7 fn=2 pred_pos=0.5738
    USB cable: n=122 acc=0.9426 err=7 tp=63 tn=52 fp=4 fn=3 pred_pos=0.5492
    plastic: n=188 acc=0.9681 err=6 tp=71 tn=111 fp=0 fn=6 pred_pos=0.3777
    soft foam earplug: n=116 acc=0.9914 err=1 tp=63 tn=52 fp=0 fn=1 pred_pos=0.5431
[INFO] epoch 25/40 started
  [train] batch 1/59 loss=0.0050 avg=0.0050 speed=0.29 batch/s
  [train] batch 20/59 loss=0.0014 avg=0.0296 speed=1.19 batch/s
  [train] batch 40/59 loss=0.0004 avg=0.0254 speed=1.21 batch/s
  [train] batch 59/59 loss=0.0075 avg=0.0187 speed=1.21 batch/s
[Epoch 025] loss=0.0187 window=8 train_acc=0.9984 train_balanced_acc=0.9984 val_acc=0.9599 balanced_acc=0.9596 smoothed_balanced_acc=0.9609 f1=0.9580 precision=0.9960 recall=0.9228 pred_pos=0.4599 mean_p=0.4560 mean_p_pos=0.9144 mean_p_neg=0.0042 tp=251 tn=275 fp=1 fn=21 lr=5.00e-04 time=109.4s
  [val/behavior]
    rotational sliding: n=136 acc=0.8456 err=21 tp=115 tn=0 fp=0 fn=21 pred_pos=0.8456
    continuous variable-force pressing: n=141 acc=0.9929 err=1 tp=0 tn=140 fp=1 fn=0 pred_pos=0.0071
    translational sliding: n=136 acc=1.0000 err=0 tp=136 tn=0 fp=0 fn=0 pred_pos=1.0000
    constant-force pressing: n=83 acc=1.0000 err=0 tp=0 tn=83 fp=0 fn=0 pred_pos=0.0000
    static no motion: n=29 acc=1.0000 err=0 tp=0 tn=29 fp=0 fn=0 pred_pos=0.0000
    diagonal constant-force pressing: n=23 acc=1.0000 err=0 tp=0 tn=23 fp=0 fn=0 pred_pos=0.0000
  [val/motion_type]
    rotation: n=136 acc=0.8456 err=21 tp=115 tn=0 fp=0 fn=21 pred_pos=0.8456
    non-slip: n=276 acc=0.9964 err=1 tp=0 tn=275 fp=1 fn=0 pred_pos=0.0036
    translation: n=136 acc=1.0000 err=0 tp=136 tn=0 fp=0 fn=0 pred_pos=1.0000
  [val/session]
    session_011: n=42 acc=0.7619 err=10 tp=9 tn=23 fp=0 fn=10 pred_pos=0.2143
    session_026: n=60 acc=0.8833 err=7 tp=26 tn=27 fp=1 fn=6 pred_pos=0.4500
    session_046: n=62 acc=0.9516 err=3 tp=30 tn=29 fp=0 fn=3 pred_pos=0.4839
    session_016: n=48 acc=0.9583 err=2 tp=17 tn=29 fp=0 fn=2 pred_pos=0.3542
    session_021: n=62 acc=1.0000 err=0 tp=33 tn=29 fp=0 fn=0 pred_pos=0.5323
    session_041: n=60 acc=1.0000 err=0 tp=33 tn=27 fp=0 fn=0 pred_pos=0.5500
    session_036: n=59 acc=1.0000 err=0 tp=33 tn=26 fp=0 fn=0 pred_pos=0.5593
    session_031: n=57 acc=1.0000 err=0 tp=31 tn=26 fp=0 fn=0 pred_pos=0.5439
    session_006: n=50 acc=1.0000 err=0 tp=20 tn=30 fp=0 fn=0 pred_pos=0.4000
    session_001: n=48 acc=1.0000 err=0 tp=19 tn=29 fp=0 fn=0 pred_pos=0.3958
  [val/material]
    plastic: n=188 acc=0.9362 err=12 tp=65 tn=111 fp=0 fn=12 pred_pos=0.3457
    A4 paper: n=122 acc=0.9426 err=7 tp=59 tn=56 fp=1 fn=6 pred_pos=0.4918
    USB cable: n=122 acc=0.9754 err=3 tp=63 tn=56 fp=0 fn=3 pred_pos=0.5164
    soft foam earplug: n=116 acc=1.0000 err=0 tp=64 tn=52 fp=0 fn=0 pred_pos=0.5517
[INFO] epoch 26/40 started
  [train] batch 1/59 loss=0.0019 avg=0.0019 speed=0.28 batch/s
  [train] batch 20/59 loss=0.0007 avg=0.0131 speed=1.24 batch/s
  [train] batch 40/59 loss=0.0130 avg=0.0115 speed=1.22 batch/s
  [train] batch 59/59 loss=0.0106 avg=0.0172 speed=1.18 batch/s
[Epoch 026] loss=0.0172 window=8 train_acc=0.9979 train_balanced_acc=0.9979 val_acc=0.9489 balanced_acc=0.9485 smoothed_balanced_acc=0.9554 f1=0.9457 precision=1.0000 recall=0.8971 pred_pos=0.4453 mean_p=0.4446 mean_p_pos=0.8950 mean_p_neg=0.0006 tp=244 tn=276 fp=0 fn=28 lr=5.00e-04 time=113.0s
  [val/behavior]
    rotational sliding: n=136 acc=0.8015 err=27 tp=109 tn=0 fp=0 fn=27 pred_pos=0.8015
    translational sliding: n=136 acc=0.9926 err=1 tp=135 tn=0 fp=0 fn=1 pred_pos=0.9926
    continuous variable-force pressing: n=141 acc=1.0000 err=0 tp=0 tn=141 fp=0 fn=0 pred_pos=0.0000
    constant-force pressing: n=83 acc=1.0000 err=0 tp=0 tn=83 fp=0 fn=0 pred_pos=0.0000
    static no motion: n=29 acc=1.0000 err=0 tp=0 tn=29 fp=0 fn=0 pred_pos=0.0000
    diagonal constant-force pressing: n=23 acc=1.0000 err=0 tp=0 tn=23 fp=0 fn=0 pred_pos=0.0000
  [val/motion_type]
    rotation: n=136 acc=0.8015 err=27 tp=109 tn=0 fp=0 fn=27 pred_pos=0.8015
    translation: n=136 acc=0.9926 err=1 tp=135 tn=0 fp=0 fn=1 pred_pos=0.9926
    non-slip: n=276 acc=1.0000 err=0 tp=0 tn=276 fp=0 fn=0 pred_pos=0.0000
  [val/session]
    session_026: n=60 acc=0.8167 err=11 tp=21 tn=28 fp=0 fn=11 pred_pos=0.3500
    session_011: n=42 acc=0.7619 err=10 tp=9 tn=23 fp=0 fn=10 pred_pos=0.2143
    session_046: n=62 acc=0.9516 err=3 tp=30 tn=29 fp=0 fn=3 pred_pos=0.4839
    session_016: n=48 acc=0.9375 err=3 tp=16 tn=29 fp=0 fn=3 pred_pos=0.3333
    session_041: n=60 acc=0.9833 err=1 tp=32 tn=27 fp=0 fn=1 pred_pos=0.5333
    session_021: n=62 acc=1.0000 err=0 tp=33 tn=29 fp=0 fn=0 pred_pos=0.5323
    session_036: n=59 acc=1.0000 err=0 tp=33 tn=26 fp=0 fn=0 pred_pos=0.5593
    session_031: n=57 acc=1.0000 err=0 tp=31 tn=26 fp=0 fn=0 pred_pos=0.5439
    session_006: n=50 acc=1.0000 err=0 tp=20 tn=30 fp=0 fn=0 pred_pos=0.4000
    session_001: n=48 acc=1.0000 err=0 tp=19 tn=29 fp=0 fn=0 pred_pos=0.3958
  [val/material]
    plastic: n=188 acc=0.9309 err=13 tp=64 tn=111 fp=0 fn=13 pred_pos=0.3404
    A4 paper: n=122 acc=0.9098 err=11 tp=54 tn=57 fp=0 fn=11 pred_pos=0.4426
    USB cable: n=122 acc=0.9672 err=4 tp=62 tn=56 fp=0 fn=4 pred_pos=0.5082
    soft foam earplug: n=116 acc=1.0000 err=0 tp=64 tn=52 fp=0 fn=0 pred_pos=0.5517
[INFO] epoch 27/40 started
  [train] batch 1/59 loss=0.0007 avg=0.0007 speed=0.27 batch/s
  [train] batch 20/59 loss=0.0349 avg=0.0055 speed=1.15 batch/s
  [train] batch 40/59 loss=0.0378 avg=0.0155 speed=1.17 batch/s
  [train] batch 59/59 loss=0.0001 avg=0.0115 speed=1.18 batch/s
[Epoch 027] loss=0.0115 window=8 train_acc=0.9973 train_balanced_acc=0.9974 val_acc=0.9763 balanced_acc=0.9763 smoothed_balanced_acc=0.9615 f1=0.9761 precision=0.9779 recall=0.9743 pred_pos=0.4945 mean_p=0.5001 mean_p_pos=0.9721 mean_p_neg=0.0349 tp=265 tn=270 fp=6 fn=7 lr=2.50e-04 time=111.1s
  [val/behavior]
    rotational sliding: n=136 acc=0.9485 err=7 tp=129 tn=0 fp=0 fn=7 pred_pos=0.9485
    continuous variable-force pressing: n=141 acc=0.9574 err=6 tp=0 tn=135 fp=6 fn=0 pred_pos=0.0426
    translational sliding: n=136 acc=1.0000 err=0 tp=136 tn=0 fp=0 fn=0 pred_pos=1.0000
    constant-force pressing: n=83 acc=1.0000 err=0 tp=0 tn=83 fp=0 fn=0 pred_pos=0.0000
    static no motion: n=29 acc=1.0000 err=0 tp=0 tn=29 fp=0 fn=0 pred_pos=0.0000
    diagonal constant-force pressing: n=23 acc=1.0000 err=0 tp=0 tn=23 fp=0 fn=0 pred_pos=0.0000
  [val/motion_type]
    rotation: n=136 acc=0.9485 err=7 tp=129 tn=0 fp=0 fn=7 pred_pos=0.9485
    non-slip: n=276 acc=0.9783 err=6 tp=0 tn=270 fp=6 fn=0 pred_pos=0.0217
    translation: n=136 acc=1.0000 err=0 tp=136 tn=0 fp=0 fn=0 pred_pos=1.0000
  [val/session]
    session_046: n=62 acc=0.9032 err=6 tp=31 tn=25 fp=4 fn=2 pred_pos=0.5645
    session_011: n=42 acc=0.9286 err=3 tp=16 tn=23 fp=0 fn=3 pred_pos=0.3810
    session_016: n=48 acc=0.9583 err=2 tp=17 tn=29 fp=0 fn=2 pred_pos=0.3542
    session_026: n=60 acc=0.9833 err=1 tp=32 tn=27 fp=1 fn=0 pred_pos=0.5500
    session_036: n=59 acc=0.9831 err=1 tp=33 tn=25 fp=1 fn=0 pred_pos=0.5763
    session_021: n=62 acc=1.0000 err=0 tp=33 tn=29 fp=0 fn=0 pred_pos=0.5323
    session_041: n=60 acc=1.0000 err=0 tp=33 tn=27 fp=0 fn=0 pred_pos=0.5500
    session_031: n=57 acc=1.0000 err=0 tp=31 tn=26 fp=0 fn=0 pred_pos=0.5439
    session_006: n=50 acc=1.0000 err=0 tp=20 tn=30 fp=0 fn=0 pred_pos=0.4000
    session_001: n=48 acc=1.0000 err=0 tp=19 tn=29 fp=0 fn=0 pred_pos=0.3958
  [val/material]
    USB cable: n=122 acc=0.9508 err=6 tp=64 tn=52 fp=4 fn=2 pred_pos=0.5574
    plastic: n=188 acc=0.9734 err=5 tp=72 tn=111 fp=0 fn=5 pred_pos=0.3830
    A4 paper: n=122 acc=0.9918 err=1 tp=65 tn=56 fp=1 fn=0 pred_pos=0.5410
    soft foam earplug: n=116 acc=0.9914 err=1 tp=64 tn=51 fp=1 fn=0 pred_pos=0.5603
[INFO] epoch 28/40 started
  [train] batch 1/59 loss=0.0016 avg=0.0016 speed=0.32 batch/s
  [train] batch 20/59 loss=0.0680 avg=0.0079 speed=1.28 batch/s
  [train] batch 40/59 loss=0.1036 avg=0.0101 speed=1.26 batch/s
  [train] batch 59/59 loss=0.0007 avg=0.0144 speed=1.23 batch/s
[Epoch 028] loss=0.0144 window=8 train_acc=0.9995 train_balanced_acc=0.9995 val_acc=0.9489 balanced_acc=0.9489 smoothed_balanced_acc=0.9579 f1=0.9483 precision=0.9519 recall=0.9449 pred_pos=0.4927 mean_p=0.4924 mean_p_pos=0.9409 mean_p_neg=0.0504 tp=257 tn=263 fp=13 fn=15 lr=2.50e-04 time=109.2s
  [val/behavior]
    rotational sliding: n=136 acc=0.8971 err=14 tp=122 tn=0 fp=0 fn=14 pred_pos=0.8971
    continuous variable-force pressing: n=141 acc=0.9078 err=13 tp=0 tn=128 fp=13 fn=0 pred_pos=0.0922
    translational sliding: n=136 acc=0.9926 err=1 tp=135 tn=0 fp=0 fn=1 pred_pos=0.9926
    constant-force pressing: n=83 acc=1.0000 err=0 tp=0 tn=83 fp=0 fn=0 pred_pos=0.0000
    static no motion: n=29 acc=1.0000 err=0 tp=0 tn=29 fp=0 fn=0 pred_pos=0.0000
    diagonal constant-force pressing: n=23 acc=1.0000 err=0 tp=0 tn=23 fp=0 fn=0 pred_pos=0.0000
  [val/motion_type]
    rotation: n=136 acc=0.8971 err=14 tp=122 tn=0 fp=0 fn=14 pred_pos=0.8971
    non-slip: n=276 acc=0.9529 err=13 tp=0 tn=263 fp=13 fn=0 pred_pos=0.0471
    translation: n=136 acc=0.9926 err=1 tp=135 tn=0 fp=0 fn=1 pred_pos=0.9926
  [val/session]
    session_046: n=62 acc=0.8226 err=11 tp=31 tn=20 fp=9 fn=2 pred_pos=0.6452
    session_026: n=60 acc=0.8833 err=7 tp=29 tn=24 fp=4 fn=3 pred_pos=0.5500
    session_011: n=42 acc=0.8571 err=6 tp=13 tn=23 fp=0 fn=6 pred_pos=0.3095
    session_016: n=48 acc=0.9583 err=2 tp=17 tn=29 fp=0 fn=2 pred_pos=0.3542
    session_041: n=60 acc=0.9833 err=1 tp=32 tn=27 fp=0 fn=1 pred_pos=0.5333
    session_036: n=59 acc=0.9831 err=1 tp=32 tn=26 fp=0 fn=1 pred_pos=0.5424
    session_021: n=62 acc=1.0000 err=0 tp=33 tn=29 fp=0 fn=0 pred_pos=0.5323
    session_031: n=57 acc=1.0000 err=0 tp=31 tn=26 fp=0 fn=0 pred_pos=0.5439
    session_006: n=50 acc=1.0000 err=0 tp=20 tn=30 fp=0 fn=0 pred_pos=0.4000
    session_001: n=48 acc=1.0000 err=0 tp=19 tn=29 fp=0 fn=0 pred_pos=0.3958
  [val/material]
    USB cable: n=122 acc=0.9016 err=12 tp=63 tn=47 fp=9 fn=3 pred_pos=0.5902
    plastic: n=188 acc=0.9574 err=8 tp=69 tn=111 fp=0 fn=8 pred_pos=0.3670
    A4 paper: n=122 acc=0.9426 err=7 tp=62 tn=53 fp=4 fn=3 pred_pos=0.5410
    soft foam earplug: n=116 acc=0.9914 err=1 tp=63 tn=52 fp=0 fn=1 pred_pos=0.5431
[INFO] epoch 29/40 started
  [train] batch 1/59 loss=0.0005 avg=0.0005 speed=0.28 batch/s
  [train] batch 20/59 loss=0.0003 avg=0.0146 speed=1.24 batch/s
  [train] batch 40/59 loss=0.0002 avg=0.0086 speed=1.20 batch/s
  [train] batch 59/59 loss=0.0061 avg=0.0075 speed=1.18 batch/s
[Epoch 029] loss=0.0075 window=8 train_acc=1.0000 train_balanced_acc=1.0000 val_acc=0.9617 balanced_acc=0.9616 smoothed_balanced_acc=0.9622 f1=0.9609 precision=0.9736 recall=0.9485 pred_pos=0.4836 mean_p=0.4862 mean_p_pos=0.9499 mean_p_neg=0.0293 tp=258 tn=269 fp=7 fn=14 lr=2.50e-04 time=113.6s
  [val/behavior]
    rotational sliding: n=136 acc=0.8971 err=14 tp=122 tn=0 fp=0 fn=14 pred_pos=0.8971
    continuous variable-force pressing: n=141 acc=0.9504 err=7 tp=0 tn=134 fp=7 fn=0 pred_pos=0.0496
    translational sliding: n=136 acc=1.0000 err=0 tp=136 tn=0 fp=0 fn=0 pred_pos=1.0000
    constant-force pressing: n=83 acc=1.0000 err=0 tp=0 tn=83 fp=0 fn=0 pred_pos=0.0000
    static no motion: n=29 acc=1.0000 err=0 tp=0 tn=29 fp=0 fn=0 pred_pos=0.0000
    diagonal constant-force pressing: n=23 acc=1.0000 err=0 tp=0 tn=23 fp=0 fn=0 pred_pos=0.0000
  [val/motion_type]
    rotation: n=136 acc=0.8971 err=14 tp=122 tn=0 fp=0 fn=14 pred_pos=0.8971
    non-slip: n=276 acc=0.9746 err=7 tp=0 tn=269 fp=7 fn=0 pred_pos=0.0254
    translation: n=136 acc=1.0000 err=0 tp=136 tn=0 fp=0 fn=0 pred_pos=1.0000
  [val/session]
    session_046: n=62 acc=0.8548 err=9 tp=30 tn=23 fp=6 fn=3 pred_pos=0.5806
    session_011: n=42 acc=0.8095 err=8 tp=11 tn=23 fp=0 fn=8 pred_pos=0.2619
    session_026: n=60 acc=0.9667 err=2 tp=31 tn=27 fp=1 fn=1 pred_pos=0.5333
    session_016: n=48 acc=0.9583 err=2 tp=17 tn=29 fp=0 fn=2 pred_pos=0.3542
    session_021: n=62 acc=1.0000 err=0 tp=33 tn=29 fp=0 fn=0 pred_pos=0.5323
    session_041: n=60 acc=1.0000 err=0 tp=33 tn=27 fp=0 fn=0 pred_pos=0.5500
    session_036: n=59 acc=1.0000 err=0 tp=33 tn=26 fp=0 fn=0 pred_pos=0.5593
    session_031: n=57 acc=1.0000 err=0 tp=31 tn=26 fp=0 fn=0 pred_pos=0.5439
    session_006: n=50 acc=1.0000 err=0 tp=20 tn=30 fp=0 fn=0 pred_pos=0.4000
    session_001: n=48 acc=1.0000 err=0 tp=19 tn=29 fp=0 fn=0 pred_pos=0.3958
  [val/material]
    plastic: n=188 acc=0.9468 err=10 tp=67 tn=111 fp=0 fn=10 pred_pos=0.3564
    USB cable: n=122 acc=0.9262 err=9 tp=63 tn=50 fp=6 fn=3 pred_pos=0.5656
    A4 paper: n=122 acc=0.9836 err=2 tp=64 tn=56 fp=1 fn=1 pred_pos=0.5328
    soft foam earplug: n=116 acc=1.0000 err=0 tp=64 tn=52 fp=0 fn=0 pred_pos=0.5517
[INFO] epoch 30/40 started
  [train] batch 1/59 loss=0.0036 avg=0.0036 speed=0.28 batch/s
  [train] batch 20/59 loss=0.0004 avg=0.0077 speed=1.18 batch/s
  [train] batch 40/59 loss=0.0011 avg=0.0048 speed=1.20 batch/s
  [train] batch 59/59 loss=0.0003 avg=0.0045 speed=1.18 batch/s
[Epoch 030] loss=0.0045 window=8 train_acc=1.0000 train_balanced_acc=1.0000 val_acc=0.9599 balanced_acc=0.9599 smoothed_balanced_acc=0.9568 f1=0.9597 precision=0.9562 recall=0.9632 pred_pos=0.5000 mean_p=0.5029 mean_p_pos=0.9611 mean_p_neg=0.0514 tp=262 tn=264 fp=12 fn=10 lr=2.50e-04 time=114.2s
  [val/behavior]
    continuous variable-force pressing: n=141 acc=0.9149 err=12 tp=0 tn=129 fp=12 fn=0 pred_pos=0.0851
    rotational sliding: n=136 acc=0.9265 err=10 tp=126 tn=0 fp=0 fn=10 pred_pos=0.9265
    translational sliding: n=136 acc=1.0000 err=0 tp=136 tn=0 fp=0 fn=0 pred_pos=1.0000
    constant-force pressing: n=83 acc=1.0000 err=0 tp=0 tn=83 fp=0 fn=0 pred_pos=0.0000
    static no motion: n=29 acc=1.0000 err=0 tp=0 tn=29 fp=0 fn=0 pred_pos=0.0000
    diagonal constant-force pressing: n=23 acc=1.0000 err=0 tp=0 tn=23 fp=0 fn=0 pred_pos=0.0000
  [val/motion_type]
    non-slip: n=276 acc=0.9565 err=12 tp=0 tn=264 fp=12 fn=0 pred_pos=0.0435
    rotation: n=136 acc=0.9265 err=10 tp=126 tn=0 fp=0 fn=10 pred_pos=0.9265
    translation: n=136 acc=1.0000 err=0 tp=136 tn=0 fp=0 fn=0 pred_pos=1.0000
  [val/session]
    session_046: n=62 acc=0.8387 err=10 tp=31 tn=21 fp=8 fn=2 pred_pos=0.6290
    session_026: n=60 acc=0.9000 err=6 tp=30 tn=24 fp=4 fn=2 pred_pos=0.5667
    session_011: n=42 acc=0.9048 err=4 tp=15 tn=23 fp=0 fn=4 pred_pos=0.3571
    session_016: n=48 acc=0.9583 err=2 tp=17 tn=29 fp=0 fn=2 pred_pos=0.3542
    session_021: n=62 acc=1.0000 err=0 tp=33 tn=29 fp=0 fn=0 pred_pos=0.5323
    session_041: n=60 acc=1.0000 err=0 tp=33 tn=27 fp=0 fn=0 pred_pos=0.5500
    session_036: n=59 acc=1.0000 err=0 tp=33 tn=26 fp=0 fn=0 pred_pos=0.5593
    session_031: n=57 acc=1.0000 err=0 tp=31 tn=26 fp=0 fn=0 pred_pos=0.5439
    session_006: n=50 acc=1.0000 err=0 tp=20 tn=30 fp=0 fn=0 pred_pos=0.4000
    session_001: n=48 acc=1.0000 err=0 tp=19 tn=29 fp=0 fn=0 pred_pos=0.3958
  [val/material]
    USB cable: n=122 acc=0.9180 err=10 tp=64 tn=48 fp=8 fn=2 pred_pos=0.5902
    plastic: n=188 acc=0.9681 err=6 tp=71 tn=111 fp=0 fn=6 pred_pos=0.3777
    A4 paper: n=122 acc=0.9508 err=6 tp=63 tn=53 fp=4 fn=2 pred_pos=0.5492
    soft foam earplug: n=116 acc=1.0000 err=0 tp=64 tn=52 fp=0 fn=0 pred_pos=0.5517
[INFO] epoch 31/40 started
  [train] batch 1/59 loss=0.0001 avg=0.0001 speed=0.26 batch/s
  [train] batch 20/59 loss=0.0000 avg=0.0028 speed=1.15 batch/s
  [train] batch 40/59 loss=0.2319 avg=0.0104 speed=1.16 batch/s
  [train] batch 59/59 loss=0.0002 avg=0.0101 speed=1.15 batch/s
[Epoch 031] loss=0.0101 window=8 train_acc=0.9995 train_balanced_acc=0.9995 val_acc=0.9635 balanced_acc=0.9633 smoothed_balanced_acc=0.9616 f1=0.9620 precision=0.9961 recall=0.9301 pred_pos=0.4635 mean_p=0.4611 mean_p_pos=0.9238 mean_p_neg=0.0052 tp=253 tn=275 fp=1 fn=19 lr=1.25e-04 time=112.8s
  [val/behavior]
    rotational sliding: n=136 acc=0.8750 err=17 tp=119 tn=0 fp=0 fn=17 pred_pos=0.8750
    translational sliding: n=136 acc=0.9853 err=2 tp=134 tn=0 fp=0 fn=2 pred_pos=0.9853
    continuous variable-force pressing: n=141 acc=0.9929 err=1 tp=0 tn=140 fp=1 fn=0 pred_pos=0.0071
    constant-force pressing: n=83 acc=1.0000 err=0 tp=0 tn=83 fp=0 fn=0 pred_pos=0.0000
    static no motion: n=29 acc=1.0000 err=0 tp=0 tn=29 fp=0 fn=0 pred_pos=0.0000
    diagonal constant-force pressing: n=23 acc=1.0000 err=0 tp=0 tn=23 fp=0 fn=0 pred_pos=0.0000
  [val/motion_type]
    rotation: n=136 acc=0.8750 err=17 tp=119 tn=0 fp=0 fn=17 pred_pos=0.8750
    translation: n=136 acc=0.9853 err=2 tp=134 tn=0 fp=0 fn=2 pred_pos=0.9853
    non-slip: n=276 acc=0.9964 err=1 tp=0 tn=275 fp=1 fn=0 pred_pos=0.0036
  [val/session]
    session_011: n=42 acc=0.7619 err=10 tp=9 tn=23 fp=0 fn=10 pred_pos=0.2143
    session_046: n=62 acc=0.9355 err=4 tp=30 tn=28 fp=1 fn=3 pred_pos=0.5000
    session_041: n=60 acc=0.9667 err=2 tp=31 tn=27 fp=0 fn=2 pred_pos=0.5167
    session_026: n=60 acc=0.9667 err=2 tp=30 tn=28 fp=0 fn=2 pred_pos=0.5000
    session_016: n=48 acc=0.9583 err=2 tp=17 tn=29 fp=0 fn=2 pred_pos=0.3542
    session_021: n=62 acc=1.0000 err=0 tp=33 tn=29 fp=0 fn=0 pred_pos=0.5323
    session_036: n=59 acc=1.0000 err=0 tp=33 tn=26 fp=0 fn=0 pred_pos=0.5593
    session_031: n=57 acc=1.0000 err=0 tp=31 tn=26 fp=0 fn=0 pred_pos=0.5439
    session_006: n=50 acc=1.0000 err=0 tp=20 tn=30 fp=0 fn=0 pred_pos=0.4000
    session_001: n=48 acc=1.0000 err=0 tp=19 tn=29 fp=0 fn=0 pred_pos=0.3958
  [val/material]
    plastic: n=188 acc=0.9362 err=12 tp=65 tn=111 fp=0 fn=12 pred_pos=0.3457
    USB cable: n=122 acc=0.9508 err=6 tp=61 tn=55 fp=1 fn=5 pred_pos=0.5082
    A4 paper: n=122 acc=0.9836 err=2 tp=63 tn=57 fp=0 fn=2 pred_pos=0.5164
    soft foam earplug: n=116 acc=1.0000 err=0 tp=64 tn=52 fp=0 fn=0 pred_pos=0.5517
[EARLY-STOP] no smoothed_balanced_acc improvement for 8 epochs, stopping at epoch 31
